warning: `VIRTUAL_ENV=.venv` does not match the project environment path `tribble-fis\.venv` and will be ignored; use `--active` to target the active environment instead
  [table-4-8] fitting Glass (classification, 10 seeds x 14 tolerances)...
  [table-4-8] fitting Wine (classification, 10 seeds x 14 tolerances)...

Features Ranked by Differentiation Strength:
================================================================================
 1. flavanoids                     - Score: 1.0000
 2. od280/od315_of_diluted_wines   - Score: 0.7798
 3. proline                        - Score: 0.6676
 4. hue                            - Score: 0.5575
 5. total_phenols                  - Score: 0.5545
 6. alcohol                        - Score: 0.5145
 7. color_intensity                - Score: 0.4922
 8. nonflavanoid_phenols           - Score: 0.3094
 9. proanthocyanins                - Score: 0.3044
10. malic_acid                     - Score: 0.2985
11. alcalinity_of_ash              - Score: 0.2781
12. magnesium                      - Score: 0.2256
13. ash                            - Score: 0.1417
================================================================================

Features Ranked by Differentiation Strength:
================================================================================
 1. flavanoids                     - Score: 1.0000
 2. od280/od315_of_diluted_wines   - Score: 0.8078
 3. proline                        - Score: 0.6746
 4. total_phenols                  - Score: 0.5946
 5. alcohol                        - Score: 0.5746
 6. color_intensity                - Score: 0.5684
 7. hue                            - Score: 0.5652
 8. proanthocyanins                - Score: 0.3559
 9. malic_acid                     - Score: 0.3517
10. alcalinity_of_ash              - Score: 0.3186
11. nonflavanoid_phenols           - Score: 0.2849
12. magnesium                      - Score: 0.2172
13. ash                            - Score: 0.1620
================================================================================

Features Ranked by Differentiation Strength:
================================================================================
 1. flavanoids                     - Score: 1.0000
 2. od280/od315_of_diluted_wines   - Score: 0.7596
 3. proline                        - Score: 0.6245
 4. total_phenols                  - Score: 0.5742
 5. hue                            - Score: 0.5557
 6. alcohol                        - Score: 0.5170
 7. color_intensity                - Score: 0.5075
 8. proanthocyanins                - Score: 0.3187
 9. alcalinity_of_ash              - Score: 0.2784
10. malic_acid                     - Score: 0.2739
11. nonflavanoid_phenols           - Score: 0.2620
12. magnesium                      - Score: 0.2386
13. ash                            - Score: 0.1629
================================================================================

Features Ranked by Differentiation Strength:
================================================================================
 1. flavanoids                     - Score: 1.0000
 2. od280/od315_of_diluted_wines   - Score: 0.7530
 3. proline                        - Score: 0.6942
 4. hue                            - Score: 0.6264
 5. total_phenols                  - Score: 0.5330
 6. color_intensity                - Score: 0.5075
 7. alcohol                        - Score: 0.4994
 8. malic_acid                     - Score: 0.3210
 9. alcalinity_of_ash              - Score: 0.2972
10. proanthocyanins                - Score: 0.2838
11. nonflavanoid_phenols           - Score: 0.2411
12. magnesium                      - Score: 0.2402
13. ash                            - Score: 0.2043
================================================================================

Features Ranked by Differentiation Strength:
================================================================================
 1. flavanoids                     - Score: 1.0000
 2. od280/od315_of_diluted_wines   - Score: 0.8322
 3. proline                        - Score: 0.6364
 4. hue                            - Score: 0.6068
 5. total_phenols                  - Score: 0.5921
 6. color_intensity                - Score: 0.5732
 7. alcohol                        - Score: 0.5231
 8. proanthocyanins                - Score: 0.3896
 9. malic_acid                     - Score: 0.3690
10. alcalinity_of_ash              - Score: 0.2940
11. nonflavanoid_phenols           - Score: 0.2843
12. magnesium                      - Score: 0.2172
13. ash                            - Score: 0.2047
================================================================================

Features Ranked by Differentiation Strength:
================================================================================
 1. flavanoids                     - Score: 1.0000
 2. od280/od315_of_diluted_wines   - Score: 0.8521
 3. proline                        - Score: 0.6292
 4. alcohol                        - Score: 0.6088
 5. hue                            - Score: 0.5931
 6. color_intensity                - Score: 0.5711
 7. total_phenols                  - Score: 0.5555
 8. proanthocyanins                - Score: 0.3079
 9. malic_acid                     - Score: 0.3042
10. alcalinity_of_ash              - Score: 0.3017
11. nonflavanoid_phenols           - Score: 0.2960
12. magnesium                      - Score: 0.2070
13. ash                            - Score: 0.1772
================================================================================

Features Ranked by Differentiation Strength:
================================================================================
 1. flavanoids                     - Score: 1.0000
 2. od280/od315_of_diluted_wines   - Score: 0.8251
 3. proline                        - Score: 0.7220
 4. alcohol                        - Score: 0.6271
 5. hue                            - Score: 0.6258
 6. total_phenols                  - Score: 0.5847
 7. color_intensity                - Score: 0.5628
 8. alcalinity_of_ash              - Score: 0.3843
 9. proanthocyanins                - Score: 0.3824
10. nonflavanoid_phenols           - Score: 0.3274
11. malic_acid                     - Score: 0.3057
12. magnesium                      - Score: 0.2347
13. ash                            - Score: 0.2242
================================================================================

Features Ranked by Differentiation Strength:
================================================================================
 1. flavanoids                     - Score: 1.0000
 2. od280/od315_of_diluted_wines   - Score: 0.7975
 3. proline                        - Score: 0.7033
 4. total_phenols                  - Score: 0.6854
 5. hue                            - Score: 0.6340
 6. alcohol                        - Score: 0.5888
 7. color_intensity                - Score: 0.5788
 8. proanthocyanins                - Score: 0.3992
 9. malic_acid                     - Score: 0.3490
10. alcalinity_of_ash              - Score: 0.3420
11. nonflavanoid_phenols           - Score: 0.2550
12. magnesium                      - Score: 0.2035
13. ash                            - Score: 0.1650
================================================================================

Features Ranked by Differentiation Strength:
================================================================================
 1. flavanoids                     - Score: 1.0000
 2. od280/od315_of_diluted_wines   - Score: 0.8128
 3. proline                        - Score: 0.6938
 4. hue                            - Score: 0.6578
 5. alcohol                        - Score: 0.6050
 6. total_phenols                  - Score: 0.5872
 7. color_intensity                - Score: 0.5696
 8. malic_acid                     - Score: 0.3574
 9. proanthocyanins                - Score: 0.3203
10. alcalinity_of_ash              - Score: 0.3037
11. nonflavanoid_phenols           - Score: 0.2835
12. magnesium                      - Score: 0.2313
13. ash                            - Score: 0.1839
================================================================================

Features Ranked by Differentiation Strength:
================================================================================
 1. flavanoids                     - Score: 1.0000
 2. od280/od315_of_diluted_wines   - Score: 0.7180
 3. proline                        - Score: 0.6304
 4. hue                            - Score: 0.5440
 5. color_intensity                - Score: 0.5283
 6. total_phenols                  - Score: 0.5109
 7. alcohol                        - Score: 0.4858
 8. alcalinity_of_ash              - Score: 0.3112
 9. proanthocyanins                - Score: 0.2914
10. nonflavanoid_phenols           - Score: 0.2870
11. malic_acid                     - Score: 0.2793
12. magnesium                      - Score: 0.2409
13. ash                            - Score: 0.1869
================================================================================
  [table-4-8] fitting BreastCancer (classification, 10 seeds x 14 tolerances)...

Features Ranked by Differentiation Strength:
================================================================================
 1. worst concave points           - Score: 1.0000
 2. mean concave points            - Score: 0.8992
 3. worst perimeter                - Score: 0.8911
 4. worst radius                   - Score: 0.8722
 5. mean perimeter                 - Score: 0.8033
 6. mean radius                    - Score: 0.7761
 7. mean concavity                 - Score: 0.7543
 8. worst area                     - Score: 0.7268
 9. mean area                      - Score: 0.6923
10. worst concavity                - Score: 0.6713
11. mean compactness               - Score: 0.5604
12. worst compactness              - Score: 0.5284
13. radius error                   - Score: 0.4652
14. perimeter error                - Score: 0.4462
15. area error                     - Score: 0.4144
16. concave points error           - Score: 0.3811
17. worst texture                  - Score: 0.3679
18. worst smoothness               - Score: 0.3335
19. mean texture                   - Score: 0.3207
20. mean smoothness                - Score: 0.3180
21. worst symmetry                 - Score: 0.3080
22. concavity error                - Score: 0.2801
23. mean symmetry                  - Score: 0.2749
24. compactness error              - Score: 0.2581
25. worst fractal dimension        - Score: 0.2506
26. fractal dimension error        - Score: 0.1289
27. symmetry error                 - Score: 0.0798
28. mean fractal dimension         - Score: 0.0765
29. smoothness error               - Score: 0.0724
30. texture error                  - Score: 0.0536
================================================================================

Features Ranked by Differentiation Strength:
================================================================================
 1. worst concave points           - Score: 1.0000
 2. mean concave points            - Score: 0.8776
 3. worst perimeter                - Score: 0.8764
 4. worst radius                   - Score: 0.8595
 5. mean perimeter                 - Score: 0.7828
 6. mean radius                    - Score: 0.7572
 7. mean concavity                 - Score: 0.7425
 8. worst area                     - Score: 0.7207
 9. worst concavity                - Score: 0.7165
10. mean area                      - Score: 0.6763
11. mean compactness               - Score: 0.5951
12. worst compactness              - Score: 0.5846
13. radius error                   - Score: 0.4575
14. perimeter error                - Score: 0.4431
15. area error                     - Score: 0.4138
16. worst texture                  - Score: 0.3987
17. worst smoothness               - Score: 0.3841
18. worst symmetry                 - Score: 0.3778
19. concave points error           - Score: 0.3708
20. mean texture                   - Score: 0.3334
21. mean smoothness                - Score: 0.3230
22. mean symmetry                  - Score: 0.3132
23. worst fractal dimension        - Score: 0.2963
24. concavity error                - Score: 0.2724
25. compactness error              - Score: 0.2629
26. fractal dimension error        - Score: 0.1257
27. symmetry error                 - Score: 0.1002
28. mean fractal dimension         - Score: 0.0862
29. smoothness error               - Score: 0.0859
30. texture error                  - Score: 0.0696
================================================================================

Features Ranked by Differentiation Strength:
================================================================================
 1. worst concave points           - Score: 1.0000
 2. worst perimeter                - Score: 0.9079
 3. worst radius                   - Score: 0.8950
 4. mean concave points            - Score: 0.8891
 5. mean perimeter                 - Score: 0.8331
 6. mean radius                    - Score: 0.8059
 7. worst area                     - Score: 0.7556
 8. mean area                      - Score: 0.7339
 9. mean concavity                 - Score: 0.7097
10. worst concavity                - Score: 0.6587
11. radius error                   - Score: 0.5335
12. mean compactness               - Score: 0.5153
13. worst compactness              - Score: 0.5118
14. perimeter error                - Score: 0.5098
15. area error                     - Score: 0.4922
16. worst texture                  - Score: 0.4022
17. worst smoothness               - Score: 0.3532
18. concave points error           - Score: 0.3510
19. mean texture                   - Score: 0.3420
20. worst symmetry                 - Score: 0.3266
21. mean smoothness                - Score: 0.2967
22. mean symmetry                  - Score: 0.2408
23. worst fractal dimension        - Score: 0.2325
24. concavity error                - Score: 0.2299
25. compactness error              - Score: 0.2175
26. fractal dimension error        - Score: 0.1015
27. mean fractal dimension         - Score: 0.0884
28. smoothness error               - Score: 0.0839
29. symmetry error                 - Score: 0.0767
30. texture error                  - Score: 0.0598
================================================================================

Features Ranked by Differentiation Strength:
================================================================================
 1. worst concave points           - Score: 1.0000
 2. worst perimeter                - Score: 0.9264
 3. worst radius                   - Score: 0.9141
 4. mean concave points            - Score: 0.8662
 5. mean perimeter                 - Score: 0.8436
 6. mean radius                    - Score: 0.8205
 7. worst area                     - Score: 0.7645
 8. mean area                      - Score: 0.7420
 9. mean concavity                 - Score: 0.7084
10. worst concavity                - Score: 0.6777
11. mean compactness               - Score: 0.5395
12. worst compactness              - Score: 0.5394
13. radius error                   - Score: 0.5119
14. perimeter error                - Score: 0.5009
15. area error                     - Score: 0.4799
16. worst texture                  - Score: 0.4468
17. mean texture                   - Score: 0.4104
18. concave points error           - Score: 0.3851
19. worst smoothness               - Score: 0.3521
20. worst symmetry                 - Score: 0.3184
21. mean smoothness                - Score: 0.2835
22. concavity error                - Score: 0.2680
23. mean symmetry                  - Score: 0.2636
24. compactness error              - Score: 0.2511
25. worst fractal dimension        - Score: 0.2362
26. fractal dimension error        - Score: 0.0980
27. symmetry error                 - Score: 0.0941
28. smoothness error               - Score: 0.0815
29. mean fractal dimension         - Score: 0.0610
30. texture error                  - Score: 0.0603
================================================================================

Features Ranked by Differentiation Strength:
================================================================================
 1. worst concave points           - Score: 1.0000
 2. worst perimeter                - Score: 0.9281
 3. mean concave points            - Score: 0.9103
 4. worst radius                   - Score: 0.9058
 5. mean perimeter                 - Score: 0.8207
 6. mean radius                    - Score: 0.7944
 7. worst area                     - Score: 0.7574
 8. mean concavity                 - Score: 0.7431
 9. mean area                      - Score: 0.7115
10. worst concavity                - Score: 0.6780
11. mean compactness               - Score: 0.5718
12. worst compactness              - Score: 0.5365
13. radius error                   - Score: 0.4916
14. perimeter error                - Score: 0.4724
15. area error                     - Score: 0.4378
16. worst smoothness               - Score: 0.3863
17. worst texture                  - Score: 0.3836
18. concave points error           - Score: 0.3692
19. worst symmetry                 - Score: 0.3521
20. mean texture                   - Score: 0.3507
21. mean smoothness                - Score: 0.3231
22. mean symmetry                  - Score: 0.2939
23. concavity error                - Score: 0.2857
24. worst fractal dimension        - Score: 0.2553
25. compactness error              - Score: 0.2450
26. fractal dimension error        - Score: 0.1070
27. symmetry error                 - Score: 0.0937
28. texture error                  - Score: 0.0825
29. smoothness error               - Score: 0.0824
30. mean fractal dimension         - Score: 0.0760
================================================================================

Features Ranked by Differentiation Strength:
================================================================================
 1. worst concave points           - Score: 1.0000
 2. worst perimeter                - Score: 0.9288
 3. worst radius                   - Score: 0.9161
 4. mean concave points            - Score: 0.9039
 5. mean perimeter                 - Score: 0.8510
 6. mean radius                    - Score: 0.8262
 7. worst area                     - Score: 0.7672
 8. mean area                      - Score: 0.7566
 9. mean concavity                 - Score: 0.7153
10. worst concavity                - Score: 0.6626
11. mean compactness               - Score: 0.5457
12. radius error                   - Score: 0.5304
13. worst compactness              - Score: 0.5182
14. perimeter error                - Score: 0.5143
15. area error                     - Score: 0.4954
16. worst texture                  - Score: 0.4554
17. mean texture                   - Score: 0.4068
18. worst smoothness               - Score: 0.3867
19. mean smoothness                - Score: 0.3298
20. concave points error           - Score: 0.3214
21. worst symmetry                 - Score: 0.3126
22. mean symmetry                  - Score: 0.2569
23. worst fractal dimension        - Score: 0.2306
24. concavity error                - Score: 0.2207
25. compactness error              - Score: 0.1969
26. symmetry error                 - Score: 0.1205
27. fractal dimension error        - Score: 0.0936
28. smoothness error               - Score: 0.0891
29. mean fractal dimension         - Score: 0.0863
30. texture error                  - Score: 0.0628
================================================================================

Features Ranked by Differentiation Strength:
================================================================================
 1. worst concave points           - Score: 1.0000
 2. worst perimeter                - Score: 0.9120
 3. worst radius                   - Score: 0.8998
 4. mean concave points            - Score: 0.8681
 5. mean perimeter                 - Score: 0.8360
 6. mean radius                    - Score: 0.8088
 7. worst area                     - Score: 0.7529
 8. mean area                      - Score: 0.7309
 9. mean concavity                 - Score: 0.6947
10. worst concavity                - Score: 0.6662
11. worst compactness              - Score: 0.5517
12. mean compactness               - Score: 0.5516
13. radius error                   - Score: 0.5091
14. perimeter error                - Score: 0.4967
15. area error                     - Score: 0.4800
16. worst texture                  - Score: 0.4062
17. worst smoothness               - Score: 0.3858
18. mean texture                   - Score: 0.3677
19. concave points error           - Score: 0.3556
20. worst symmetry                 - Score: 0.3370
21. mean smoothness                - Score: 0.3138
22. mean symmetry                  - Score: 0.2675
23. worst fractal dimension        - Score: 0.2576
24. concavity error                - Score: 0.2411
25. compactness error              - Score: 0.2342
26. fractal dimension error        - Score: 0.1141
27. symmetry error                 - Score: 0.1015
28. smoothness error               - Score: 0.0871
29. texture error                  - Score: 0.0679
30. mean fractal dimension         - Score: 0.0667
================================================================================

Features Ranked by Differentiation Strength:
================================================================================
 1. worst concave points           - Score: 1.0000
 2. mean concave points            - Score: 0.9213
 3. worst perimeter                - Score: 0.8770
 4. worst radius                   - Score: 0.8505
 5. mean perimeter                 - Score: 0.7977
 6. mean concavity                 - Score: 0.7720
 7. mean radius                    - Score: 0.7602
 8. worst area                     - Score: 0.7107
 9. mean area                      - Score: 0.7050
10. worst concavity                - Score: 0.6830
11. mean compactness               - Score: 0.5547
12. worst compactness              - Score: 0.5286
13. radius error                   - Score: 0.4985
14. perimeter error                - Score: 0.4815
15. area error                     - Score: 0.4532
16. worst texture                  - Score: 0.4125
17. mean texture                   - Score: 0.3615
18. worst symmetry                 - Score: 0.3603
19. concave points error           - Score: 0.3482
20. worst smoothness               - Score: 0.3379
21. concavity error                - Score: 0.3016
22. mean symmetry                  - Score: 0.2782
23. mean smoothness                - Score: 0.2731
24. worst fractal dimension        - Score: 0.2619
25. compactness error              - Score: 0.2354
26. fractal dimension error        - Score: 0.1134
27. smoothness error               - Score: 0.1055
28. mean fractal dimension         - Score: 0.0842
29. symmetry error                 - Score: 0.0787
30. texture error                  - Score: 0.0545
================================================================================

Features Ranked by Differentiation Strength:
================================================================================
 1. worst concave points           - Score: 1.0000
 2. worst perimeter                - Score: 0.9213
 3. worst radius                   - Score: 0.9179
 4. mean concave points            - Score: 0.8927
 5. mean perimeter                 - Score: 0.8153
 6. mean radius                    - Score: 0.7917
 7. worst area                     - Score: 0.7731
 8. mean concavity                 - Score: 0.7377
 9. mean area                      - Score: 0.7087
10. worst concavity                - Score: 0.6821
11. mean compactness               - Score: 0.5673
12. worst compactness              - Score: 0.5494
13. radius error                   - Score: 0.4884
14. perimeter error                - Score: 0.4643
15. area error                     - Score: 0.4389
16. worst texture                  - Score: 0.4288
17. mean texture                   - Score: 0.3870
18. concave points error           - Score: 0.3699
19. worst smoothness               - Score: 0.3559
20. mean smoothness                - Score: 0.3454
21. worst symmetry                 - Score: 0.3321
22. mean symmetry                  - Score: 0.2759
23. concavity error                - Score: 0.2729
24. worst fractal dimension        - Score: 0.2723
25. compactness error              - Score: 0.2384
26. fractal dimension error        - Score: 0.1147
27. symmetry error                 - Score: 0.1043
28. smoothness error               - Score: 0.0935
29. texture error                  - Score: 0.0702
30. mean fractal dimension         - Score: 0.0663
================================================================================

Features Ranked by Differentiation Strength:
================================================================================
 1. worst concave points           - Score: 1.0000
 2. worst perimeter                - Score: 0.9650
 3. worst radius                   - Score: 0.9378
 4. mean concave points            - Score: 0.9028
 5. mean perimeter                 - Score: 0.8395
 6. mean radius                    - Score: 0.8069
 7. worst area                     - Score: 0.8028
 8. mean area                      - Score: 0.7387
 9. mean concavity                 - Score: 0.7042
10. worst concavity                - Score: 0.6502
11. mean compactness               - Score: 0.5430
12. worst compactness              - Score: 0.5232
13. radius error                   - Score: 0.4896
14. area error                     - Score: 0.4733
15. perimeter error                - Score: 0.4715
16. worst texture                  - Score: 0.4263
17. worst smoothness               - Score: 0.3734
18. mean texture                   - Score: 0.3657
19. worst symmetry                 - Score: 0.3644
20. concave points error           - Score: 0.3182
21. mean smoothness                - Score: 0.3095
22. mean symmetry                  - Score: 0.2870
23. worst fractal dimension        - Score: 0.2517
24. concavity error                - Score: 0.2270
25. compactness error              - Score: 0.2230
26. fractal dimension error        - Score: 0.1051
27. smoothness error               - Score: 0.0905
28. symmetry error                 - Score: 0.0898
29. mean fractal dimension         - Score: 0.0821
30. texture error                  - Score: 0.0681
================================================================================
  [table-4-8] fitting Digits (classification, 10 seeds x 14 tolerances)...

Features Ranked by Differentiation Strength:
================================================================================
 1. px42                           - Score: 1.0000
 2. px34                           - Score: 0.9917
 3. px26                           - Score: 0.9627
 4. px21                           - Score: 0.9131
 5. px28                           - Score: 0.8573
 6. px36                           - Score: 0.8287
 7. px43                           - Score: 0.7999
 8. px33                           - Score: 0.7954
 9. px61                           - Score: 0.7753
10. px20                           - Score: 0.7567
11. px58                           - Score: 0.7029
12. px44                           - Score: 0.7022
13. px13                           - Score: 0.7003
14. px10                           - Score: 0.6945
15. px30                           - Score: 0.6930
16. px53                           - Score: 0.6897
17. px2                            - Score: 0.6788
18. px35                           - Score: 0.6725
19. px38                           - Score: 0.6695
20. px54                           - Score: 0.6479
21. px19                           - Score: 0.6431
22. px27                           - Score: 0.6283
23. px29                           - Score: 0.6239
24. px60                           - Score: 0.6132
25. px46                           - Score: 0.6130
26. px18                           - Score: 0.5995
27. px5                            - Score: 0.5882
28. px50                           - Score: 0.5828
29. px37                           - Score: 0.5689
30. px25                           - Score: 0.5424
31. px51                           - Score: 0.5278
32. px52                           - Score: 0.4968
33. px45                           - Score: 0.4900
34. px9                            - Score: 0.4854
35. px62                           - Score: 0.4574
36. px59                           - Score: 0.4477
37. px41                           - Score: 0.4453
38. px17                           - Score: 0.4158
39. px22                           - Score: 0.4147
40. px3                            - Score: 0.4126
41. px6                            - Score: 0.3618
42. px12                           - Score: 0.3560
43. px11                           - Score: 0.3426
44. px4                            - Score: 0.3261
45. px14                           - Score: 0.3032
46. px1                            - Score: 0.2718
47. px57                           - Score: 0.2501
48. px49                           - Score: 0.2090
49. px55                           - Score: 0.1782
50. px63                           - Score: 0.1746
51. px15                           - Score: 0.1094
52. px7                            - Score: 0.0987
53. px23                           - Score: 0.0842
54. px47                           - Score: 0.0655
55. px8                            - Score: 0.0451
56. px48                           - Score: 0.0321
57. px40                           - Score: 0.0271
58. px16                           - Score: 0.0257
59. px31                           - Score: 0.0248
60. px56                           - Score: 0.0144
61. px0                            - Score: 0.0000
62. px24                           - Score: 0.0000
63. px32                           - Score: 0.0000
64. px39                           - Score: 0.0000
================================================================================

Features Ranked by Differentiation Strength:
================================================================================
 1. px42                           - Score: 1.0000
 2. px34                           - Score: 0.9606
 3. px21                           - Score: 0.9410
 4. px26                           - Score: 0.9089
 5. px28                           - Score: 0.8311
 6. px36                           - Score: 0.8195
 7. px20                           - Score: 0.7966
 8. px43                           - Score: 0.7959
 9. px33                           - Score: 0.7910
10. px61                           - Score: 0.7603
11. px10                           - Score: 0.7168
12. px44                           - Score: 0.7105
13. px13                           - Score: 0.7059
14. px58                           - Score: 0.6953
15. px30                           - Score: 0.6943
16. px2                            - Score: 0.6837
17. px27                           - Score: 0.6725
18. px38                           - Score: 0.6616
19. px53                           - Score: 0.6583
20. px35                           - Score: 0.6541
21. px19                           - Score: 0.6473
22. px54                           - Score: 0.6394
23. px46                           - Score: 0.6306
24. px29                           - Score: 0.5994
25. px60                           - Score: 0.5966
26. px18                           - Score: 0.5914
27. px50                           - Score: 0.5854
28. px5                            - Score: 0.5703
29. px37                           - Score: 0.5677
30. px51                           - Score: 0.5224
31. px25                           - Score: 0.5119
32. px52                           - Score: 0.4920
33. px9                            - Score: 0.4856
34. px45                           - Score: 0.4839
35. px41                           - Score: 0.4760
36. px59                           - Score: 0.4650
37. px62                           - Score: 0.4398
38. px3                            - Score: 0.4162
39. px22                           - Score: 0.4099
40. px17                           - Score: 0.3830
41. px6                            - Score: 0.3668
42. px12                           - Score: 0.3563
43. px4                            - Score: 0.3409
44. px11                           - Score: 0.3348
45. px14                           - Score: 0.2935
46. px1                            - Score: 0.2834
47. px57                           - Score: 0.2680
48. px49                           - Score: 0.2227
49. px55                           - Score: 0.1851
50. px63                           - Score: 0.1688
51. px15                           - Score: 0.1197
52. px7                            - Score: 0.1142
53. px23                           - Score: 0.0927
54. px47                           - Score: 0.0607
55. px8                            - Score: 0.0516
56. px40                           - Score: 0.0357
57. px16                           - Score: 0.0349
58. px48                           - Score: 0.0296
59. px24                           - Score: 0.0252
60. px31                           - Score: 0.0248
61. px56                           - Score: 0.0143
62. px0                            - Score: 0.0000
63. px32                           - Score: 0.0000
64. px39                           - Score: 0.0000
================================================================================

Features Ranked by Differentiation Strength:
================================================================================
 1. px42                           - Score: 1.0000
 2. px34                           - Score: 0.9933
 3. px21                           - Score: 0.9921
 4. px26                           - Score: 0.9671
 5. px28                           - Score: 0.8930
 6. px43                           - Score: 0.8411
 7. px36                           - Score: 0.8399
 8. px20                           - Score: 0.8308
 9. px61                           - Score: 0.8304
10. px33                           - Score: 0.8233
11. px13                           - Score: 0.7387
12. px10                           - Score: 0.7278
13. px58                           - Score: 0.7233
14. px44                           - Score: 0.7217
15. px30                           - Score: 0.7208
16. px53                           - Score: 0.7145
17. px2                            - Score: 0.7116
18. px38                           - Score: 0.6862
19. px35                           - Score: 0.6724
20. px29                           - Score: 0.6703
21. px54                           - Score: 0.6660
22. px27                           - Score: 0.6525
23. px60                           - Score: 0.6520
24. px46                           - Score: 0.6497
25. px19                           - Score: 0.6479
26. px18                           - Score: 0.6121
27. px50                           - Score: 0.6111
28. px5                            - Score: 0.5966
29. px37                           - Score: 0.5916
30. px51                           - Score: 0.5370
31. px25                           - Score: 0.5308
32. px9                            - Score: 0.5277
33. px45                           - Score: 0.5193
34. px52                           - Score: 0.5033
35. px62                           - Score: 0.4831
36. px41                           - Score: 0.4542
37. px59                           - Score: 0.4426
38. px22                           - Score: 0.4319
39. px17                           - Score: 0.4065
40. px3                            - Score: 0.4056
41. px12                           - Score: 0.3870
42. px6                            - Score: 0.3801
43. px11                           - Score: 0.3602
44. px4                            - Score: 0.3352
45. px14                           - Score: 0.3096
46. px1                            - Score: 0.3033
47. px57                           - Score: 0.2663
48. px49                           - Score: 0.2158
49. px63                           - Score: 0.1853
50. px55                           - Score: 0.1777
51. px15                           - Score: 0.1208
52. px7                            - Score: 0.1136
53. px23                           - Score: 0.0890
54. px47                           - Score: 0.0639
55. px8                            - Score: 0.0465
56. px16                           - Score: 0.0419
57. px40                           - Score: 0.0305
58. px31                           - Score: 0.0298
59. px24                           - Score: 0.0262
60. px48                           - Score: 0.0182
61. px0                            - Score: 0.0000
62. px32                           - Score: 0.0000
63. px39                           - Score: 0.0000
64. px56                           - Score: 0.0000
================================================================================

Features Ranked by Differentiation Strength:
================================================================================
 1. px42                           - Score: 1.0000
 2. px34                           - Score: 0.9750
 3. px26                           - Score: 0.9617
 4. px21                           - Score: 0.9528
 5. px28                           - Score: 0.8573
 6. px33                           - Score: 0.8097
 7. px36                           - Score: 0.8051
 8. px43                           - Score: 0.7938
 9. px61                           - Score: 0.7887
10. px20                           - Score: 0.7760
11. px30                           - Score: 0.7045
12. px53                           - Score: 0.6966
13. px58                           - Score: 0.6956
14. px13                           - Score: 0.6912
15. px2                            - Score: 0.6821
16. px44                           - Score: 0.6724
17. px10                           - Score: 0.6681
18. px19                           - Score: 0.6651
19. px38                           - Score: 0.6628
20. px27                           - Score: 0.6527
21. px54                           - Score: 0.6471
22. px35                           - Score: 0.6361
23. px29                           - Score: 0.6316
24. px18                           - Score: 0.6296
25. px46                           - Score: 0.6283
26. px60                           - Score: 0.6262
27. px5                            - Score: 0.6017
28. px50                           - Score: 0.5779
29. px37                           - Score: 0.5563
30. px25                           - Score: 0.5367
31. px51                           - Score: 0.5315
32. px45                           - Score: 0.5177
33. px9                            - Score: 0.5020
34. px52                           - Score: 0.4932
35. px62                           - Score: 0.4835
36. px41                           - Score: 0.4563
37. px59                           - Score: 0.4483
38. px3                            - Score: 0.4227
39. px22                           - Score: 0.4103
40. px17                           - Score: 0.3998
41. px6                            - Score: 0.3794
42. px11                           - Score: 0.3618
43. px12                           - Score: 0.3598
44. px4                            - Score: 0.3185
45. px14                           - Score: 0.3118
46. px1                            - Score: 0.2844
47. px57                           - Score: 0.2577
48. px49                           - Score: 0.2004
49. px63                           - Score: 0.1847
50. px55                           - Score: 0.1825
51. px7                            - Score: 0.1205
52. px15                           - Score: 0.1187
53. px23                           - Score: 0.0913
54. px47                           - Score: 0.0612
55. px8                            - Score: 0.0477
56. px16                           - Score: 0.0353
57. px48                           - Score: 0.0301
58. px40                           - Score: 0.0288
59. px24                           - Score: 0.0256
60. px31                           - Score: 0.0252
61. px56                           - Score: 0.0146
62. px0                            - Score: 0.0000
63. px32                           - Score: 0.0000
64. px39                           - Score: 0.0000
================================================================================

Features Ranked by Differentiation Strength:
================================================================================
 1. px34                           - Score: 1.0000
 2. px42                           - Score: 0.9824
 3. px26                           - Score: 0.9018
 4. px21                           - Score: 0.8846
 5. px28                           - Score: 0.8377
 6. px36                           - Score: 0.8001
 7. px61                           - Score: 0.7698
 8. px43                           - Score: 0.7654
 9. px20                           - Score: 0.7616
10. px33                           - Score: 0.7543
11. px44                           - Score: 0.7265
12. px13                           - Score: 0.7061
13. px30                           - Score: 0.6840
14. px10                           - Score: 0.6646
15. px53                           - Score: 0.6640
16. px58                           - Score: 0.6527
17. px38                           - Score: 0.6485
18. px35                           - Score: 0.6471
19. px27                           - Score: 0.6456
20. px2                            - Score: 0.6384
21. px54                           - Score: 0.6335
22. px60                           - Score: 0.6236
23. px46                           - Score: 0.6229
24. px19                           - Score: 0.6188
25. px29                           - Score: 0.5885
26. px50                           - Score: 0.5877
27. px18                           - Score: 0.5711
28. px5                            - Score: 0.5602
29. px37                           - Score: 0.5584
30. px25                           - Score: 0.5064
31. px9                            - Score: 0.4966
32. px51                           - Score: 0.4954
33. px52                           - Score: 0.4841
34. px45                           - Score: 0.4663
35. px62                           - Score: 0.4485
36. px41                           - Score: 0.4270
37. px59                           - Score: 0.4238
38. px22                           - Score: 0.4047
39. px17                           - Score: 0.4011
40. px3                            - Score: 0.3776
41. px12                           - Score: 0.3730
42. px6                            - Score: 0.3567
43. px11                           - Score: 0.3370
44. px4                            - Score: 0.3190
45. px14                           - Score: 0.2950
46. px1                            - Score: 0.2726
47. px57                           - Score: 0.2548
48. px49                           - Score: 0.1914
49. px55                           - Score: 0.1848
50. px63                           - Score: 0.1829
51. px15                           - Score: 0.1128
52. px7                            - Score: 0.0989
53. px23                           - Score: 0.0911
54. px47                           - Score: 0.0718
55. px8                            - Score: 0.0445
56. px16                           - Score: 0.0343
57. px40                           - Score: 0.0309
58. px31                           - Score: 0.0243
59. px48                           - Score: 0.0141
60. px56                           - Score: 0.0141
61. px24                           - Score: 0.0139
62. px0                            - Score: 0.0000
63. px32                           - Score: 0.0000
64. px39                           - Score: 0.0000
================================================================================

Features Ranked by Differentiation Strength:
================================================================================
 1. px26                           - Score: 1.0000
 2. px42                           - Score: 0.9950
 3. px34                           - Score: 0.9650
 4. px21                           - Score: 0.9308
 5. px28                           - Score: 0.8890
 6. px43                           - Score: 0.8493
 7. px36                           - Score: 0.8404
 8. px20                           - Score: 0.8056
 9. px33                           - Score: 0.8041
10. px61                           - Score: 0.7756
11. px44                           - Score: 0.7115
12. px58                           - Score: 0.7079
13. px13                           - Score: 0.7044
14. px35                           - Score: 0.6998
15. px2                            - Score: 0.6932
16. px30                           - Score: 0.6900
17. px10                           - Score: 0.6834
18. px53                           - Score: 0.6832
19. px27                           - Score: 0.6760
20. px38                           - Score: 0.6673
21. px54                           - Score: 0.6609
22. px46                           - Score: 0.6602
23. px19                           - Score: 0.6423
24. px60                           - Score: 0.6291
25. px18                           - Score: 0.6165
26. px29                           - Score: 0.6002
27. px5                            - Score: 0.5936
28. px50                           - Score: 0.5913
29. px37                           - Score: 0.5662
30. px25                           - Score: 0.5573
31. px51                           - Score: 0.5225
32. px45                           - Score: 0.5021
33. px52                           - Score: 0.5014
34. px9                            - Score: 0.4796
35. px41                           - Score: 0.4687
36. px62                           - Score: 0.4663
37. px59                           - Score: 0.4537
38. px3                            - Score: 0.4168
39. px17                           - Score: 0.4112
40. px22                           - Score: 0.4112
41. px12                           - Score: 0.4014
42. px6                            - Score: 0.3640
43. px4                            - Score: 0.3616
44. px11                           - Score: 0.3577
45. px1                            - Score: 0.2960
46. px14                           - Score: 0.2947
47. px57                           - Score: 0.2830
48. px49                           - Score: 0.2314
49. px55                           - Score: 0.1784
50. px63                           - Score: 0.1764
51. px15                           - Score: 0.1131
52. px7                            - Score: 0.1111
53. px23                           - Score: 0.0803
54. px47                           - Score: 0.0639
55. px8                            - Score: 0.0525
56. px16                           - Score: 0.0411
57. px40                           - Score: 0.0320
58. px48                           - Score: 0.0269
59. px24                           - Score: 0.0257
60. px31                           - Score: 0.0252
61. px56                           - Score: 0.0146
62. px0                            - Score: 0.0000
63. px32                           - Score: 0.0000
64. px39                           - Score: 0.0000
================================================================================

Features Ranked by Differentiation Strength:
================================================================================
 1. px42                           - Score: 1.0000
 2. px34                           - Score: 0.9731
 3. px21                           - Score: 0.9458
 4. px26                           - Score: 0.9189
 5. px28                           - Score: 0.8538
 6. px36                           - Score: 0.8353
 7. px61                           - Score: 0.8319
 8. px43                           - Score: 0.8295
 9. px33                           - Score: 0.7883
10. px20                           - Score: 0.7880
11. px44                           - Score: 0.7331
12. px58                           - Score: 0.7248
13. px53                           - Score: 0.7241
14. px30                           - Score: 0.7200
15. px10                           - Score: 0.7129
16. px13                           - Score: 0.7075
17. px38                           - Score: 0.7037
18. px2                            - Score: 0.7004
19. px35                           - Score: 0.6883
20. px46                           - Score: 0.6802
21. px54                           - Score: 0.6764
22. px27                           - Score: 0.6735
23. px60                           - Score: 0.6560
24. px19                           - Score: 0.6447
25. px29                           - Score: 0.6176
26. px50                           - Score: 0.6032
27. px18                           - Score: 0.5981
28. px5                            - Score: 0.5951
29. px37                           - Score: 0.5881
30. px25                           - Score: 0.5242
31. px45                           - Score: 0.5219
32. px9                            - Score: 0.5134
33. px51                           - Score: 0.5122
34. px52                           - Score: 0.4974
35. px62                           - Score: 0.4851
36. px41                           - Score: 0.4698
37. px59                           - Score: 0.4461
38. px22                           - Score: 0.4252
39. px17                           - Score: 0.4193
40. px3                            - Score: 0.4159
41. px6                            - Score: 0.3737
42. px12                           - Score: 0.3651
43. px11                           - Score: 0.3508
44. px4                            - Score: 0.3332
45. px14                           - Score: 0.3061
46. px1                            - Score: 0.2835
47. px57                           - Score: 0.2637
48. px49                           - Score: 0.2089
49. px63                           - Score: 0.1867
50. px55                           - Score: 0.1841
51. px15                           - Score: 0.1162
52. px7                            - Score: 0.1133
53. px23                           - Score: 0.0925
54. px47                           - Score: 0.0657
55. px8                            - Score: 0.0418
56. px40                           - Score: 0.0357
57. px48                           - Score: 0.0288
58. px16                           - Score: 0.0262
59. px31                           - Score: 0.0207
60. px56                           - Score: 0.0148
61. px24                           - Score: 0.0146
62. px0                            - Score: 0.0000
63. px32                           - Score: 0.0000
64. px39                           - Score: 0.0000
================================================================================

Features Ranked by Differentiation Strength:
================================================================================
 1. px42                           - Score: 1.0000
 2. px34                           - Score: 0.9636
 3. px21                           - Score: 0.9041
 4. px26                           - Score: 0.9002
 5. px28                           - Score: 0.8600
 6. px36                           - Score: 0.8042
 7. px33                           - Score: 0.7966
 8. px20                           - Score: 0.7811
 9. px43                           - Score: 0.7746
10. px61                           - Score: 0.7464
11. px13                           - Score: 0.6992
12. px58                           - Score: 0.6851
13. px44                           - Score: 0.6786
14. px30                           - Score: 0.6783
15. px2                            - Score: 0.6650
16. px53                           - Score: 0.6598
17. px10                           - Score: 0.6535
18. px38                           - Score: 0.6355
19. px35                           - Score: 0.6271
20. px29                           - Score: 0.6267
21. px27                           - Score: 0.6225
22. px54                           - Score: 0.6135
23. px46                           - Score: 0.6078
24. px19                           - Score: 0.5968
25. px60                           - Score: 0.5949
26. px18                           - Score: 0.5830
27. px50                           - Score: 0.5717
28. px5                            - Score: 0.5519
29. px37                           - Score: 0.5342
30. px25                           - Score: 0.5093
31. px51                           - Score: 0.4848
32. px45                           - Score: 0.4768
33. px52                           - Score: 0.4681
34. px41                           - Score: 0.4674
35. px9                            - Score: 0.4640
36. px59                           - Score: 0.4369
37. px62                           - Score: 0.4338
38. px22                           - Score: 0.4025
39. px3                            - Score: 0.3830
40. px12                           - Score: 0.3793
41. px17                           - Score: 0.3779
42. px6                            - Score: 0.3401
43. px11                           - Score: 0.3371
44. px4                            - Score: 0.3261
45. px1                            - Score: 0.2775
46. px14                           - Score: 0.2760
47. px57                           - Score: 0.2542
48. px49                           - Score: 0.1998
49. px55                           - Score: 0.1794
50. px63                           - Score: 0.1732
51. px15                           - Score: 0.1143
52. px7                            - Score: 0.1051
53. px23                           - Score: 0.0875
54. px47                           - Score: 0.0670
55. px8                            - Score: 0.0546
56. px16                           - Score: 0.0391
57. px40                           - Score: 0.0250
58. px24                           - Score: 0.0244
59. px31                           - Score: 0.0195
60. px48                           - Score: 0.0139
61. px56                           - Score: 0.0139
62. px0                            - Score: 0.0000
63. px32                           - Score: 0.0000
64. px39                           - Score: 0.0000
================================================================================

Features Ranked by Differentiation Strength:
================================================================================
 1. px42                           - Score: 1.0000
 2. px34                           - Score: 0.9670
 3. px26                           - Score: 0.9508
 4. px21                           - Score: 0.9019
 5. px28                           - Score: 0.8469
 6. px36                           - Score: 0.8464
 7. px61                           - Score: 0.7973
 8. px33                           - Score: 0.7921
 9. px20                           - Score: 0.7828
10. px43                           - Score: 0.7827
11. px44                           - Score: 0.7164
12. px13                           - Score: 0.7111
13. px10                           - Score: 0.6973
14. px58                           - Score: 0.6972
15. px2                            - Score: 0.6858
16. px30                           - Score: 0.6781
17. px38                           - Score: 0.6769
18. px53                           - Score: 0.6763
19. px19                           - Score: 0.6592
20. px35                           - Score: 0.6523
21. px27                           - Score: 0.6473
22. px54                           - Score: 0.6469
23. px60                           - Score: 0.6352
24. px46                           - Score: 0.6216
25. px18                           - Score: 0.6189
26. px29                           - Score: 0.6090
27. px50                           - Score: 0.6050
28. px5                            - Score: 0.5796
29. px37                           - Score: 0.5790
30. px25                           - Score: 0.5281
31. px51                           - Score: 0.5269
32. px52                           - Score: 0.5253
33. px9                            - Score: 0.4908
34. px45                           - Score: 0.4818
35. px62                           - Score: 0.4648
36. px41                           - Score: 0.4604
37. px59                           - Score: 0.4350
38. px17                           - Score: 0.4138
39. px3                            - Score: 0.4024
40. px22                           - Score: 0.3894
41. px12                           - Score: 0.3745
42. px6                            - Score: 0.3575
43. px4                            - Score: 0.3435
44. px11                           - Score: 0.3426
45. px1                            - Score: 0.2841
46. px14                           - Score: 0.2812
47. px57                           - Score: 0.2636
48. px49                           - Score: 0.2098
49. px55                           - Score: 0.1917
50. px63                           - Score: 0.1878
51. px15                           - Score: 0.1096
52. px7                            - Score: 0.0891
53. px23                           - Score: 0.0806
54. px47                           - Score: 0.0621
55. px8                            - Score: 0.0506
56. px40                           - Score: 0.0277
57. px16                           - Score: 0.0252
58. px31                           - Score: 0.0200
59. px48                           - Score: 0.0143
60. px56                           - Score: 0.0143
61. px0                            - Score: 0.0000
62. px24                           - Score: 0.0000
63. px32                           - Score: 0.0000
64. px39                           - Score: 0.0000
================================================================================

Features Ranked by Differentiation Strength:
================================================================================
 1. px42                           - Score: 1.0000
 2. px34                           - Score: 0.9748
 3. px26                           - Score: 0.9598
 4. px21                           - Score: 0.9324
 5. px28                           - Score: 0.8331
 6. px36                           - Score: 0.8271
 7. px43                           - Score: 0.8171
 8. px33                           - Score: 0.7782
 9. px61                           - Score: 0.7760
10. px20                           - Score: 0.7707
11. px44                           - Score: 0.7186
12. px35                           - Score: 0.6987
13. px30                           - Score: 0.6968
14. px13                           - Score: 0.6930
15. px38                           - Score: 0.6919
16. px53                           - Score: 0.6888
17. px58                           - Score: 0.6759
18. px10                           - Score: 0.6730
19. px2                            - Score: 0.6704
20. px27                           - Score: 0.6693
21. px19                           - Score: 0.6548
22. px46                           - Score: 0.6432
23. px54                           - Score: 0.6388
24. px60                           - Score: 0.6189
25. px18                           - Score: 0.6143
26. px29                           - Score: 0.6005
27. px5                            - Score: 0.5799
28. px50                           - Score: 0.5626
29. px37                           - Score: 0.5480
30. px25                           - Score: 0.5440
31. px51                           - Score: 0.5275
32. px52                           - Score: 0.5004
33. px45                           - Score: 0.4984
34. px9                            - Score: 0.4812
35. px62                           - Score: 0.4574
36. px41                           - Score: 0.4536
37. px59                           - Score: 0.4375
38. px22                           - Score: 0.4084
39. px17                           - Score: 0.3971
40. px3                            - Score: 0.3893
41. px12                           - Score: 0.3687
42. px6                            - Score: 0.3685
43. px11                           - Score: 0.3661
44. px4                            - Score: 0.3418
45. px14                           - Score: 0.3079
46. px1                            - Score: 0.2909
47. px57                           - Score: 0.2557
48. px49                           - Score: 0.2089
49. px63                           - Score: 0.1921
50. px55                           - Score: 0.1832
51. px15                           - Score: 0.0993
52. px7                            - Score: 0.0966
53. px47                           - Score: 0.0776
54. px23                           - Score: 0.0760
55. px8                            - Score: 0.0365
56. px16                           - Score: 0.0352
57. px40                           - Score: 0.0350
58. px24                           - Score: 0.0254
59. px31                           - Score: 0.0203
60. px48                           - Score: 0.0176
61. px0                            - Score: 0.0000
62. px32                           - Score: 0.0000
63. px39                           - Score: 0.0000
64. px56                           - Score: 0.0000
================================================================================
  [table-4-8] fitting Concrete (regression, 10 seeds x 14 tolerances)...

Features Ranked by Differentiation Strength:
================================================================================
 1. Cement                         - Score: 1.0000
 2. Water                          - Score: 0.7282
 3. Superplasticizer               - Score: 0.7137
 4. Age                            - Score: 0.5917
 5. CoarseAgg                      - Score: 0.3684
 6. FlyAsh                         - Score: 0.2916
 7. Slag                           - Score: 0.2829
 8. FineAgg                        - Score: 0.2663
================================================================================

Features Ranked by Differentiation Strength:
================================================================================
 1. Cement                         - Score: 1.0000
 2. Water                          - Score: 0.7931
 3. Superplasticizer               - Score: 0.7534
 4. Age                            - Score: 0.6329
 5. CoarseAgg                      - Score: 0.4253
 6. Slag                           - Score: 0.2981
 7. FineAgg                        - Score: 0.2582
 8. FlyAsh                         - Score: 0.2409
================================================================================

Features Ranked by Differentiation Strength:
================================================================================
 1. Cement                         - Score: 1.0000
 2. Water                          - Score: 0.6566
 3. Superplasticizer               - Score: 0.5696
 4. Age                            - Score: 0.5291
 5. CoarseAgg                      - Score: 0.3068
 6. FineAgg                        - Score: 0.2781
 7. FlyAsh                         - Score: 0.2451
 8. Slag                           - Score: 0.2021
================================================================================

Features Ranked by Differentiation Strength:
================================================================================
 1. Cement                         - Score: 1.0000
 2. Water                          - Score: 0.7291
 3. Age                            - Score: 0.6291
 4. Superplasticizer               - Score: 0.6249
 5. FlyAsh                         - Score: 0.3120
 6. CoarseAgg                      - Score: 0.2866
 7. FineAgg                        - Score: 0.2404
 8. Slag                           - Score: 0.2068
================================================================================

Features Ranked by Differentiation Strength:
================================================================================
 1. Cement                         - Score: 1.0000
 2. Water                          - Score: 0.6526
 3. Superplasticizer               - Score: 0.5782
 4. Age                            - Score: 0.5355
 5. FlyAsh                         - Score: 0.3621
 6. CoarseAgg                      - Score: 0.3429
 7. Slag                           - Score: 0.2601
 8. FineAgg                        - Score: 0.2414
================================================================================

Features Ranked by Differentiation Strength:
================================================================================
 1. Cement                         - Score: 1.0000
 2. Water                          - Score: 0.7600
 3. Superplasticizer               - Score: 0.6234
 4. Age                            - Score: 0.6125
 5. CoarseAgg                      - Score: 0.3171
 6. FineAgg                        - Score: 0.2563
 7. FlyAsh                         - Score: 0.2560
 8. Slag                           - Score: 0.2286
================================================================================

Features Ranked by Differentiation Strength:
================================================================================
 1. Cement                         - Score: 1.0000
 2. Superplasticizer               - Score: 0.7015
 3. Water                          - Score: 0.6538
 4. Age                            - Score: 0.5916
 5. CoarseAgg                      - Score: 0.3463
 6. FineAgg                        - Score: 0.2928
 7. FlyAsh                         - Score: 0.2408
 8. Slag                           - Score: 0.2389
================================================================================

Features Ranked by Differentiation Strength:
================================================================================
 1. Cement                         - Score: 1.0000
 2. Water                          - Score: 0.7595
 3. Age                            - Score: 0.7129
 4. Superplasticizer               - Score: 0.6947
 5. Slag                           - Score: 0.3790
 6. CoarseAgg                      - Score: 0.3402
 7. FineAgg                        - Score: 0.3274
 8. FlyAsh                         - Score: 0.2962
================================================================================

Features Ranked by Differentiation Strength:
================================================================================
 1. Cement                         - Score: 1.0000
 2. Water                          - Score: 0.7069
 3. Age                            - Score: 0.6212
 4. Superplasticizer               - Score: 0.6178
 5. CoarseAgg                      - Score: 0.3344
 6. FineAgg                        - Score: 0.2574
 7. FlyAsh                         - Score: 0.2425
 8. Slag                           - Score: 0.2415
================================================================================

Features Ranked by Differentiation Strength:
================================================================================
 1. Cement                         - Score: 1.0000
 2. Age                            - Score: 0.6861
 3. Water                          - Score: 0.6739
 4. Superplasticizer               - Score: 0.6031
 5. FlyAsh                         - Score: 0.3305
 6. CoarseAgg                      - Score: 0.3014
 7. Slag                           - Score: 0.2604
 8. FineAgg                        - Score: 0.2098
================================================================================
  [table-4-8] fitting Diabetes (regression, 10 seeds x 14 tolerances)...

Features Ranked by Differentiation Strength:
================================================================================
 1. bmi                            - Score: 1.0000
 2. s5                             - Score: 0.9718
 3. bp                             - Score: 0.7494
 4. s4                             - Score: 0.6176
 5. s6                             - Score: 0.6096
 6. s3                             - Score: 0.5875
 7. s1                             - Score: 0.3410
 8. age                            - Score: 0.3015
 9. s2                             - Score: 0.2239
10. sex                            - Score: 0.1428
================================================================================

Features Ranked by Differentiation Strength:
================================================================================
 1. bmi                            - Score: 1.0000
 2. s5                             - Score: 0.8235
 3. bp                             - Score: 0.6852
 4. s3                             - Score: 0.5380
 5. s4                             - Score: 0.5358
 6. s6                             - Score: 0.5002
 7. age                            - Score: 0.3020
 8. s1                             - Score: 0.2635
 9. s2                             - Score: 0.2345
10. sex                            - Score: 0.0274
================================================================================

Features Ranked by Differentiation Strength:
================================================================================
 1. bmi                            - Score: 1.0000
 2. s5                             - Score: 0.9865
 3. bp                             - Score: 0.7611
 4. s4                             - Score: 0.6968
 5. s3                             - Score: 0.6319
 6. s6                             - Score: 0.5704
 7. age                            - Score: 0.3282
 8. s1                             - Score: 0.3173
 9. s2                             - Score: 0.2686
10. sex                            - Score: 0.0971
================================================================================

Features Ranked by Differentiation Strength:
================================================================================
 1. bmi                            - Score: 1.0000
 2. s5                             - Score: 0.9180
 3. bp                             - Score: 0.7587
 4. s6                             - Score: 0.6912
 5. s4                             - Score: 0.6684
 6. s3                             - Score: 0.6516
 7. age                            - Score: 0.3514
 8. s1                             - Score: 0.2827
 9. s2                             - Score: 0.2183
10. sex                            - Score: 0.0936
================================================================================

Features Ranked by Differentiation Strength:
================================================================================
 1. bmi                            - Score: 1.0000
 2. s5                             - Score: 0.9831
 3. bp                             - Score: 0.8189
 4. s4                             - Score: 0.6457
 5. s3                             - Score: 0.6419
 6. s6                             - Score: 0.5607
 7. age                            - Score: 0.3657
 8. s1                             - Score: 0.2905
 9. s2                             - Score: 0.2291
10. sex                            - Score: 0.1605
================================================================================

Features Ranked by Differentiation Strength:
================================================================================
 1. bmi                            - Score: 1.0000
 2. s5                             - Score: 0.9091
 3. bp                             - Score: 0.7839
 4. s6                             - Score: 0.6180
 5. s4                             - Score: 0.6100
 6. s3                             - Score: 0.5459
 7. s1                             - Score: 0.3191
 8. age                            - Score: 0.2650
 9. s2                             - Score: 0.2580
10. sex                            - Score: 0.1266
================================================================================

Features Ranked by Differentiation Strength:
================================================================================
 1. bmi                            - Score: 1.0000
 2. s5                             - Score: 0.8568
 3. bp                             - Score: 0.6947
 4. s4                             - Score: 0.6017
 5. s3                             - Score: 0.5843
 6. s6                             - Score: 0.4997
 7. s1                             - Score: 0.3043
 8. age                            - Score: 0.2796
 9. s2                             - Score: 0.2311
10. sex                            - Score: 0.0662
================================================================================

Features Ranked by Differentiation Strength:
================================================================================
 1. bmi                            - Score: 1.0000
 2. s5                             - Score: 0.9516
 3. bp                             - Score: 0.7733
 4. s3                             - Score: 0.6190
 5. s4                             - Score: 0.6186
 6. s6                             - Score: 0.6097
 7. age                            - Score: 0.3011
 8. s1                             - Score: 0.2993
 9. s2                             - Score: 0.2590
10. sex                            - Score: 0.0472
================================================================================

Features Ranked by Differentiation Strength:
================================================================================
 1. bmi                            - Score: 1.0000
 2. s5                             - Score: 0.8366
 3. bp                             - Score: 0.7873
 4. s6                             - Score: 0.6279
 5. s3                             - Score: 0.5453
 6. s4                             - Score: 0.5221
 7. age                            - Score: 0.2846
 8. s1                             - Score: 0.2364
 9. s2                             - Score: 0.1896
10. sex                            - Score: 0.0869
================================================================================

Features Ranked by Differentiation Strength:
================================================================================
 1. s5                             - Score: 1.0000
 2. bmi                            - Score: 0.9407
 3. bp                             - Score: 0.7937
 4. s4                             - Score: 0.6616
 5. s6                             - Score: 0.6538
 6. s3                             - Score: 0.6480
 7. s1                             - Score: 0.2778
 8. age                            - Score: 0.2568
 9. s2                             - Score: 0.2388
10. sex                            - Score: 0.0807
================================================================================
  wrote C:\personal\grad-school\reproduce\outputs\table_4_8_mf_dedup.md
  wrote C:\personal\grad-school\reproduce\outputs\table_4_8_mf_dedup.csv
  wrote C:\personal\grad-school\reproduce\outputs\table_4_8_mf_dedup_sweep.md
  wrote C:\personal\grad-school\reproduce\outputs\table_4_8_mf_dedup_sweep.csv

Done. Emitted table_4_8_mf_dedup, table_4_8_mf_dedup_sweep, table_4_9_correction_pass.
