warning: `VIRTUAL_ENV=.venv` does not match the project environment path `tribble-cluster\.venv` and will be ignored; use `--active` to target the active environment instead
Table 3.4 -- GPU speedups over the CPU  (seeds=[0, 1, 2, 3, 4, 5, 6, 7, 8, 9])
  device: NVIDIA GeForce RTX 4080 Laptop GPU, 12282 MiB, 610.74; compute capability 89; VRAM free 11.6/12.9 GB at start; CuPy 14.1.1; CUDA runtime 12.9
  warming device kernels (RawModule JIT, cuBLAS handles)...
  MST + VAT front end (float64, d=10)
    Boruvka MST (device)   N=4,000, float64, matrix resident  CPU    0.019s GPU    0.003s  ->     6.02x   order 1.000 (bit-identical)
    VAT front end          N=4,000, float64, order only       CPU    0.042s GPU    0.017s  ->     2.50x   order 1.000 (bit-identical)
    VAT front end          N=4,000, float64, UNMATCHED work   CPU    0.097s GPU    0.017s  ->     5.86x   order 1.000 (bit-identical)
    Boruvka MST (device)   N=8,000, float64, matrix resident  CPU    0.078s GPU    0.009s  ->     8.95x   order 1.000 (bit-identical)
    VAT front end          N=8,000, float64, order only       CPU    0.149s GPU    0.043s  ->     3.50x   order 1.000 (bit-identical)
    VAT front end          N=8,000, float64, UNMATCHED work   CPU    0.364s GPU    0.043s  ->     8.53x   order 1.000 (bit-identical)
    Boruvka MST (device)   N=16,000, float64, matrix resident CPU    0.296s GPU    0.035s  ->     8.45x   order 1.000 (bit-identical)
    VAT front end          N=16,000, float64, order only      CPU    0.635s GPU    0.156s  ->     4.08x   order 1.000 (bit-identical)
    VAT front end          N=16,000, float64, UNMATCHED work  CPU    1.506s GPU    0.156s  ->     9.66x   order 1.000 (bit-identical)
    Boruvka MST (device)   N=32,000, float64, matrix resident CPU    1.001s GPU    0.133s  ->     7.52x   order 1.000 (bit-identical)
    VAT front end          N=32,000, float64, order only      CPU    2.672s GPU    0.530s  ->     5.04x   order 1.000 (bit-identical)
    VAT front end          N=32,000, float64, UNMATCHED work  CPU    6.987s GPU    0.530s  ->    13.18x   order 1.000 (bit-identical)
  Fuzzy C-Means (k=10, d=20, m=2, <=100 iters)
    Fuzzy C-Means          N=50,000, k=10, d=20               CPU    0.527s GPU    0.107s  ->     4.91x   labels 1.000 ± 0.001; max abs Δcentre 4.9e-05
    Fuzzy C-Means          N=50,000, k=10, d=20, MATCHED formulation CPU    0.283s GPU    0.107s  ->     2.64x   labels 1.000; max abs Δcentre 1.6e-13
      (matched-formulation CPU arm converged in 11-78 iterations)
    Fuzzy C-Means          N=200,000, k=10, d=20              CPU    2.107s GPU    0.364s  ->     5.78x   labels 1.000; max abs Δcentre 4.8e-06
    Fuzzy C-Means          N=200,000, k=10, d=20, MATCHED formulation CPU    1.044s GPU    0.364s  ->     2.86x   labels 1.000; max abs Δcentre 3.2e-13
      (matched-formulation CPU arm converged in 13-100 iterations)
    Fuzzy C-Means          N=500,000, k=10, d=20              CPU    5.854s GPU    0.724s  ->     8.08x   labels 1.000; max abs Δcentre 9.8e-06
    Fuzzy C-Means          N=500,000, k=10, d=20, MATCHED formulation CPU    3.059s GPU    0.724s  ->     4.22x   labels 1.000; max abs Δcentre 6.0e-13
      (matched-formulation CPU arm converged in 12-100 iterations)
  Pairwise distances (N=16000)
    Pairwise distances     N=16,000, d=10, float64, high_precision CPU    0.278s GPU    1.006s  ->     0.28x   max abs Δ = 7.1e-15
    Pairwise distances     N=16,000, d=50, float64, high_precision CPU    0.451s GPU    1.147s  ->     0.39x   max abs Δ = 1.4e-14
    Pairwise distances     N=16,000, d=200, float64, high_precision CPU    1.847s GPU    1.608s  ->     1.15x   max abs Δ = 2.8e-14
    Pairwise distances     N=16,000, d=784, float64, high_precision CPU    8.471s GPU   11.146s  ->     0.76x   max abs Δ = 4.3e-14
    Pairwise distances     N=16,000, d=10, float32, high_precision CPU    0.213s GPU    0.664s  ->     0.32x   max abs Δ = 0.0e+00
    Pairwise distances     N=16,000, d=10, float32, fast (native acc) CPU    0.220s GPU    0.579s  ->     0.38x   max abs Δ = 3.8e-06
    Pairwise distances     N=16,000, d=50, float32, high_precision CPU    0.477s GPU    0.908s  ->     0.53x   max abs Δ = 0.0e+00
    Pairwise distances     N=16,000, d=50, float32, fast (native acc) CPU    0.522s GPU    0.645s  ->     0.81x   max abs Δ = 1.1e-05
    Pairwise distances     N=16,000, d=200, float32, high_precision CPU    1.710s GPU    1.529s  ->     1.12x   max abs Δ = 0.0e+00
    Pairwise distances     N=16,000, d=200, float32, fast (native acc) CPU    1.820s GPU    0.860s  ->     2.12x   max abs Δ = 3.8e-05
    Pairwise distances     N=16,000, d=784, float32, high_precision CPU    6.844s GPU    3.994s  ->     1.71x   max abs Δ = 0.0e+00
    Pairwise distances     N=16,000, d=784, float32, fast (native acc) CPU    7.425s GPU    1.687s  ->     4.40x   max abs Δ = 1.4e-04
  reachable-scale demonstration: N=48,000 float32 (9.22 GB resident)
    VAT front end          N=48,000, float32, 9.22 GB resident CPU    5.166s GPU    1.217s  ->     4.24x   order 0.99992; Prim total CPU 42023.180315 vs GPU 42023.180315 (rel 0.00e+00)
  wrote C:\personal\grad-school\reproduce\outputs\table_3_4_gpu_speedups.md
  wrote C:\personal\grad-school\reproduce\outputs\table_3_4_gpu_speedups.csv
