  [skip] _baseline_anfis unavailable (ModuleNotFoundError); columns ['fit_predict'] -> N/A
  [skip] _baseline_gafis unavailable (ModuleNotFoundError); columns ['fit_predict'] -> N/A
Table 4.1 -- MoG training time & accuracy vs. baselines

Features Ranked by Differentiation Strength:
================================================================================
 1. Age                            - Score: 1.0000
 2. Cement                         - Score: 0.9306
 3. Water                          - Score: 0.6608
 4. FineAgg                        - Score: 0.5154
 5. CoarseAgg                      - Score: 0.4978
 6. Superplasticizer               - Score: 0.4839
 7. Slag                           - Score: 0.1348
 8. FlyAsh                         - Score: 0.1057
================================================================================
  Automatically selected 4 Gaussians for Age (label 2)
  Automatically selected 4 Gaussians for Age (label 1)
  Automatically selected 4 Gaussians for Age (label 0)
  Automatically selected 2 Gaussians for Cement (label 2)
  Automatically selected 2 Gaussians for Cement (label 1)
  Automatically selected 3 Gaussians for Cement (label 0)
  Automatically selected 3 Gaussians for Water (label 2)
  Automatically selected 3 Gaussians for Water (label 1)
  Automatically selected 3 Gaussians for Water (label 0)
  Automatically selected 3 Gaussians for FineAgg (label 2)
  Automatically selected 3 Gaussians for FineAgg (label 1)
  Automatically selected 1 Gaussians for FineAgg (label 0)
  Automatically selected 4 Gaussians for CoarseAgg (label 2)
  Automatically selected 3 Gaussians for CoarseAgg (label 1)
  Automatically selected 3 Gaussians for CoarseAgg (label 0)
  Automatically selected 3 Gaussians for Superplasticizer (label 2)
  Automatically selected 4 Gaussians for Superplasticizer (label 1)
  Automatically selected 2 Gaussians for Superplasticizer (label 0)
  Automatically selected 4 Gaussians for Slag (label 2)
  Automatically selected 2 Gaussians for Slag (label 1)
  Automatically selected 2 Gaussians for Slag (label 0)
  Automatically selected 3 Gaussians for FlyAsh (label 2)
  Automatically selected 2 Gaussians for FlyAsh (label 1)
  Automatically selected 2 Gaussians for FlyAsh (label 0)

Features Ranked by Differentiation Strength:
================================================================================
 1. Age                            - Score: 1.0000
 2. Cement                         - Score: 0.8865
 3. Water                          - Score: 0.6582
 4. CoarseAgg                      - Score: 0.5128
 5. FineAgg                        - Score: 0.4726
 6. Superplasticizer               - Score: 0.4546
 7. Slag                           - Score: 0.1093
 8. FlyAsh                         - Score: 0.0868
================================================================================
  Automatically selected 4 Gaussians for Age (label 0)
  Automatically selected 4 Gaussians for Age (label 1)
  Automatically selected 4 Gaussians for Age (label 2)
  Automatically selected 2 Gaussians for Cement (label 0)
  Automatically selected 3 Gaussians for Cement (label 1)
  Automatically selected 1 Gaussians for Cement (label 2)
  Automatically selected 4 Gaussians for Water (label 0)
  Automatically selected 3 Gaussians for Water (label 1)
  Automatically selected 3 Gaussians for Water (label 2)
  Automatically selected 2 Gaussians for CoarseAgg (label 0)
  Automatically selected 4 Gaussians for CoarseAgg (label 1)
  Automatically selected 4 Gaussians for CoarseAgg (label 2)
  Automatically selected 1 Gaussians for FineAgg (label 0)
  Automatically selected 4 Gaussians for FineAgg (label 1)
  Automatically selected 3 Gaussians for FineAgg (label 2)
  Automatically selected 2 Gaussians for Superplasticizer (label 0)
  Automatically selected 3 Gaussians for Superplasticizer (label 1)
  Automatically selected 3 Gaussians for Superplasticizer (label 2)
  Automatically selected 2 Gaussians for Slag (label 0)
  Automatically selected 2 Gaussians for Slag (label 1)
  Automatically selected 2 Gaussians for Slag (label 2)
  Automatically selected 2 Gaussians for FlyAsh (label 0)
  Automatically selected 3 Gaussians for FlyAsh (label 1)
  Automatically selected 2 Gaussians for FlyAsh (label 2)

Features Ranked by Differentiation Strength:
================================================================================
 1. Age                            - Score: 1.0000
 2. Cement                         - Score: 0.9682
 3. Water                          - Score: 0.6490
 4. FineAgg                        - Score: 0.5475
 5. CoarseAgg                      - Score: 0.4744
 6. Superplasticizer               - Score: 0.4313
 7. FlyAsh                         - Score: 0.0989
 8. Slag                           - Score: 0.0816
================================================================================
  Automatically selected 3 Gaussians for Age (label 2)
  Automatically selected 4 Gaussians for Age (label 1)
  Automatically selected 3 Gaussians for Age (label 0)
  Automatically selected 4 Gaussians for Cement (label 2)
  Automatically selected 2 Gaussians for Cement (label 1)
  Automatically selected 2 Gaussians for Cement (label 0)
  Automatically selected 3 Gaussians for Water (label 2)
  Automatically selected 3 Gaussians for Water (label 1)
  Automatically selected 4 Gaussians for Water (label 0)
  Automatically selected 4 Gaussians for FineAgg (label 2)
  Automatically selected 4 Gaussians for FineAgg (label 1)
  Automatically selected 1 Gaussians for FineAgg (label 0)
  Automatically selected 4 Gaussians for CoarseAgg (label 2)
  Automatically selected 3 Gaussians for CoarseAgg (label 1)
  Automatically selected 3 Gaussians for CoarseAgg (label 0)
  Automatically selected 3 Gaussians for Superplasticizer (label 2)
  Automatically selected 4 Gaussians for Superplasticizer (label 1)
  Automatically selected 2 Gaussians for Superplasticizer (label 0)
  Automatically selected 2 Gaussians for FlyAsh (label 2)
  Automatically selected 2 Gaussians for FlyAsh (label 1)
  Automatically selected 4 Gaussians for FlyAsh (label 0)
  Automatically selected 4 Gaussians for Slag (label 2)
  Automatically selected 2 Gaussians for Slag (label 1)
  Automatically selected 2 Gaussians for Slag (label 0)

Features Ranked by Differentiation Strength:
================================================================================
 1. Cement                         - Score: 1.0000
 2. Age                            - Score: 0.9641
 3. Water                          - Score: 0.6672
 4. FineAgg                        - Score: 0.5326
 5. CoarseAgg                      - Score: 0.5070
 6. Superplasticizer               - Score: 0.4563
 7. FlyAsh                         - Score: 0.1135
 8. Slag                           - Score: 0.0960
================================================================================
  Automatically selected 2 Gaussians for Cement (label 2)
  Automatically selected 2 Gaussians for Cement (label 1)
  Automatically selected 3 Gaussians for Cement (label 0)
  Automatically selected 4 Gaussians for Age (label 2)
  Automatically selected 4 Gaussians for Age (label 1)
  Automatically selected 4 Gaussians for Age (label 0)
  Automatically selected 3 Gaussians for Water (label 2)
  Automatically selected 3 Gaussians for Water (label 1)
  Automatically selected 4 Gaussians for Water (label 0)
  Automatically selected 4 Gaussians for FineAgg (label 2)
  Automatically selected 4 Gaussians for FineAgg (label 1)
  Automatically selected 1 Gaussians for FineAgg (label 0)
  Automatically selected 4 Gaussians for CoarseAgg (label 2)
  Automatically selected 3 Gaussians for CoarseAgg (label 1)
  Automatically selected 1 Gaussians for CoarseAgg (label 0)
  Automatically selected 3 Gaussians for Superplasticizer (label 2)
  Automatically selected 3 Gaussians for Superplasticizer (label 1)
  Automatically selected 2 Gaussians for Superplasticizer (label 0)
  Automatically selected 2 Gaussians for FlyAsh (label 2)
  Automatically selected 2 Gaussians for FlyAsh (label 1)
  Automatically selected 4 Gaussians for FlyAsh (label 0)
  Automatically selected 4 Gaussians for Slag (label 2)
  Automatically selected 2 Gaussians for Slag (label 1)
  Automatically selected 2 Gaussians for Slag (label 0)

Features Ranked by Differentiation Strength:
================================================================================
 1. Cement                         - Score: 1.0000
 2. Age                            - Score: 0.9291
 3. Water                          - Score: 0.6492
 4. FineAgg                        - Score: 0.5540
 5. CoarseAgg                      - Score: 0.5163
 6. Superplasticizer               - Score: 0.4924
 7. Slag                           - Score: 0.1341
 8. FlyAsh                         - Score: 0.1211
================================================================================
  Automatically selected 3 Gaussians for Cement (label 0)
  Automatically selected 2 Gaussians for Cement (label 1)
  Automatically selected 2 Gaussians for Cement (label 2)
  Automatically selected 4 Gaussians for Age (label 0)
  Automatically selected 4 Gaussians for Age (label 1)
  Automatically selected 4 Gaussians for Age (label 2)
  Automatically selected 3 Gaussians for Water (label 0)
  Automatically selected 3 Gaussians for Water (label 1)
  Automatically selected 3 Gaussians for Water (label 2)
  Automatically selected 1 Gaussians for FineAgg (label 0)
  Automatically selected 4 Gaussians for FineAgg (label 1)
  Automatically selected 4 Gaussians for FineAgg (label 2)
  Automatically selected 2 Gaussians for CoarseAgg (label 0)
  Automatically selected 3 Gaussians for CoarseAgg (label 1)
  Automatically selected 4 Gaussians for CoarseAgg (label 2)
  Automatically selected 2 Gaussians for Superplasticizer (label 0)
  Automatically selected 4 Gaussians for Superplasticizer (label 1)
  Automatically selected 3 Gaussians for Superplasticizer (label 2)
  Automatically selected 2 Gaussians for Slag (label 0)
  Automatically selected 2 Gaussians for Slag (label 1)
  Automatically selected 4 Gaussians for Slag (label 2)
  Automatically selected 3 Gaussians for FlyAsh (label 0)
  Automatically selected 2 Gaussians for FlyAsh (label 1)
  Automatically selected 3 Gaussians for FlyAsh (label 2)
  [phiusiil] repo loader unavailable (FileNotFoundError); trying ucimlrepo
  [phiusiil] unavailable (ConnectionError); column -> N/A
  wrote /home/user/grad-school/reproduce/outputs/table_4_1.md
  wrote /home/user/grad-school/reproduce/outputs/table_4_1.csv
