Table 3.4 -- GPU speedups over the CPU  (seeds=[0, 1, 2, 3, 4, 5, 6, 7, 8, 9])
  device: NVIDIA GeForce RTX 4080 Laptop GPU, 12282 MiB, 610.74; compute capability 89; VRAM free 11.6/12.9 GB at start; CuPy 14.1.1; CUDA runtime 12.9
  warming device kernels (RawModule JIT, cuBLAS handles)...
  MST + VAT front end (float64, d=10)
    Boruvka MST (device)   N=4,000, float64, matrix resident  CPU    0.017s GPU    0.003s  ->     5.38x   order 1.000 (bit-identical)
    VAT front end          N=4,000, float64, order only       CPU    0.038s GPU    0.016s  ->     2.31x   order 1.000 (bit-identical)
    VAT front end          N=4,000, float64, UNMATCHED work   CPU    0.093s GPU    0.016s  ->     5.68x   order 1.000 (bit-identical)
    Boruvka MST (device)   N=8,000, float64, matrix resident  CPU    0.075s GPU    0.009s  ->     8.40x   order 1.000 (bit-identical)
    VAT front end          N=8,000, float64, order only       CPU    0.142s GPU    0.041s  ->     3.48x   order 1.000 (bit-identical)
    VAT front end          N=8,000, float64, UNMATCHED work   CPU    0.348s GPU    0.041s  ->     8.55x   order 1.000 (bit-identical)
    Boruvka MST (device)   N=16,000, float64, matrix resident CPU    0.247s GPU    0.033s  ->     7.43x   order 1.000 (bit-identical)
    VAT front end          N=16,000, float64, order only      CPU    0.555s GPU    0.143s  ->     3.88x   order 1.000 (bit-identical)
    VAT front end          N=16,000, float64, UNMATCHED work  CPU    1.371s GPU    0.143s  ->     9.60x   order 1.000 (bit-identical)
    Boruvka MST (device)   N=32,000, float64, matrix resident CPU    0.895s GPU    0.137s  ->     6.55x   order 1.000 (bit-identical)
    VAT front end          N=32,000, float64, order only      CPU    2.557s GPU    0.506s  ->     5.05x   order 1.000 (bit-identical)
    VAT front end          N=32,000, float64, UNMATCHED work  CPU    6.157s GPU    0.506s  ->    12.16x   order 1.000 (bit-identical)
  Fuzzy C-Means (k=10, d=20, m=2, <=100 iters)
    Fuzzy C-Means          N=50,000, k=10, d=20               CPU    2.312s GPU    0.177s  ->    13.06x   labels 1.000 ± 0.001; max abs Δcentre 4.9e-05
    Fuzzy C-Means          N=50,000, k=10, d=20, MATCHED formulation CPU    0.214s GPU    0.177s  ->     1.21x   labels 1.000; max abs Δcentre 1.6e-13
      (matched-formulation CPU arm converged in 11-78 iterations)
    Fuzzy C-Means          N=200,000, k=10, d=20              CPU   10.582s GPU    0.428s  ->    24.73x   labels 1.000; max abs Δcentre 4.8e-06
    Fuzzy C-Means          N=200,000, k=10, d=20, MATCHED formulation CPU    0.993s GPU    0.428s  ->     2.32x   labels 1.000; max abs Δcentre 3.2e-13
      (matched-formulation CPU arm converged in 13-100 iterations)
    Fuzzy C-Means          N=500,000, k=10, d=20              CPU   29.824s GPU    0.768s  ->    38.86x   labels 1.000; max abs Δcentre 9.8e-06
    Fuzzy C-Means          N=500,000, k=10, d=20, MATCHED formulation CPU    2.882s GPU    0.768s  ->     3.76x   labels 1.000; max abs Δcentre 6.0e-13
      (matched-formulation CPU arm converged in 12-100 iterations)
  Pairwise distances (N=16000)
    Pairwise distances     N=16,000, d=10, float64, high_precision CPU    0.288s GPU    0.959s  ->     0.30x   max abs Δ = 7.1e-15
    Pairwise distances     N=16,000, d=50, float64, high_precision CPU    0.436s GPU    1.103s  ->     0.40x   max abs Δ = 1.4e-14
    Pairwise distances     N=16,000, d=200, float64, high_precision CPU    1.616s GPU    1.466s  ->     1.10x   max abs Δ = 2.8e-14
    Pairwise distances     N=16,000, d=784, float64, high_precision CPU    7.314s GPU   11.390s  ->     0.64x   max abs Δ = 4.3e-14
    Pairwise distances     N=16,000, d=10, float32, high_precision CPU    0.193s GPU    0.606s  ->     0.32x   max abs Δ = 0.0e+00
    Pairwise distances     N=16,000, d=10, float32, fast (native acc) CPU    0.187s GPU    0.503s  ->     0.37x   max abs Δ = 3.8e-06
    Pairwise distances     N=16,000, d=50, float32, high_precision CPU    0.469s GPU    0.892s  ->     0.53x   max abs Δ = 0.0e+00
    Pairwise distances     N=16,000, d=50, float32, fast (native acc) CPU    0.476s GPU    0.669s  ->     0.71x   max abs Δ = 1.1e-05
    Pairwise distances     N=16,000, d=200, float32, high_precision CPU    1.664s GPU    1.555s  ->     1.07x   max abs Δ = 0.0e+00
    Pairwise distances     N=16,000, d=200, float32, fast (native acc) CPU    1.664s GPU    0.837s  ->     1.99x   max abs Δ = 3.8e-05
    Pairwise distances     N=16,000, d=784, float32, high_precision CPU    6.517s GPU    4.049s  ->     1.61x   max abs Δ = 0.0e+00
    Pairwise distances     N=16,000, d=784, float32, fast (native acc) CPU    7.125s GPU    1.691s  ->     4.21x   max abs Δ = 1.4e-04
  reachable-scale demonstration: N=48,000 float32 (9.22 GB resident)
    VAT front end          N=48,000, float32, 9.22 GB resident CPU    4.289s GPU    1.156s  ->     3.71x   order 0.99992; Prim total CPU 42023.180315 vs GPU 42023.180315 (rel 0.00e+00)
  wrote C:\personal\grad-school\reproduce\outputs\table_3_4_gpu_speedups.md
  wrote C:\personal\grad-school\reproduce\outputs\table_3_4_gpu_speedups.csv
