Ruspini partition-of-unity check passed for k in [3, 5, 7]

iris k=3: search space 7^(4*3) = 1.384e+10, exhaustive per class feasible
  mass        acc 0.918 ± 0.033  obj 1.870 ± 0.052  mfs 7.2 ± 0.3  [0.1s]
  mst_mf      acc 0.956 ± 0.031  obj 1.940 ± 0.046  mfs 8.4 ± 0.2  [0.2s]
  mst_core    acc 0.900 ± 0.070  obj 2.024 ± 0.074  mfs 8.2 ± 0.4  [0.3s]
  greedy      acc 0.944 ± 0.030  obj 2.083 ± 0.034  mfs 9.0 ± 0.3  [0.1s]
  anneal      acc 0.929 ± 0.040  obj 2.087 ± 0.031  mfs 8.9 ± 0.3  [4.9s]

iris k=5: search space 31^(4*3) = 7.877e+17, exhaustive per class feasible
  mass        acc 0.911 ± 0.031  obj 2.438 ± 0.082  mfs 11.8 ± 0.4  [0.1s]
  mst_mf      acc 0.902 ± 0.044  obj 2.469 ± 0.057  mfs 11.8 ± 0.5  [0.2s]
  mst_core    acc 0.929 ± 0.029  obj 2.461 ± 0.078  mfs 11.1 ± 0.9  [0.3s]
  greedy      acc 0.951 ± 0.037  obj 2.616 ± 0.049  mfs 14.6 ± 0.5  [0.2s]
  anneal      acc 0.951 ± 0.037  obj 2.616 ± 0.049  mfs 13.4 ± 0.4  [5.2s]

iris k=7: search space 127^(4*3) = 1.761e+25, exhaustive per class out of budget
  mass        acc 0.944 ± 0.035  obj 2.696 ± 0.047  mfs 14.9 ± 0.3  [0.1s]
  mst_mf      acc 0.951 ± 0.031  obj 2.716 ± 0.061  mfs 15.8 ± 0.7  [0.2s]
  mst_core    acc 0.947 ± 0.030  obj 2.703 ± 0.057  mfs 15.0 ± 0.3  [0.3s]
  greedy      acc 0.951 ± 0.033  obj 2.770 ± 0.033  mfs 21.8 ± 0.2  [0.3s]
  anneal      acc 0.951 ± 0.033  obj 2.771 ± 0.033  mfs 19.2 ± 0.9  [5.4s]

wine k=3: search space 7^(13*3) = 9.095e+32, exhaustive per class out of budget
  mass        acc 0.902 ± 0.035  obj 1.857 ± 0.064  mfs 29.9 ± 0.5  [0.1s]
  mst_mf      acc 0.881 ± 0.033  obj 1.939 ± 0.050  mfs 33.1 ± 1.6  [0.4s]
  mst_core    acc 0.906 ± 0.036  obj 1.911 ± 0.047  mfs 30.4 ± 1.2  [0.5s]
  greedy      acc 0.941 ± 0.033  obj 2.127 ± 0.049  mfs 33.6 ± 0.3  [0.3s]
  anneal      acc 0.926 ± 0.026  obj 2.150 ± 0.036  mfs 33.5 ± 0.4  [6.3s]

wine k=5: search space 31^(13*3) = 1.456e+58, exhaustive per class out of budget
  mass        acc 0.889 ± 0.048  obj 2.304 ± 0.051  mfs 46.8 ± 2.0  [0.1s]
  mst_mf      acc 0.920 ± 0.037  obj 2.503 ± 0.049  mfs 49.0 ± 1.9  [0.6s]
  mst_core    acc 0.881 ± 0.031  obj 2.358 ± 0.046  mfs 46.4 ± 2.3  [0.5s]
  greedy      acc 0.943 ± 0.025  obj 2.674 ± 0.024  mfs 52.7 ± 0.6  [1.1s]
  anneal      acc 0.954 ± 0.024  obj 2.684 ± 0.021  mfs 52.4 ± 0.4  [7.3s]

wine k=7: search space 127^(13*3) = 1.118e+82, exhaustive per class out of budget
  mass        acc 0.920 ± 0.023  obj 2.540 ± 0.041  mfs 64.4 ± 0.8  [0.1s]
  mst_mf      acc 0.931 ± 0.032  obj 2.601 ± 0.066  mfs 67.2 ± 1.6  [0.8s]
  mst_core    acc 0.913 ± 0.022  obj 2.584 ± 0.049  mfs 64.9 ± 1.9  [0.5s]
  greedy      acc 0.961 ± 0.019  obj 2.757 ± 0.028  mfs 76.3 ± 0.7  [1.8s]
  anneal      acc 0.954 ± 0.019  obj 2.778 ± 0.015  mfs 75.7 ± 1.1  [8.3s]

glass k=3: search space 7^(9*6) = 4.318e+45, exhaustive per class out of budget
  mass        acc 0.429 ± 0.051  obj 2.843 ± 0.083  mfs 18.5 ± 0.5  [0.2s]
  mst_mf      acc 0.383 ± 0.068  obj 2.724 ± 0.191  mfs 18.2 ± 0.9  [0.5s]
  mst_core    acc 0.362 ± 0.044  obj 2.970 ± 0.106  mfs 18.5 ± 0.7  [0.7s]
  greedy      acc 0.422 ± 0.045  obj 2.960 ± 0.073  mfs 20.7 ± 0.4  [0.5s]
  anneal      acc 0.417 ± 0.076  obj 3.117 ± 0.064  mfs 19.8 ± 0.4  [11.8s]

glass k=5: search space 31^(9*6) = 3.416e+80, exhaustive per class out of budget
  mass        acc 0.435 ± 0.069  obj 3.334 ± 0.129  mfs 23.7 ± 1.3  [0.1s]
  mst_mf      acc 0.383 ± 0.077  obj 3.417 ± 0.192  mfs 28.2 ± 1.2  [0.6s]
  mst_core    acc 0.448 ± 0.074  obj 3.546 ± 0.080  mfs 23.9 ± 1.0  [0.7s]
  greedy      acc 0.528 ± 0.073  obj 3.811 ± 0.080  mfs 33.5 ± 0.5  [1.2s]
  anneal      acc 0.534 ± 0.069  obj 3.859 ± 0.055  mfs 32.2 ± 0.8  [13.0s]

glass k=7: search space 127^(9*6) = 4.031e+113, exhaustive per class out of budget
  mass        acc 0.429 ± 0.082  obj 3.622 ± 0.110  mfs 31.8 ± 2.2  [0.2s]
  mst_mf      acc 0.382 ± 0.077  obj 3.694 ± 0.162  mfs 35.8 ± 3.1  [0.8s]
  mst_core    acc 0.454 ± 0.072  obj 3.785 ± 0.083  mfs 30.0 ± 1.4  [0.7s]
  greedy      acc 0.520 ± 0.057  obj 4.167 ± 0.085  mfs 48.3 ± 0.6  [2.2s]
  anneal      acc 0.542 ± 0.060  obj 4.200 ± 0.069  mfs 44.5 ± 1.9  [14.2s]

Total 93.9s
Wrote /home/user/grad-school/experiments/fuzzy-combinatorial-rules/outputs/results-tnorm-product.json
      /home/user/grad-school/experiments/fuzzy-combinatorial-rules/outputs/tables-tnorm-product.md
