Ruspini partition-of-unity check passed for k in [3, 5, 7]

iris k=3: search space 7^(4*3) = 1.384e+10, exhaustive per class feasible
  mass        acc 0.949 ± 0.036  obj 1.462 ± 0.048  mfs 5.5 ± 0.2  [0.1s]
  mst_mf      acc 0.962 ± 0.022  obj 1.555 ± 0.035  mfs 7.3 ± 0.3  [0.2s]
  mst_core    acc 0.960 ± 0.037  obj 1.492 ± 0.040  mfs 5.8 ± 0.2  [0.3s]
  greedy      acc 0.969 ± 0.020  obj 1.569 ± 0.029  mfs 7.9 ± 0.2  [0.1s]
  anneal      acc 0.971 ± 0.020  obj 1.570 ± 0.029  mfs 7.8 ± 0.3  [5.6s]

iris k=5: search space 31^(4*3) = 7.877e+17, exhaustive per class feasible
  mass        acc 0.927 ± 0.024  obj 1.543 ± 0.055  mfs 9.1 ± 0.5  [0.1s]
  mst_mf      acc 0.951 ± 0.041  obj 1.608 ± 0.043  mfs 11.3 ± 0.2  [0.2s]
  mst_core    acc 0.927 ± 0.028  obj 1.583 ± 0.051  mfs 9.7 ± 0.6  [0.3s]
  greedy      acc 0.953 ± 0.025  obj 1.635 ± 0.024  mfs 15.3 ± 0.5  [0.2s]
  anneal      acc 0.953 ± 0.025  obj 1.639 ± 0.023  mfs 14.3 ± 1.3  [6.7s]

iris k=7: search space 127^(4*3) = 1.761e+25, exhaustive per class out of budget
  mass        acc 0.884 ± 0.048  obj 1.542 ± 0.042  mfs 14.7 ± 0.5  [0.1s]
  mst_mf      acc 0.869 ± 0.054  obj 1.537 ± 0.051  mfs 15.1 ± 0.9  [0.2s]
  mst_core    acc 0.882 ± 0.050  obj 1.546 ± 0.043  mfs 14.8 ± 0.4  [0.3s]
  greedy      acc 0.938 ± 0.033  obj 1.576 ± 0.040  mfs 21.8 ± 0.7  [0.3s]
  anneal      acc 0.940 ± 0.033  obj 1.586 ± 0.046  mfs 17.6 ± 1.5  [6.9s]

wine k=3: search space 7^(13*3) = 9.095e+32, exhaustive per class out of budget
  mass        acc 0.896 ± 0.035  obj 1.033 ± 0.025  mfs 20.8 ± 1.4  [0.1s]
  mst_mf      acc 0.913 ± 0.037  obj 1.183 ± 0.037  mfs 28.8 ± 1.6  [0.5s]
  mst_core    acc 0.906 ± 0.023  obj 1.068 ± 0.037  mfs 21.4 ± 1.3  [0.6s]
  greedy      acc 0.941 ± 0.025  obj 1.264 ± 0.027  mfs 30.8 ± 1.3  [0.6s]
  anneal      acc 0.937 ± 0.028  obj 1.281 ± 0.019  mfs 29.9 ± 1.4  [7.6s]

wine k=5: search space 31^(13*3) = 1.456e+58, exhaustive per class out of budget
  mass        acc 0.913 ± 0.037  obj 1.281 ± 0.028  mfs 39.6 ± 1.1  [0.2s]
  mst_mf      acc 0.891 ± 0.028  obj 1.340 ± 0.029  mfs 48.0 ± 1.8  [0.7s]
  mst_core    acc 0.919 ± 0.036  obj 1.317 ± 0.028  mfs 39.6 ± 0.9  [0.6s]
  greedy      acc 0.935 ± 0.019  obj 1.418 ± 0.028  mfs 55.7 ± 1.0  [1.1s]
  anneal      acc 0.917 ± 0.033  obj 1.465 ± 0.015  mfs 50.6 ± 2.0  [8.8s]

wine k=7: search space 127^(13*3) = 1.118e+82, exhaustive per class out of budget
  mass        acc 0.931 ± 0.035  obj 1.368 ± 0.029  mfs 55.0 ± 1.7  [0.2s]
  mst_mf      acc 0.935 ± 0.040  obj 1.403 ± 0.037  mfs 63.5 ± 2.9  [0.9s]
  mst_core    acc 0.931 ± 0.032  obj 1.384 ± 0.026  mfs 56.4 ± 1.7  [0.6s]
  greedy      acc 0.922 ± 0.038  obj 1.474 ± 0.030  mfs 80.2 ± 1.4  [1.8s]
  anneal      acc 0.957 ± 0.036  obj 1.513 ± 0.015  mfs 71.1 ± 2.2  [10.0s]

glass k=3: search space 7^(9*6) = 4.318e+45, exhaustive per class out of budget
  mass        acc 0.354 ± 0.088  obj 1.594 ± 0.111  mfs 13.6 ± 0.7  [0.2s]
  mst_mf      acc 0.488 ± 0.073  obj 1.685 ± 0.126  mfs 18.2 ± 1.4  [0.6s]
  mst_core    acc 0.371 ± 0.105  obj 1.672 ± 0.125  mfs 14.4 ± 0.6  [0.9s]
  greedy      acc 0.411 ± 0.065  obj 1.851 ± 0.102  mfs 20.2 ± 0.4  [0.7s]
  anneal      acc 0.415 ± 0.062  obj 1.887 ± 0.074  mfs 19.0 ± 0.6  [13.4s]

glass k=5: search space 31^(9*6) = 3.416e+80, exhaustive per class out of budget
  mass        acc 0.392 ± 0.080  obj 1.918 ± 0.110  mfs 20.6 ± 1.7  [0.2s]
  mst_mf      acc 0.463 ± 0.064  obj 1.911 ± 0.168  mfs 24.4 ± 3.2  [0.8s]
  mst_core    acc 0.412 ± 0.056  obj 1.987 ± 0.092  mfs 20.4 ± 1.0  [0.9s]
  greedy      acc 0.512 ± 0.057  obj 2.295 ± 0.080  mfs 33.0 ± 0.8  [1.7s]
  anneal      acc 0.511 ± 0.057  obj 2.317 ± 0.050  mfs 31.1 ± 1.1  [15.8s]

glass k=7: search space 127^(9*6) = 4.031e+113, exhaustive per class out of budget
  mass        acc 0.460 ± 0.036  obj 2.111 ± 0.083  mfs 25.9 ± 2.9  [0.2s]
  mst_mf      acc 0.398 ± 0.101  obj 2.093 ± 0.076  mfs 35.7 ± 3.0  [0.9s]
  mst_core    acc 0.511 ± 0.097  obj 2.226 ± 0.037  mfs 25.5 ± 2.0  [0.9s]
  greedy      acc 0.540 ± 0.085  obj 2.460 ± 0.067  mfs 48.2 ± 1.2  [3.0s]
  anneal      acc 0.555 ± 0.086  obj 2.479 ± 0.068  mfs 40.6 ± 2.4  [17.4s]

Total 113.9s
Wrote /home/user/grad-school/experiments/fuzzy-combinatorial-rules/outputs/results-disj-max.json
      /home/user/grad-school/experiments/fuzzy-combinatorial-rules/outputs/tables-disj-max.md
