Table 3.4 -- GPU speedups over the CPU  (seeds=[0, 1, 2, 3, 4, 5, 6, 7, 8, 9])
  device: NVIDIA GeForce RTX 4080 Laptop GPU, 12282 MiB, 610.74; compute capability 89; VRAM free 11.6/12.9 GB at start; CuPy 14.1.1; CUDA runtime 12.9
  warming device kernels (RawModule JIT, cuBLAS handles)...
  MST + VAT front end (float64, d=10)
    Boruvka MST (device)   N=4,000, float64, matrix resident  CPU    0.017s GPU    0.003s  ->     5.44x   order 1.000 (bit-identical)
    VAT front end          N=4,000, float64, order only       CPU    0.037s GPU    0.016s  ->     2.32x   order 1.000 (bit-identical)
    VAT front end          N=4,000, float64, UNMATCHED work   CPU    0.091s GPU    0.016s  ->     5.63x   order 1.000 (bit-identical)
    Boruvka MST (device)   N=8,000, float64, matrix resident  CPU    0.069s GPU    0.009s  ->     7.57x   order 1.000 (bit-identical)
    VAT front end          N=8,000, float64, order only       CPU    0.135s GPU    0.048s  ->     2.80x   order 1.000 (bit-identical)
    VAT front end          N=8,000, float64, UNMATCHED work   CPU    0.344s GPU    0.048s  ->     7.15x   order 1.000 (bit-identical)
    Boruvka MST (device)   N=16,000, float64, matrix resident CPU    0.248s GPU    0.032s  ->     7.68x   order 1.000 (bit-identical)
    VAT front end          N=16,000, float64, order only      CPU    0.543s GPU    0.140s  ->     3.88x   order 1.000 (bit-identical)
    VAT front end          N=16,000, float64, UNMATCHED work  CPU    1.327s GPU    0.140s  ->     9.48x   order 1.000 (bit-identical)
    Boruvka MST (device)   N=32,000, float64, matrix resident CPU    0.862s GPU    0.136s  ->     6.32x   order 1.000 (bit-identical)
    VAT front end          N=32,000, float64, order only      CPU    2.468s GPU    0.501s  ->     4.92x   order 1.000 (bit-identical)
    VAT front end          N=32,000, float64, UNMATCHED work  CPU    5.925s GPU    0.501s  ->    11.82x   order 1.000 (bit-identical)
  Fuzzy C-Means (k=10, d=20, m=2, <=100 iters)
    Fuzzy C-Means          N=50,000, k=10, d=20               CPU    2.302s GPU    0.159s  ->    14.44x   labels 1.000 ± 0.001; max abs Δcentre 4.9e-05
    Fuzzy C-Means          N=50,000, k=10, d=20, MATCHED formulation CPU    0.209s GPU    0.159s  ->     1.31x   labels 1.000; max abs Δcentre 1.6e-13
      (matched-formulation CPU arm converged in 11-78 iterations)
    Fuzzy C-Means          N=200,000, k=10, d=20              CPU   10.570s GPU    0.438s  ->    24.12x   labels 1.000; max abs Δcentre 4.8e-06
    Fuzzy C-Means          N=200,000, k=10, d=20, MATCHED formulation CPU    0.938s GPU    0.438s  ->     2.14x   labels 1.000; max abs Δcentre 3.2e-13
      (matched-formulation CPU arm converged in 13-100 iterations)
    Fuzzy C-Means          N=500,000, k=10, d=20              CPU   29.102s GPU    0.710s  ->    40.96x   labels 1.000; max abs Δcentre 9.8e-06
    Fuzzy C-Means          N=500,000, k=10, d=20, MATCHED formulation CPU    2.597s GPU    0.710s  ->     3.65x   labels 1.000; max abs Δcentre 6.0e-13
      (matched-formulation CPU arm converged in 12-100 iterations)
  Pairwise distances (N=16000)
    Pairwise distances     N=16,000, d=10, float64, high_precision CPU    0.277s GPU    0.936s  ->     0.30x   max abs Δ = 7.1e-15
    Pairwise distances     N=16,000, d=50, float64, high_precision CPU    0.404s GPU    1.069s  ->     0.38x   max abs Δ = 1.4e-14
    Pairwise distances     N=16,000, d=200, float64, high_precision CPU    1.501s GPU    1.385s  ->     1.08x   max abs Δ = 2.8e-14
    Pairwise distances     N=16,000, d=784, float64, high_precision CPU    7.015s GPU   10.891s  ->     0.64x   max abs Δ = 4.3e-14
    Pairwise distances     N=16,000, d=10, float32, high_precision CPU    0.201s GPU    0.575s  ->     0.35x   max abs Δ = 0.0e+00
    Pairwise distances     N=16,000, d=10, float32, fast (native acc) CPU    0.188s GPU    0.518s  ->     0.36x   max abs Δ = 3.8e-06
    Pairwise distances     N=16,000, d=50, float32, high_precision CPU    0.449s GPU    0.872s  ->     0.52x   max abs Δ = 0.0e+00
    Pairwise distances     N=16,000, d=50, float32, fast (native acc) CPU    0.443s GPU    0.604s  ->     0.73x   max abs Δ = 1.1e-05
    Pairwise distances     N=16,000, d=200, float32, high_precision CPU    1.567s GPU    1.470s  ->     1.07x   max abs Δ = 0.0e+00
    Pairwise distances     N=16,000, d=200, float32, fast (native acc) CPU    1.674s GPU    0.814s  ->     2.06x   max abs Δ = 3.8e-05
    Pairwise distances     N=16,000, d=784, float32, high_precision CPU    6.134s GPU    3.973s  ->     1.54x   max abs Δ = 0.0e+00
    Pairwise distances     N=16,000, d=784, float32, fast (native acc) CPU    6.728s GPU    1.609s  ->     4.18x   max abs Δ = 1.4e-04
  reachable-scale demonstration: N=48,000 float32 (9.22 GB resident)
    VAT front end          N=48,000, float32, 9.22 GB resident CPU    4.066s GPU    1.165s  ->     3.49x   order 0.99992; Prim total CPU 42023.180315 vs GPU 42023.180315 (rel 0.00e+00)
  wrote C:\personal\grad-school\reproduce\outputs\table_3_4_gpu_speedups.md
  wrote C:\personal\grad-school\reproduce\outputs\table_3_4_gpu_speedups.csv
