Filter:   0%|          | 0/15011 [00:00<?, ? examples/s]Filter: 100%|██████████| 15011/15011 [00:00<00:00, 1058198.55 examples/s]
Loading weights:   0%|          | 0/290 [00:00<?, ?it/s]Loading weights: 100%|██████████| 290/290 [00:00<00:00, 3224.13it/s]
[halluc] 32/1800
[halluc] 64/1800
[halluc] 96/1800
[halluc] 128/1800
[halluc] 160/1800
[halluc] 192/1800
[halluc] 224/1800
[halluc] 256/1800
[halluc] 288/1800
[halluc] 320/1800
[halluc] 352/1800
[halluc] 384/1800
[halluc] 416/1800
[halluc] 448/1800
[halluc] 480/1800
[halluc] 512/1800
[halluc] 544/1800
[halluc] 576/1800
[halluc] 608/1800
[halluc] 640/1800
[halluc] 672/1800
[halluc] 704/1800
[halluc] 736/1800
[halluc] 768/1800
[halluc] 800/1800
[halluc] 832/1800
[halluc] 864/1800
[halluc] 896/1800
[halluc] 928/1800
[halluc] 960/1800
[halluc] 992/1800
[halluc] 1024/1800
[halluc] 1056/1800
[halluc] 1088/1800
[halluc] 1120/1800
[halluc] 1152/1800
[halluc] 1184/1800
[halluc] 1216/1800
[halluc] 1248/1800
[halluc] 1280/1800
[halluc] 1312/1800
[halluc] 1344/1800
[halluc] 1376/1800
[halluc] 1408/1800
[halluc] 1440/1800
[halluc] 1472/1800
[halluc] 1504/1800
[halluc] 1536/1800
[halluc] 1568/1800
[halluc] 1600/1800
[halluc] 1632/1800
[halluc] 1664/1800
[halluc] 1696/1800
[halluc] 1728/1800
[halluc] 1760/1800
[halluc] 1792/1800
[halluc] 1800/1800
                 f1  ref_recall  n_tokens
cond                                     
no_context    0.287       0.378    31.279
with_context  0.442       0.611    29.643
