Loading weights:   0%|          | 0/434 [00:00<?, ?it/s]Loading weights: 100%|██████████| 434/434 [00:00<00:00, 14002.09it/s]
[fmri] 16/2250
[fmri] 32/2250
[fmri] 48/2250
[fmri] 64/2250
[fmri] 80/2250
[fmri] 96/2250
[fmri] 112/2250
[fmri] 128/2250
[fmri] 144/2250
[fmri] 160/2250
[fmri] 176/2250
[fmri] 192/2250
[fmri] 208/2250
[fmri] 224/2250
[fmri] 240/2250
[fmri] 256/2250
[fmri] 272/2250
[fmri] 288/2250
[fmri] 304/2250
[fmri] 320/2250
[fmri] 336/2250
[fmri] 352/2250
[fmri] 368/2250
[fmri] 384/2250
[fmri] 400/2250
[fmri] 416/2250
[fmri] 432/2250
[fmri] 448/2250
[fmri] 464/2250
[fmri] 480/2250
[fmri] 496/2250
[fmri] 512/2250
[fmri] 528/2250
[fmri] 544/2250
[fmri] 560/2250
[fmri] 576/2250
[fmri] 592/2250
[fmri] 608/2250
[fmri] 624/2250
[fmri] 640/2250
[fmri] 656/2250
[fmri] 672/2250
[fmri] 688/2250
[fmri] 704/2250
[fmri] 720/2250
[fmri] 736/2250
[fmri] 752/2250
[fmri] 768/2250
[fmri] 784/2250
[fmri] 800/2250
[fmri] 816/2250
[fmri] 832/2250
[fmri] 848/2250
[fmri] 864/2250
[fmri] 880/2250
[fmri] 896/2250
[fmri] 912/2250
[fmri] 928/2250
[fmri] 944/2250
[fmri] 960/2250
[fmri] 976/2250
[fmri] 992/2250
[fmri] 1008/2250
[fmri] 1024/2250
[fmri] 1040/2250
[fmri] 1056/2250
[fmri] 1072/2250
[fmri] 1088/2250
[fmri] 1104/2250
[fmri] 1120/2250
[fmri] 1136/2250
[fmri] 1152/2250
[fmri] 1168/2250
[fmri] 1184/2250
[fmri] 1200/2250
[fmri] 1216/2250
[fmri] 1232/2250
[fmri] 1248/2250
[fmri] 1264/2250
[fmri] 1280/2250
[fmri] 1296/2250
[fmri] 1312/2250
[fmri] 1328/2250
[fmri] 1344/2250
[fmri] 1360/2250
[fmri] 1376/2250
[fmri] 1392/2250
[fmri] 1408/2250
[fmri] 1424/2250
[fmri] 1440/2250
[fmri] 1456/2250
[fmri] 1472/2250
[fmri] 1488/2250
[fmri] 1504/2250
[fmri] 1520/2250
[fmri] 1536/2250
[fmri] 1552/2250
[fmri] 1568/2250
[fmri] 1584/2250
[fmri] 1600/2250
[fmri] 1616/2250
[fmri] 1632/2250
[fmri] 1648/2250
[fmri] 1664/2250
[fmri] 1680/2250
[fmri] 1696/2250
[fmri] 1712/2250
[fmri] 1728/2250
[fmri] 1744/2250
[fmri] 1760/2250
[fmri] 1776/2250
[fmri] 1792/2250
[fmri] 1808/2250
[fmri] 1824/2250
[fmri] 1840/2250
[fmri] 1856/2250
[fmri] 1872/2250
[fmri] 1888/2250
[fmri] 1904/2250
[fmri] 1920/2250
[fmri] 1936/2250
[fmri] 1952/2250
[fmri] 1968/2250
[fmri] 1984/2250
[fmri] 2000/2250
[fmri] 2016/2250
[fmri] 2032/2250
[fmri] 2048/2250
[fmri] 2064/2250
[fmri] 2080/2250
[fmri] 2096/2250
[fmri] 2112/2250
[fmri] 2128/2250
[fmri] 2144/2250
[fmri] 2160/2250
[fmri] 2176/2250
[fmri] 2192/2250
[fmri] 2208/2250
[fmri] 2224/2250
[fmri] 2240/2250
[fmri] 2250/2250
{
  "benign": 2000,
  "injection": 250
}
