Loading weights:   0%|          | 0/434 [00:00<?, ?it/s]Loading weights:  86%|████████▌ | 373/434 [00:00<00:00, 3725.53it/s]Loading weights: 100%|██████████| 434/434 [00:00<00:00, 3773.37it/s]
[fmri] 16/650
[fmri] 32/650
[fmri] 48/650
[fmri] 64/650
[fmri] 80/650
[fmri] 96/650
[fmri] 112/650
[fmri] 128/650
[fmri] 144/650
[fmri] 160/650
[fmri] 176/650
[fmri] 192/650
[fmri] 208/650
[fmri] 224/650
[fmri] 240/650
[fmri] 256/650
[fmri] 272/650
[fmri] 288/650
[fmri] 304/650
[fmri] 320/650
[fmri] 336/650
[fmri] 352/650
[fmri] 368/650
[fmri] 384/650
[fmri] 400/650
[fmri] 416/650
[fmri] 432/650
[fmri] 448/650
[fmri] 464/650
[fmri] 480/650
[fmri] 496/650
[fmri] 512/650
[fmri] 528/650
[fmri] 544/650
[fmri] 560/650
[fmri] 576/650
[fmri] 592/650
[fmri] 608/650
[fmri] 624/650
[fmri] 640/650
[fmri] 650/650
{
  "benign": 400,
  "injection": 250
}
