Goal G5b -- does quantile's advantage grow with target skew?
  synthetic: n=800 m=6 buckets=4 order=2nd seeds=[0, 1, 2, 3, 4, 5, 6, 7, 8, 9]

   lambda    skew  uniform R2  quantile R2      Q-U  unif min-n

Features Ranked by Differentiation Strength:
================================================================================
 1. x3                             - Score: 1.0000
 2. x5                             - Score: 0.5779
 3. x4                             - Score: 0.3458
 4. x0                             - Score: 0.1505
 5. x1                             - Score: 0.1177
 6. x2                             - Score: 0.1016
================================================================================

Features Ranked by Differentiation Strength:
================================================================================
 1. x3                             - Score: 1.0000
 2. x5                             - Score: 0.4685
 3. x4                             - Score: 0.3260
 4. x0                             - Score: 0.1443
 5. x1                             - Score: 0.1243
 6. x2                             - Score: 0.1144
================================================================================

Features Ranked by Differentiation Strength:
================================================================================
 1. x4                             - Score: 1.0000
 2. x5                             - Score: 0.8059
 3. x2                             - Score: 0.5690
 4. x1                             - Score: 0.2570
 5. x0                             - Score: 0.1612
 6. x3                             - Score: 0.1351
================================================================================

Features Ranked by Differentiation Strength:
================================================================================
 1. x4                             - Score: 1.0000
 2. x5                             - Score: 0.7271
 3. x2                             - Score: 0.5687
 4. x1                             - Score: 0.2517
 5. x3                             - Score: 0.2039
 6. x0                             - Score: 0.1472
================================================================================

Features Ranked by Differentiation Strength:
================================================================================
 1. x1                             - Score: 1.0000
 2. x3                             - Score: 0.7731
 3. x5                             - Score: 0.6399
 4. x2                             - Score: 0.6196
 5. x4                             - Score: 0.2320
 6. x0                             - Score: 0.1918
================================================================================

Features Ranked by Differentiation Strength:
================================================================================
 1. x1                             - Score: 1.0000
 2. x5                             - Score: 0.8390
 3. x3                             - Score: 0.7328
 4. x2                             - Score: 0.6824
 5. x4                             - Score: 0.3084
 6. x0                             - Score: 0.1792
================================================================================

Features Ranked by Differentiation Strength:
================================================================================
 1. x3                             - Score: 1.0000
 2. x2                             - Score: 0.6063
 3. x0                             - Score: 0.3410
 4. x4                             - Score: 0.2535
 5. x1                             - Score: 0.1940
 6. x5                             - Score: 0.1273
================================================================================

Features Ranked by Differentiation Strength:
================================================================================
 1. x3                             - Score: 1.0000
 2. x2                             - Score: 0.5491
 3. x0                             - Score: 0.4351
 4. x1                             - Score: 0.2265
 5. x4                             - Score: 0.2260
 6. x5                             - Score: 0.1230
================================================================================

Features Ranked by Differentiation Strength:
================================================================================
 1. x5                             - Score: 1.0000
 2. x1                             - Score: 0.8231
 3. x4                             - Score: 0.7713
 4. x0                             - Score: 0.3302
 5. x2                             - Score: 0.2959
 6. x3                             - Score: 0.2520
================================================================================

Features Ranked by Differentiation Strength:
================================================================================
 1. x5                             - Score: 1.0000
 2. x4                             - Score: 0.7684
 3. x1                             - Score: 0.7375
 4. x2                             - Score: 0.3663
 5. x3                             - Score: 0.3038
 6. x0                             - Score: 0.2029
================================================================================

Features Ranked by Differentiation Strength:
================================================================================
 1. x1                             - Score: 1.0000
 2. x2                             - Score: 0.9360
 3. x4                             - Score: 0.8922
 4. x5                             - Score: 0.4720
 5. x0                             - Score: 0.4410
 6. x3                             - Score: 0.3355
================================================================================

Features Ranked by Differentiation Strength:
================================================================================
 1. x1                             - Score: 1.0000
 2. x2                             - Score: 0.8776
 3. x4                             - Score: 0.7724
 4. x5                             - Score: 0.4898
 5. x0                             - Score: 0.4179
 6. x3                             - Score: 0.2901
================================================================================

Features Ranked by Differentiation Strength:
================================================================================
 1. x1                             - Score: 1.0000
 2. x2                             - Score: 0.5732
 3. x4                             - Score: 0.3790
 4. x5                             - Score: 0.2069
 5. x0                             - Score: 0.1001
 6. x3                             - Score: 0.0962
================================================================================

Features Ranked by Differentiation Strength:
================================================================================
 1. x1                             - Score: 1.0000
 2. x2                             - Score: 0.5819
 3. x4                             - Score: 0.4018
 4. x5                             - Score: 0.2652
 5. x3                             - Score: 0.1390
 6. x0                             - Score: 0.0904
================================================================================

Features Ranked by Differentiation Strength:
================================================================================
 1. x2                             - Score: 1.0000
 2. x1                             - Score: 0.8452
 3. x3                             - Score: 0.6926
 4. x5                             - Score: 0.4291
 5. x0                             - Score: 0.4036
 6. x4                             - Score: 0.1154
================================================================================

Features Ranked by Differentiation Strength:
================================================================================
 1. x2                             - Score: 1.0000
 2. x1                             - Score: 0.7181
 3. x3                             - Score: 0.5722
 4. x0                             - Score: 0.5305
 5. x5                             - Score: 0.4177
 6. x4                             - Score: 0.1659
================================================================================

Features Ranked by Differentiation Strength:
================================================================================
 1. x1                             - Score: 1.0000
 2. x0                             - Score: 0.8892
 3. x2                             - Score: 0.6163
 4. x5                             - Score: 0.4569
 5. x3                             - Score: 0.1307
 6. x4                             - Score: 0.1152
================================================================================

Features Ranked by Differentiation Strength:
================================================================================
 1. x1                             - Score: 1.0000
 2. x0                             - Score: 0.9487
 3. x2                             - Score: 0.6277
 4. x5                             - Score: 0.4493
 5. x3                             - Score: 0.1948
 6. x4                             - Score: 0.1747
================================================================================

Features Ranked by Differentiation Strength:
================================================================================
 1. x4                             - Score: 1.0000
 2. x1                             - Score: 0.7707
 3. x3                             - Score: 0.2200
 4. x0                             - Score: 0.1290
 5. x5                             - Score: 0.1097
 6. x2                             - Score: 0.1042
================================================================================

Features Ranked by Differentiation Strength:
================================================================================
 1. x4                             - Score: 1.0000
 2. x1                             - Score: 0.7467
 3. x3                             - Score: 0.1669
 4. x0                             - Score: 0.1316
 5. x5                             - Score: 0.0942
 6. x2                             - Score: 0.0694
================================================================================
     0.01   +0.05       0.912        0.911   -0.001          10

Features Ranked by Differentiation Strength:
================================================================================
 1. x3                             - Score: 1.0000
 2. x5                             - Score: 0.8912
 3. x4                             - Score: 0.4357
 4. x0                             - Score: 0.3816
 5. x2                             - Score: 0.3308
 6. x1                             - Score: 0.3238
================================================================================

Features Ranked by Differentiation Strength:
================================================================================
 1. x3                             - Score: 1.0000
 2. x5                             - Score: 0.4685
 3. x4                             - Score: 0.3260
 4. x0                             - Score: 0.1443
 5. x1                             - Score: 0.1243
 6. x2                             - Score: 0.1144
================================================================================

Features Ranked by Differentiation Strength:
================================================================================
 1. x4                             - Score: 1.0000
 2. x5                             - Score: 0.6930
 3. x2                             - Score: 0.4919
 4. x1                             - Score: 0.3044
 5. x0                             - Score: 0.2773
 6. x3                             - Score: 0.1940
================================================================================

Features Ranked by Differentiation Strength:
================================================================================
 1. x4                             - Score: 1.0000
 2. x5                             - Score: 0.7271
 3. x2                             - Score: 0.5687
 4. x1                             - Score: 0.2517
 5. x3                             - Score: 0.2039
 6. x0                             - Score: 0.1472
================================================================================

Features Ranked by Differentiation Strength:
================================================================================
 1. x4                             - Score: 1.0000
 2. x3                             - Score: 0.5635
 3. x1                             - Score: 0.5330
 4. x5                             - Score: 0.4876
 5. x2                             - Score: 0.4545
 6. x0                             - Score: 0.4050
================================================================================

Features Ranked by Differentiation Strength:
================================================================================
 1. x1                             - Score: 1.0000
 2. x5                             - Score: 0.8390
 3. x3                             - Score: 0.7328
 4. x2                             - Score: 0.6824
 5. x4                             - Score: 0.3084
 6. x0                             - Score: 0.1792
================================================================================

Features Ranked by Differentiation Strength:
================================================================================
 1. x3                             - Score: 1.0000
 2. x2                             - Score: 0.3477
 3. x0                             - Score: 0.2526
 4. x1                             - Score: 0.2275
 5. x5                             - Score: 0.2077
 6. x4                             - Score: 0.1863
================================================================================

Features Ranked by Differentiation Strength:
================================================================================
 1. x3                             - Score: 1.0000
 2. x2                             - Score: 0.5491
 3. x0                             - Score: 0.4351
 4. x1                             - Score: 0.2265
 5. x4                             - Score: 0.2260
 6. x5                             - Score: 0.1230
================================================================================

Features Ranked by Differentiation Strength:
================================================================================
 1. x4                             - Score: 1.0000
 2. x5                             - Score: 0.7509
 3. x1                             - Score: 0.7299
 4. x3                             - Score: 0.6333
 5. x2                             - Score: 0.4924
 6. x0                             - Score: 0.4648
================================================================================

Features Ranked by Differentiation Strength:
================================================================================
 1. x5                             - Score: 1.0000
 2. x4                             - Score: 0.7684
 3. x1                             - Score: 0.7375
 4. x2                             - Score: 0.3663
 5. x3                             - Score: 0.3038
 6. x0                             - Score: 0.2029
================================================================================

Features Ranked by Differentiation Strength:
================================================================================
 1. x1                             - Score: 1.0000
 2. x4                             - Score: 0.8536
 3. x2                             - Score: 0.7946
 4. x0                             - Score: 0.6561
 5. x5                             - Score: 0.6304
 6. x3                             - Score: 0.4562
================================================================================

Features Ranked by Differentiation Strength:
================================================================================
 1. x1                             - Score: 1.0000
 2. x2                             - Score: 0.8776
 3. x4                             - Score: 0.7724
 4. x5                             - Score: 0.4898
 5. x0                             - Score: 0.4179
 6. x3                             - Score: 0.2901
================================================================================

Features Ranked by Differentiation Strength:
================================================================================
 1. x1                             - Score: 1.0000
 2. x2                             - Score: 0.6466
 3. x4                             - Score: 0.5510
 4. x5                             - Score: 0.2458
 5. x3                             - Score: 0.2428
 6. x0                             - Score: 0.1613
================================================================================

Features Ranked by Differentiation Strength:
================================================================================
 1. x1                             - Score: 1.0000
 2. x2                             - Score: 0.5819
 3. x4                             - Score: 0.4018
 4. x5                             - Score: 0.2652
 5. x3                             - Score: 0.1390
 6. x0                             - Score: 0.0904
================================================================================

Features Ranked by Differentiation Strength:
================================================================================
 1. x0                             - Score: 1.0000
 2. x2                             - Score: 0.9499
 3. x5                             - Score: 0.8825
 4. x1                             - Score: 0.8283
 5. x3                             - Score: 0.8175
 6. x4                             - Score: 0.4717
================================================================================

Features Ranked by Differentiation Strength:
================================================================================
 1. x2                             - Score: 1.0000
 2. x1                             - Score: 0.7181
 3. x3                             - Score: 0.5722
 4. x0                             - Score: 0.5305
 5. x5                             - Score: 0.4177
 6. x4                             - Score: 0.1659
================================================================================

Features Ranked by Differentiation Strength:
================================================================================
 1. x1                             - Score: 1.0000
 2. x0                             - Score: 1.0000
 3. x2                             - Score: 0.6891
 4. x5                             - Score: 0.3626
 5. x4                             - Score: 0.2911
 6. x3                             - Score: 0.2608
================================================================================

Features Ranked by Differentiation Strength:
================================================================================
 1. x1                             - Score: 1.0000
 2. x0                             - Score: 0.9487
 3. x2                             - Score: 0.6277
 4. x5                             - Score: 0.4493
 5. x3                             - Score: 0.1948
 6. x4                             - Score: 0.1747
================================================================================

Features Ranked by Differentiation Strength:
================================================================================
 1. x4                             - Score: 1.0000
 2. x1                             - Score: 0.6903
 3. x2                             - Score: 0.3851
 4. x5                             - Score: 0.3530
 5. x0                             - Score: 0.3165
 6. x3                             - Score: 0.2894
================================================================================

Features Ranked by Differentiation Strength:
================================================================================
 1. x4                             - Score: 1.0000
 2. x1                             - Score: 0.7467
 3. x3                             - Score: 0.1669
 4. x0                             - Score: 0.1316
 5. x5                             - Score: 0.0942
 6. x2                             - Score: 0.0694
================================================================================
     0.50   +1.84       0.885        0.876   -0.009           1

Features Ranked by Differentiation Strength:
================================================================================
 1. x5                             - Score: 1.0000
 2. x3                             - Score: 0.9154
 3. x4                             - Score: 0.4858
 4. x0                             - Score: 0.4543
 5. x1                             - Score: 0.4467
 6. x2                             - Score: 0.4333
================================================================================

Features Ranked by Differentiation Strength:
================================================================================
 1. x3                             - Score: 1.0000
 2. x5                             - Score: 0.4685
 3. x4                             - Score: 0.3260
 4. x0                             - Score: 0.1443
 5. x1                             - Score: 0.1243
 6. x2                             - Score: 0.1144
================================================================================

Features Ranked by Differentiation Strength:
================================================================================
 1. x4                             - Score: 1.0000
 2. x5                             - Score: 0.6598
 3. x1                             - Score: 0.5146
 4. x2                             - Score: 0.5021
 5. x0                             - Score: 0.3636
 6. x3                             - Score: 0.3033
================================================================================

Features Ranked by Differentiation Strength:
================================================================================
 1. x4                             - Score: 1.0000
 2. x5                             - Score: 0.7271
 3. x2                             - Score: 0.5687
 4. x1                             - Score: 0.2517
 5. x3                             - Score: 0.2039
 6. x0                             - Score: 0.1472
================================================================================

Features Ranked by Differentiation Strength:
================================================================================
 1. x4                             - Score: 1.0000
 2. x3                             - Score: 0.4451
 3. x1                             - Score: 0.3961
 4. x5                             - Score: 0.3746
 5. x2                             - Score: 0.3398
 6. x0                             - Score: 0.3327
================================================================================

Features Ranked by Differentiation Strength:
================================================================================
 1. x1                             - Score: 1.0000
 2. x5                             - Score: 0.8390
 3. x3                             - Score: 0.7328
 4. x2                             - Score: 0.6824
 5. x4                             - Score: 0.3084
 6. x0                             - Score: 0.1792
================================================================================

Features Ranked by Differentiation Strength:
================================================================================
 1. x3                             - Score: 1.0000
 2. x5                             - Score: 0.4746
 3. x4                             - Score: 0.4481
 4. x2                             - Score: 0.3372
 5. x1                             - Score: 0.2981
 6. x0                             - Score: 0.2652
================================================================================

Features Ranked by Differentiation Strength:
================================================================================
 1. x3                             - Score: 1.0000
 2. x2                             - Score: 0.5491
 3. x0                             - Score: 0.4351
 4. x1                             - Score: 0.2265
 5. x4                             - Score: 0.2260
 6. x5                             - Score: 0.1230
================================================================================

Features Ranked by Differentiation Strength:
================================================================================
 1. x3                             - Score: 1.0000
 2. x4                             - Score: 0.8847
 3. x1                             - Score: 0.8291
 4. x5                             - Score: 0.6554
 5. x2                             - Score: 0.5283
 6. x0                             - Score: 0.5068
================================================================================

Features Ranked by Differentiation Strength:
================================================================================
 1. x5                             - Score: 1.0000
 2. x4                             - Score: 0.7684
 3. x1                             - Score: 0.7375
 4. x2                             - Score: 0.3663
 5. x3                             - Score: 0.3038
 6. x0                             - Score: 0.2029
================================================================================

Features Ranked by Differentiation Strength:
================================================================================
 1. x4                             - Score: 1.0000
 2. x0                             - Score: 0.8034
 3. x1                             - Score: 0.7366
 4. x2                             - Score: 0.6578
 5. x5                             - Score: 0.4985
 6. x3                             - Score: 0.3629
================================================================================

Features Ranked by Differentiation Strength:
================================================================================
 1. x1                             - Score: 1.0000
 2. x2                             - Score: 0.8776
 3. x4                             - Score: 0.7724
 4. x5                             - Score: 0.4898
 5. x0                             - Score: 0.4179
 6. x3                             - Score: 0.2901
================================================================================

Features Ranked by Differentiation Strength:
================================================================================
 1. x1                             - Score: 1.0000
 2. x2                             - Score: 0.9422
 3. x4                             - Score: 0.7057
 4. x3                             - Score: 0.4810
 5. x0                             - Score: 0.3905
 6. x5                             - Score: 0.3259
================================================================================

Features Ranked by Differentiation Strength:
================================================================================
 1. x1                             - Score: 1.0000
 2. x2                             - Score: 0.5819
 3. x4                             - Score: 0.4018
 4. x5                             - Score: 0.2652
 5. x3                             - Score: 0.1390
 6. x0                             - Score: 0.0904
================================================================================

Features Ranked by Differentiation Strength:
================================================================================
 1. x0                             - Score: 1.0000
 2. x1                             - Score: 0.8336
 3. x2                             - Score: 0.8268
 4. x5                             - Score: 0.7981
 5. x3                             - Score: 0.7812
 6. x4                             - Score: 0.4606
================================================================================

Features Ranked by Differentiation Strength:
================================================================================
 1. x2                             - Score: 1.0000
 2. x1                             - Score: 0.7181
 3. x3                             - Score: 0.5722
 4. x0                             - Score: 0.5305
 5. x5                             - Score: 0.4177
 6. x4                             - Score: 0.1659
================================================================================

Features Ranked by Differentiation Strength:
================================================================================
 1. x1                             - Score: 1.0000
 2. x5                             - Score: 0.7802
 3. x0                             - Score: 0.7077
 4. x2                             - Score: 0.5771
 5. x4                             - Score: 0.4264
 6. x3                             - Score: 0.3454
================================================================================

Features Ranked by Differentiation Strength:
================================================================================
 1. x1                             - Score: 1.0000
 2. x0                             - Score: 0.9487
 3. x2                             - Score: 0.6277
 4. x5                             - Score: 0.4493
 5. x3                             - Score: 0.1948
 6. x4                             - Score: 0.1747
================================================================================

Features Ranked by Differentiation Strength:
================================================================================
 1. x4                             - Score: 1.0000
 2. x3                             - Score: 0.6951
 3. x2                             - Score: 0.5636
 4. x1                             - Score: 0.4659
 5. x5                             - Score: 0.3400
 6. x0                             - Score: 0.2807
================================================================================

Features Ranked by Differentiation Strength:
================================================================================
 1. x4                             - Score: 1.0000
 2. x1                             - Score: 0.7467
 3. x3                             - Score: 0.1669
 4. x0                             - Score: 0.1316
 5. x5                             - Score: 0.0942
 6. x2                             - Score: 0.0694
================================================================================
     1.00   +5.32       0.705        0.728   +0.023           0

Features Ranked by Differentiation Strength:
================================================================================
 1. x5                             - Score: 1.0000
 2. x3                             - Score: 0.9506
 3. x4                             - Score: 0.4564
 4. x2                             - Score: 0.4052
 5. x0                             - Score: 0.3840
 6. x1                             - Score: 0.3721
================================================================================

Features Ranked by Differentiation Strength:
================================================================================
 1. x3                             - Score: 1.0000
 2. x5                             - Score: 0.4685
 3. x4                             - Score: 0.3260
 4. x0                             - Score: 0.1443
 5. x1                             - Score: 0.1243
 6. x2                             - Score: 0.1144
================================================================================

Features Ranked by Differentiation Strength:
================================================================================
 1. x4                             - Score: 1.0000
 2. x1                             - Score: 0.5304
 3. x5                             - Score: 0.5047
 4. x0                             - Score: 0.4849
 5. x2                             - Score: 0.3730
 6. x3                             - Score: 0.3319
================================================================================

Features Ranked by Differentiation Strength:
================================================================================
 1. x4                             - Score: 1.0000
 2. x5                             - Score: 0.7271
 3. x2                             - Score: 0.5687
 4. x1                             - Score: 0.2517
 5. x3                             - Score: 0.2039
 6. x0                             - Score: 0.1472
================================================================================

Features Ranked by Differentiation Strength:
================================================================================
 1. x4                             - Score: 1.0000
 2. x5                             - Score: 0.9461
 3. x2                             - Score: 0.8405
 4. x1                             - Score: 0.8072
 5. x0                             - Score: 0.7113
 6. x3                             - Score: 0.6383
================================================================================

Features Ranked by Differentiation Strength:
================================================================================
 1. x1                             - Score: 1.0000
 2. x5                             - Score: 0.8390
 3. x3                             - Score: 0.7328
 4. x2                             - Score: 0.6824
 5. x4                             - Score: 0.3084
 6. x0                             - Score: 0.1792
================================================================================

Features Ranked by Differentiation Strength:
================================================================================
 1. x3                             - Score: 1.0000
 2. x4                             - Score: 0.5240
 3. x5                             - Score: 0.3276
 4. x2                             - Score: 0.2700
 5. x0                             - Score: 0.2359
 6. x1                             - Score: 0.1964
================================================================================

Features Ranked by Differentiation Strength:
================================================================================
 1. x3                             - Score: 1.0000
 2. x2                             - Score: 0.5491
 3. x0                             - Score: 0.4351
 4. x1                             - Score: 0.2265
 5. x4                             - Score: 0.2260
 6. x5                             - Score: 0.1230
================================================================================

Features Ranked by Differentiation Strength:
================================================================================
 1. x4                             - Score: 1.0000
 2. x5                             - Score: 0.7154
 3. x1                             - Score: 0.6939
 4. x3                             - Score: 0.6137
 5. x2                             - Score: 0.4363
 6. x0                             - Score: 0.3597
================================================================================

Features Ranked by Differentiation Strength:
================================================================================
 1. x5                             - Score: 1.0000
 2. x4                             - Score: 0.7684
 3. x1                             - Score: 0.7375
 4. x2                             - Score: 0.3663
 5. x3                             - Score: 0.3038
 6. x0                             - Score: 0.2029
================================================================================

Features Ranked by Differentiation Strength:
================================================================================
 1. x2                             - Score: 1.0000
 2. x1                             - Score: 0.9295
 3. x4                             - Score: 0.8175
 4. x0                             - Score: 0.7234
 5. x5                             - Score: 0.7091
 6. x3                             - Score: 0.6096
================================================================================

Features Ranked by Differentiation Strength:
================================================================================
 1. x1                             - Score: 1.0000
 2. x2                             - Score: 0.8776
 3. x4                             - Score: 0.7724
 4. x5                             - Score: 0.4898
 5. x0                             - Score: 0.4179
 6. x3                             - Score: 0.2901
================================================================================

Features Ranked by Differentiation Strength:
================================================================================
 1. x2                             - Score: 1.0000
 2. x1                             - Score: 0.9356
 3. x3                             - Score: 0.8212
 4. x4                             - Score: 0.7147
 5. x0                             - Score: 0.6298
 6. x5                             - Score: 0.3689
================================================================================

Features Ranked by Differentiation Strength:
================================================================================
 1. x1                             - Score: 1.0000
 2. x2                             - Score: 0.5819
 3. x4                             - Score: 0.4018
 4. x5                             - Score: 0.2652
 5. x3                             - Score: 0.1390
 6. x0                             - Score: 0.0904
================================================================================

Features Ranked by Differentiation Strength:
================================================================================
 1. x3                             - Score: 1.0000
 2. x0                             - Score: 0.0693
 3. x2                             - Score: 0.0516
 4. x5                             - Score: 0.0500
 5. x1                             - Score: 0.0493
 6. x4                             - Score: 0.0257
================================================================================

Features Ranked by Differentiation Strength:
================================================================================
 1. x2                             - Score: 1.0000
 2. x1                             - Score: 0.7181
 3. x3                             - Score: 0.5722
 4. x0                             - Score: 0.5305
 5. x5                             - Score: 0.4177
 6. x4                             - Score: 0.1659
================================================================================

Features Ranked by Differentiation Strength:
================================================================================
 1. x1                             - Score: 1.0000
 2. x0                             - Score: 0.5316
 3. x5                             - Score: 0.4455
 4. x2                             - Score: 0.3438
 5. x4                             - Score: 0.2875
 6. x3                             - Score: 0.2850
================================================================================

Features Ranked by Differentiation Strength:
================================================================================
 1. x1                             - Score: 1.0000
 2. x0                             - Score: 0.9487
 3. x2                             - Score: 0.6277
 4. x5                             - Score: 0.4493
 5. x3                             - Score: 0.1948
 6. x4                             - Score: 0.1747
================================================================================

Features Ranked by Differentiation Strength:
================================================================================
 1. x4                             - Score: 1.0000
 2. x1                             - Score: 0.5593
 3. x2                             - Score: 0.4613
 4. x0                             - Score: 0.4486
 5. x3                             - Score: 0.4156
 6. x5                             - Score: 0.3639
================================================================================

Features Ranked by Differentiation Strength:
================================================================================
 1. x4                             - Score: 1.0000
 2. x1                             - Score: 0.7467
 3. x3                             - Score: 0.1669
 4. x0                             - Score: 0.1316
 5. x5                             - Score: 0.0942
 6. x2                             - Score: 0.0694
================================================================================
     1.50  +10.44       0.370        0.183   -0.187           0

Features Ranked by Differentiation Strength:
================================================================================
 1. x5                             - Score: 1.0000
 2. x3                             - Score: 0.8871
 3. x0                             - Score: 0.4068
 4. x1                             - Score: 0.3441
 5. x4                             - Score: 0.3198
 6. x2                             - Score: 0.3127
================================================================================

Features Ranked by Differentiation Strength:
================================================================================
 1. x3                             - Score: 1.0000
 2. x5                             - Score: 0.4685
 3. x4                             - Score: 0.3260
 4. x0                             - Score: 0.1443
 5. x1                             - Score: 0.1243
 6. x2                             - Score: 0.1144
================================================================================

Features Ranked by Differentiation Strength:
================================================================================
 1. x4                             - Score: 1.0000
 2. x5                             - Score: 0.5443
 3. x0                             - Score: 0.5371
 4. x1                             - Score: 0.5105
 5. x3                             - Score: 0.3869
 6. x2                             - Score: 0.3272
================================================================================

Features Ranked by Differentiation Strength:
================================================================================
 1. x4                             - Score: 1.0000
 2. x5                             - Score: 0.7271
 3. x2                             - Score: 0.5687
 4. x1                             - Score: 0.2517
 5. x3                             - Score: 0.2039
 6. x0                             - Score: 0.1472
================================================================================

Features Ranked by Differentiation Strength:
================================================================================
 1. x4                             - Score: 1.0000
 2. x5                             - Score: 0.9461
 3. x2                             - Score: 0.8405
 4. x1                             - Score: 0.8072
 5. x0                             - Score: 0.7113
 6. x3                             - Score: 0.6383
================================================================================

Features Ranked by Differentiation Strength:
================================================================================
 1. x1                             - Score: 1.0000
 2. x5                             - Score: 0.8390
 3. x3                             - Score: 0.7328
 4. x2                             - Score: 0.6824
 5. x4                             - Score: 0.3084
 6. x0                             - Score: 0.1792
================================================================================

Features Ranked by Differentiation Strength:
================================================================================
 1. x3                             - Score: 1.0000
 2. x4                             - Score: 0.5208
 3. x5                             - Score: 0.4572
 4. x1                             - Score: 0.4474
 5. x2                             - Score: 0.3189
 6. x0                             - Score: 0.2553
================================================================================

Features Ranked by Differentiation Strength:
================================================================================
 1. x3                             - Score: 1.0000
 2. x2                             - Score: 0.5491
 3. x0                             - Score: 0.4351
 4. x1                             - Score: 0.2265
 5. x4                             - Score: 0.2260
 6. x5                             - Score: 0.1230
================================================================================

Features Ranked by Differentiation Strength:
================================================================================
 1. x4                             - Score: 1.0000
 2. x3                             - Score: 0.9903
 3. x1                             - Score: 0.9713
 4. x5                             - Score: 0.6937
 5. x2                             - Score: 0.5455
 6. x0                             - Score: 0.4707
================================================================================

Features Ranked by Differentiation Strength:
================================================================================
 1. x5                             - Score: 1.0000
 2. x4                             - Score: 0.7684
 3. x1                             - Score: 0.7375
 4. x2                             - Score: 0.3663
 5. x3                             - Score: 0.3038
 6. x0                             - Score: 0.2029
================================================================================

Features Ranked by Differentiation Strength:
================================================================================
 1. x4                             - Score: 1.0000
 2. x1                             - Score: 0.7778
 3. x0                             - Score: 0.7406
 4. x2                             - Score: 0.6487
 5. x5                             - Score: 0.4899
 6. x3                             - Score: 0.3704
================================================================================

Features Ranked by Differentiation Strength:
================================================================================
 1. x1                             - Score: 1.0000
 2. x2                             - Score: 0.8776
 3. x4                             - Score: 0.7724
 4. x5                             - Score: 0.4898
 5. x0                             - Score: 0.4179
 6. x3                             - Score: 0.2901
================================================================================

Features Ranked by Differentiation Strength:
================================================================================
 1. x2                             - Score: 1.0000
 2. x1                             - Score: 0.8922
 3. x4                             - Score: 0.8032
 4. x3                             - Score: 0.7702
 5. x0                             - Score: 0.6103
 6. x5                             - Score: 0.4242
================================================================================

Features Ranked by Differentiation Strength:
================================================================================
 1. x1                             - Score: 1.0000
 2. x2                             - Score: 0.5819
 3. x4                             - Score: 0.4018
 4. x5                             - Score: 0.2652
 5. x3                             - Score: 0.1390
 6. x0                             - Score: 0.0904
================================================================================

Features Ranked by Differentiation Strength:
================================================================================
 1. x0                             - Score: 1.0000
 2. x2                             - Score: 0.7721
 3. x3                             - Score: 0.7282
 4. x5                             - Score: 0.6664
 5. x1                             - Score: 0.4248
 6. x4                             - Score: 0.3758
================================================================================

Features Ranked by Differentiation Strength:
================================================================================
 1. x2                             - Score: 1.0000
 2. x1                             - Score: 0.7181
 3. x3                             - Score: 0.5722
 4. x0                             - Score: 0.5305
 5. x5                             - Score: 0.4177
 6. x4                             - Score: 0.1659
================================================================================

Features Ranked by Differentiation Strength:
================================================================================
 1. x1                             - Score: 1.0000
 2. x5                             - Score: 0.8873
 3. x0                             - Score: 0.7453
 4. x2                             - Score: 0.6436
 5. x4                             - Score: 0.5538
 6. x3                             - Score: 0.4455
================================================================================

Features Ranked by Differentiation Strength:
================================================================================
 1. x1                             - Score: 1.0000
 2. x0                             - Score: 0.9487
 3. x2                             - Score: 0.6277
 4. x5                             - Score: 0.4493
 5. x3                             - Score: 0.1948
 6. x4                             - Score: 0.1747
================================================================================

Features Ranked by Differentiation Strength:
================================================================================
 1. x4                             - Score: 1.0000
 2. x1                             - Score: 0.6211
 3. x2                             - Score: 0.5329
 4. x3                             - Score: 0.3941
 5. x5                             - Score: 0.3808
 6. x0                             - Score: 0.3557
================================================================================

Features Ranked by Differentiation Strength:
================================================================================
 1. x4                             - Score: 1.0000
 2. x1                             - Score: 0.7467
 3. x3                             - Score: 0.1669
 4. x0                             - Score: 0.1316
 5. x5                             - Score: 0.0942
 6. x2                             - Score: 0.0694
================================================================================
     2.00  +14.71       0.211       -2.105   -2.316           0

Features Ranked by Differentiation Strength:
================================================================================
 1. x5                             - Score: 1.0000
 2. x3                             - Score: 0.8871
 3. x0                             - Score: 0.4068
 4. x1                             - Score: 0.3441
 5. x4                             - Score: 0.3198
 6. x2                             - Score: 0.3127
================================================================================

Features Ranked by Differentiation Strength:
================================================================================
 1. x3                             - Score: 1.0000
 2. x5                             - Score: 0.4685
 3. x4                             - Score: 0.3260
 4. x0                             - Score: 0.1443
 5. x1                             - Score: 0.1243
 6. x2                             - Score: 0.1144
================================================================================

Features Ranked by Differentiation Strength:
================================================================================
 1. x4                             - Score: 1.0000
 2. x1                             - Score: 0.5343
 3. x5                             - Score: 0.3620
 4. x0                             - Score: 0.3253
 5. x3                             - Score: 0.3152
 6. x2                             - Score: 0.3028
================================================================================

Features Ranked by Differentiation Strength:
================================================================================
 1. x4                             - Score: 1.0000
 2. x5                             - Score: 0.7271
 3. x2                             - Score: 0.5687
 4. x1                             - Score: 0.2517
 5. x3                             - Score: 0.2039
 6. x0                             - Score: 0.1472
================================================================================

Features Ranked by Differentiation Strength:
================================================================================
 1. x4                             - Score: 1.0000
 2. x5                             - Score: 0.9461
 3. x2                             - Score: 0.8405
 4. x1                             - Score: 0.8072
 5. x0                             - Score: 0.7113
 6. x3                             - Score: 0.6383
================================================================================

Features Ranked by Differentiation Strength:
================================================================================
 1. x1                             - Score: 1.0000
 2. x5                             - Score: 0.8390
 3. x3                             - Score: 0.7328
 4. x2                             - Score: 0.6824
 5. x4                             - Score: 0.3084
 6. x0                             - Score: 0.1792
================================================================================

Features Ranked by Differentiation Strength:
================================================================================
 1. x3                             - Score: 1.0000
 2. x5                             - Score: 0.6612
 3. x4                             - Score: 0.6051
 4. x2                             - Score: 0.2130
 5. x0                             - Score: 0.1824
 6. x1                             - Score: 0.1812
================================================================================

Features Ranked by Differentiation Strength:
================================================================================
 1. x3                             - Score: 1.0000
 2. x2                             - Score: 0.5491
 3. x0                             - Score: 0.4351
 4. x1                             - Score: 0.2265
 5. x4                             - Score: 0.2260
 6. x5                             - Score: 0.1230
================================================================================

Features Ranked by Differentiation Strength:
================================================================================
 1. x4                             - Score: 1.0000
 2. x3                             - Score: 0.6312
 3. x5                             - Score: 0.6157
 4. x1                             - Score: 0.5715
 5. x2                             - Score: 0.4398
 6. x0                             - Score: 0.3756
================================================================================

Features Ranked by Differentiation Strength:
================================================================================
 1. x5                             - Score: 1.0000
 2. x4                             - Score: 0.7684
 3. x1                             - Score: 0.7375
 4. x2                             - Score: 0.3663
 5. x3                             - Score: 0.3038
 6. x0                             - Score: 0.2029
================================================================================

Features Ranked by Differentiation Strength:
================================================================================
 1. x4                             - Score: 1.0000
 2. x1                             - Score: 0.8916
 3. x0                             - Score: 0.8899
 4. x2                             - Score: 0.6038
 5. x5                             - Score: 0.5363
 6. x3                             - Score: 0.4507
================================================================================

Features Ranked by Differentiation Strength:
================================================================================
 1. x1                             - Score: 1.0000
 2. x2                             - Score: 0.8776
 3. x4                             - Score: 0.7724
 4. x5                             - Score: 0.4898
 5. x0                             - Score: 0.4179
 6. x3                             - Score: 0.2901
================================================================================

Features Ranked by Differentiation Strength:
================================================================================
 1. x4                             - Score: 1.0000
 2. x2                             - Score: 0.7656
 3. x3                             - Score: 0.6824
 4. x1                             - Score: 0.5728
 5. x0                             - Score: 0.5690
 6. x5                             - Score: 0.2972
================================================================================

Features Ranked by Differentiation Strength:
================================================================================
 1. x1                             - Score: 1.0000
 2. x2                             - Score: 0.5819
 3. x4                             - Score: 0.4018
 4. x5                             - Score: 0.2652
 5. x3                             - Score: 0.1390
 6. x0                             - Score: 0.0904
================================================================================

Features Ranked by Differentiation Strength:
================================================================================
 1. x0                             - Score: 1.0000
 2. x2                             - Score: 0.7721
 3. x3                             - Score: 0.7282
 4. x5                             - Score: 0.6664
 5. x1                             - Score: 0.4248
 6. x4                             - Score: 0.3758
================================================================================

Features Ranked by Differentiation Strength:
================================================================================
 1. x2                             - Score: 1.0000
 2. x1                             - Score: 0.7181
 3. x3                             - Score: 0.5722
 4. x0                             - Score: 0.5305
 5. x5                             - Score: 0.4177
 6. x4                             - Score: 0.1659
================================================================================

Features Ranked by Differentiation Strength:
================================================================================
 1. x1                             - Score: 1.0000
 2. x5                             - Score: 0.8267
 3. x0                             - Score: 0.7090
 4. x2                             - Score: 0.5602
 5. x4                             - Score: 0.4202
 6. x3                             - Score: 0.3485
================================================================================

Features Ranked by Differentiation Strength:
================================================================================
 1. x1                             - Score: 1.0000
 2. x0                             - Score: 0.9487
 3. x2                             - Score: 0.6277
 4. x5                             - Score: 0.4493
 5. x3                             - Score: 0.1948
 6. x4                             - Score: 0.1747
================================================================================

Features Ranked by Differentiation Strength:
================================================================================
 1. x4                             - Score: 1.0000
 2. x1                             - Score: 0.5247
 3. x2                             - Score: 0.4581
 4. x3                             - Score: 0.3825
 5. x0                             - Score: 0.3441
 6. x5                             - Score: 0.3235
================================================================================

Features Ranked by Differentiation Strength:
================================================================================
 1. x4                             - Score: 1.0000
 2. x1                             - Score: 0.7467
 3. x3                             - Score: 0.1669
 4. x0                             - Score: 0.1316
 5. x5                             - Score: 0.0942
 6. x2                             - Score: 0.0694
================================================================================
     2.50  +17.71       0.029      -12.592  -12.621           0
  wrote C:\personal\grad-school\reproduce\outputs\table_g5b_skew_sweep.md
  wrote C:\personal\grad-school\reproduce\outputs\table_g5b_skew_sweep.csv
