Table 3.4 -- GPU speedups over the CPU  (seeds=[0, 1, 2, 3, 4, 5, 6, 7, 8, 9])
  device: NVIDIA GeForce RTX 4080 Laptop GPU, 12282 MiB, 610.74; compute capability 89; VRAM free 11.6/12.9 GB at start; CuPy 14.1.1; CUDA runtime 12.9
  warming device kernels (RawModule JIT, cuBLAS handles)...
  MST + VAT front end (float64, d=10)
    Boruvka MST (device)   N=4,000, float64, matrix resident  CPU    0.015s GPU    0.004s  ->     4.14x   order 1.000 (bit-identical)
    VAT front end          N=4,000, float64, order only       CPU    0.035s GPU    0.016s  ->     2.25x   order 1.000 (bit-identical)
    VAT front end          N=4,000, float64, UNMATCHED work   CPU    0.087s GPU    0.016s  ->     5.56x   order 1.000 (bit-identical)
    Boruvka MST (device)   N=8,000, float64, matrix resident  CPU    0.062s GPU    0.012s  ->     5.23x   order 1.000 (bit-identical)
    VAT front end          N=8,000, float64, order only       CPU    0.131s GPU    0.046s  ->     2.85x   order 1.000 (bit-identical)
    VAT front end          N=8,000, float64, UNMATCHED work   CPU    0.301s GPU    0.046s  ->     6.54x   order 1.000 (bit-identical)
    Boruvka MST (device)   N=16,000, float64, matrix resident CPU    0.213s GPU    0.048s  ->     4.44x   order 1.000 (bit-identical)
    VAT front end          N=16,000, float64, order only      CPU    0.508s GPU    0.168s  ->     3.03x   order 1.000 (bit-identical)
    VAT front end          N=16,000, float64, UNMATCHED work  CPU    1.247s GPU    0.168s  ->     7.44x   order 1.000 (bit-identical)
    Boruvka MST (device)   N=32,000, float64, matrix resident CPU    0.826s GPU    0.199s  ->     4.16x   order 1.000 (bit-identical)
    VAT front end          N=32,000, float64, order only      CPU    2.431s GPU    0.629s  ->     3.86x   order 1.000 (bit-identical)
    VAT front end          N=32,000, float64, UNMATCHED work  CPU    5.803s GPU    0.629s  ->     9.22x   order 1.000 (bit-identical)
  Fuzzy C-Means (k=10, d=20, m=2, <=100 iters)
    Fuzzy C-Means          N=50,000, k=10, d=20               CPU    0.409s GPU    0.102s  ->     4.01x   labels 1.000 ± 0.001; max abs Δcentre 4.9e-05
    Fuzzy C-Means          N=50,000, k=10, d=20, MATCHED formulation CPU    0.208s GPU    0.102s  ->     2.03x   labels 1.000; max abs Δcentre 1.6e-13
      (matched-formulation CPU arm converged in 11-78 iterations)
    Fuzzy C-Means          N=200,000, k=10, d=20              CPU    1.932s GPU    0.320s  ->     6.03x   labels 1.000; max abs Δcentre 4.8e-06
    Fuzzy C-Means          N=200,000, k=10, d=20, MATCHED formulation CPU    0.968s GPU    0.320s  ->     3.02x   labels 1.000; max abs Δcentre 3.2e-13
      (matched-formulation CPU arm converged in 13-100 iterations)
    Fuzzy C-Means          N=500,000, k=10, d=20              CPU    5.382s GPU    0.963s  ->     5.59x   labels 1.000; max abs Δcentre 9.8e-06
    Fuzzy C-Means          N=500,000, k=10, d=20, MATCHED formulation CPU    2.748s GPU    0.963s  ->     2.86x   labels 1.000; max abs Δcentre 6.0e-13
      (matched-formulation CPU arm converged in 12-100 iterations)
  Pairwise distances (N=16000)
    Pairwise distances     N=16,000, d=10, float64, high_precision CPU    0.280s GPU    0.957s  ->     0.29x   max abs Δ = 7.1e-15
    Pairwise distances     N=16,000, d=50, float64, high_precision CPU    0.342s GPU    1.141s  ->     0.30x   max abs Δ = 2.8e-14
    Pairwise distances     N=16,000, d=200, float64, high_precision CPU    0.845s GPU    1.667s  ->     0.51x   max abs Δ = 7.1e-14
    Pairwise distances     N=16,000, d=784, float64, high_precision CPU    4.816s GPU   13.192s  ->     0.37x   max abs Δ = 2.8e-13
    Pairwise distances     N=16,000, d=10, float32, high_precision CPU    0.185s GPU    0.642s  ->     0.29x   max abs Δ = 0.0e+00
    Pairwise distances     N=16,000, d=10, float32, fast (native acc) CPU    0.185s GPU    0.535s  ->     0.35x   max abs Δ = 3.8e-06
    Pairwise distances     N=16,000, d=50, float32, high_precision CPU    0.266s GPU    0.882s  ->     0.30x   max abs Δ = 1.9e-06
    Pairwise distances     N=16,000, d=50, float32, fast (native acc) CPU    0.258s GPU    0.629s  ->     0.41x   max abs Δ = 1.1e-05
    Pairwise distances     N=16,000, d=200, float32, high_precision CPU    0.657s GPU    1.644s  ->     0.40x   max abs Δ = 3.8e-06
    Pairwise distances     N=16,000, d=200, float32, fast (native acc) CPU    0.653s GPU    0.883s  ->     0.74x   max abs Δ = 3.8e-05
    Pairwise distances     N=16,000, d=784, float32, high_precision CPU    2.684s GPU    5.095s  ->     0.53x   max abs Δ = 7.6e-06
    Pairwise distances     N=16,000, d=784, float32, fast (native acc) CPU    2.778s GPU    2.397s  ->     1.16x   max abs Δ = 1.4e-04
  reachable-scale demonstration: N=48,000 float32 (9.22 GB resident)
    VAT front end          N=48,000, float32, 9.22 GB resident CPU    4.399s GPU    1.365s  ->     3.22x   order 0.99992; Prim total CPU 42023.180315 vs GPU 42023.180315 (rel 0.00e+00)
  wrote C:\personal\grad-school\reproduce\outputs\table_3_4_gpu_speedups.md
  wrote C:\personal\grad-school\reproduce\outputs\table_3_4_gpu_speedups.csv
