  [skip] _baseline_anfis unavailable (ModuleNotFoundError); columns ['fit_predict'] -> N/A
  [skip] _baseline_gafis unavailable (ModuleNotFoundError); columns ['fit_predict'] -> N/A
Table 4.1 -- MoG training time & accuracy vs. baselines

Features Ranked by Differentiation Strength:
================================================================================
 1. Water                          - Score: 1.0000
 2. Superplasticizer               - Score: 0.9210
 3. Cement                         - Score: 0.8634
 4. Age                            - Score: 0.6086
 5. CoarseAgg                      - Score: 0.3080
 6. FineAgg                        - Score: 0.2837
 7. FlyAsh                         - Score: 0.1932
 8. Slag                           - Score: 0.1870
================================================================================

Features Ranked by Differentiation Strength:
================================================================================
 1. Water                          - Score: 1.0000
 2. Superplasticizer               - Score: 0.9210
 3. Cement                         - Score: 0.8634
 4. Age                            - Score: 0.6086
 5. CoarseAgg                      - Score: 0.3080
 6. FineAgg                        - Score: 0.2837
 7. FlyAsh                         - Score: 0.1932
 8. Slag                           - Score: 0.1870
================================================================================

Features Ranked by Differentiation Strength:
================================================================================
 1. Water                          - Score: 1.0000
 2. Superplasticizer               - Score: 0.9184
 3. Cement                         - Score: 0.8449
 4. Age                            - Score: 0.5708
 5. CoarseAgg                      - Score: 0.3385
 6. FineAgg                        - Score: 0.2487
 7. Slag                           - Score: 0.1546
 8. FlyAsh                         - Score: 0.1462
================================================================================

Features Ranked by Differentiation Strength:
================================================================================
 1. Water                          - Score: 1.0000
 2. Cement                         - Score: 0.9255
 3. Superplasticizer               - Score: 0.8507
 4. Age                            - Score: 0.6337
 5. CoarseAgg                      - Score: 0.3091
 6. FineAgg                        - Score: 0.2994
 7. FlyAsh                         - Score: 0.1807
 8. Slag                           - Score: 0.1501
================================================================================

Features Ranked by Differentiation Strength:
================================================================================
 1. Water                          - Score: 1.0000
 2. Cement                         - Score: 0.9018
 3. Superplasticizer               - Score: 0.8682
 4. Age                            - Score: 0.6131
 5. CoarseAgg                      - Score: 0.2924
 6. FineAgg                        - Score: 0.2861
 7. FlyAsh                         - Score: 0.1986
 8. Slag                           - Score: 0.1502
================================================================================

Features Ranked by Differentiation Strength:
================================================================================
 1. Water                          - Score: 1.0000
 2. Cement                         - Score: 0.8892
 3. Superplasticizer               - Score: 0.8582
 4. Age                            - Score: 0.5599
 5. CoarseAgg                      - Score: 0.3432
 6. FineAgg                        - Score: 0.2888
 7. FlyAsh                         - Score: 0.1981
 8. Slag                           - Score: 0.1657
================================================================================

Features Ranked by Differentiation Strength:
================================================================================
 1. Water                          - Score: 1.0000
 2. Cement                         - Score: 0.8909
 3. Superplasticizer               - Score: 0.8728
 4. Age                            - Score: 0.5983
 5. CoarseAgg                      - Score: 0.3028
 6. FineAgg                        - Score: 0.2756
 7. FlyAsh                         - Score: 0.1825
 8. Slag                           - Score: 0.1592
================================================================================

Features Ranked by Differentiation Strength:
================================================================================
 1. Water                          - Score: 1.0000
 2. Superplasticizer               - Score: 0.8949
 3. Cement                         - Score: 0.8120
 4. Age                            - Score: 0.5620
 5. CoarseAgg                      - Score: 0.2960
 6. FineAgg                        - Score: 0.2498
 7. FlyAsh                         - Score: 0.1358
 8. Slag                           - Score: 0.1187
================================================================================

Features Ranked by Differentiation Strength:
================================================================================
 1. Water                          - Score: 1.0000
 2. Cement                         - Score: 0.9341
 3. Superplasticizer               - Score: 0.9161
 4. Age                            - Score: 0.6513
 5. FineAgg                        - Score: 0.3506
 6. CoarseAgg                      - Score: 0.3047
 7. Slag                           - Score: 0.1928
 8. FlyAsh                         - Score: 0.1909
================================================================================

Features Ranked by Differentiation Strength:
================================================================================
 1. Water                          - Score: 1.0000
 2. Cement                         - Score: 0.8991
 3. Superplasticizer               - Score: 0.8836
 4. Age                            - Score: 0.6164
 5. CoarseAgg                      - Score: 0.3141
 6. FineAgg                        - Score: 0.3035
 7. FlyAsh                         - Score: 0.1628
 8. Slag                           - Score: 0.1502
================================================================================

Features Ranked by Differentiation Strength:
================================================================================
 1. Water                          - Score: 1.0000
 2. Cement                         - Score: 0.9438
 3. Superplasticizer               - Score: 0.8645
 4. Age                            - Score: 0.7102
 5. CoarseAgg                      - Score: 0.3005
 6. FineAgg                        - Score: 0.2618
 7. FlyAsh                         - Score: 0.2244
 8. Slag                           - Score: 0.1682
================================================================================

Features Ranked by Differentiation Strength:
================================================================================
 1. Water                          - Score: 1.0000
 2. Superplasticizer               - Score: 0.9210
 3. Cement                         - Score: 0.8634
 4. Age                            - Score: 0.6086
 5. CoarseAgg                      - Score: 0.3080
 6. FineAgg                        - Score: 0.2837
 7. FlyAsh                         - Score: 0.1932
 8. Slag                           - Score: 0.1870
================================================================================

Features Ranked by Differentiation Strength:
================================================================================
 1. Water                          - Score: 1.0000
 2. Superplasticizer               - Score: 0.9210
 3. Cement                         - Score: 0.8634
 4. Age                            - Score: 0.6086
 5. CoarseAgg                      - Score: 0.3080
 6. FineAgg                        - Score: 0.2837
 7. FlyAsh                         - Score: 0.1932
 8. Slag                           - Score: 0.1870
================================================================================

Features Ranked by Differentiation Strength:
================================================================================
 1. Water                          - Score: 1.0000
 2. Superplasticizer               - Score: 0.9184
 3. Cement                         - Score: 0.8449
 4. Age                            - Score: 0.5708
 5. CoarseAgg                      - Score: 0.3385
 6. FineAgg                        - Score: 0.2487
 7. Slag                           - Score: 0.1546
 8. FlyAsh                         - Score: 0.1462
================================================================================

Features Ranked by Differentiation Strength:
================================================================================
 1. Water                          - Score: 1.0000
 2. Cement                         - Score: 0.9255
 3. Superplasticizer               - Score: 0.8507
 4. Age                            - Score: 0.6337
 5. CoarseAgg                      - Score: 0.3091
 6. FineAgg                        - Score: 0.2994
 7. FlyAsh                         - Score: 0.1807
 8. Slag                           - Score: 0.1501
================================================================================

Features Ranked by Differentiation Strength:
================================================================================
 1. Water                          - Score: 1.0000
 2. Cement                         - Score: 0.9018
 3. Superplasticizer               - Score: 0.8682
 4. Age                            - Score: 0.6131
 5. CoarseAgg                      - Score: 0.2924
 6. FineAgg                        - Score: 0.2861
 7. FlyAsh                         - Score: 0.1986
 8. Slag                           - Score: 0.1502
================================================================================

Features Ranked by Differentiation Strength:
================================================================================
 1. Water                          - Score: 1.0000
 2. Cement                         - Score: 0.8892
 3. Superplasticizer               - Score: 0.8582
 4. Age                            - Score: 0.5599
 5. CoarseAgg                      - Score: 0.3432
 6. FineAgg                        - Score: 0.2888
 7. FlyAsh                         - Score: 0.1981
 8. Slag                           - Score: 0.1657
================================================================================

Features Ranked by Differentiation Strength:
================================================================================
 1. Water                          - Score: 1.0000
 2. Cement                         - Score: 0.8909
 3. Superplasticizer               - Score: 0.8728
 4. Age                            - Score: 0.5983
 5. CoarseAgg                      - Score: 0.3028
 6. FineAgg                        - Score: 0.2756
 7. FlyAsh                         - Score: 0.1825
 8. Slag                           - Score: 0.1592
================================================================================

Features Ranked by Differentiation Strength:
================================================================================
 1. Water                          - Score: 1.0000
 2. Superplasticizer               - Score: 0.8949
 3. Cement                         - Score: 0.8120
 4. Age                            - Score: 0.5620
 5. CoarseAgg                      - Score: 0.2960
 6. FineAgg                        - Score: 0.2498
 7. FlyAsh                         - Score: 0.1358
 8. Slag                           - Score: 0.1187
================================================================================

Features Ranked by Differentiation Strength:
================================================================================
 1. Water                          - Score: 1.0000
 2. Cement                         - Score: 0.9341
 3. Superplasticizer               - Score: 0.9161
 4. Age                            - Score: 0.6513
 5. FineAgg                        - Score: 0.3506
 6. CoarseAgg                      - Score: 0.3047
 7. Slag                           - Score: 0.1928
 8. FlyAsh                         - Score: 0.1909
================================================================================

Features Ranked by Differentiation Strength:
================================================================================
 1. Water                          - Score: 1.0000
 2. Cement                         - Score: 0.8991
 3. Superplasticizer               - Score: 0.8836
 4. Age                            - Score: 0.6164
 5. CoarseAgg                      - Score: 0.3141
 6. FineAgg                        - Score: 0.3035
 7. FlyAsh                         - Score: 0.1628
 8. Slag                           - Score: 0.1502
================================================================================

Features Ranked by Differentiation Strength:
================================================================================
 1. Water                          - Score: 1.0000
 2. Cement                         - Score: 0.9438
 3. Superplasticizer               - Score: 0.8645
 4. Age                            - Score: 0.7102
 5. CoarseAgg                      - Score: 0.3005
 6. FineAgg                        - Score: 0.2618
 7. FlyAsh                         - Score: 0.2244
 8. Slag                           - Score: 0.1682
================================================================================
  [bikeshare] loaded data\bikeshare-hour.csv: 17379 rows × 14 features

Features Ranked by Differentiation Strength:
================================================================================
 1. registered                     - Score: 1.0000
 2. casual                         - Score: 0.1790
 3. atemp                          - Score: 0.1096
 4. temp                           - Score: 0.1052
 5. hr                             - Score: 0.0947
 6. hum                            - Score: 0.0817
 7. yr                             - Score: 0.0751
 8. mnth                           - Score: 0.0463
 9. season                         - Score: 0.0366
10. weathersit                     - Score: 0.0333
11. windspeed                      - Score: 0.0213
12. workingday                     - Score: 0.0212
13. weekday                        - Score: 0.0182
14. holiday                        - Score: 0.0094
================================================================================

Features Ranked by Differentiation Strength:
================================================================================
 1. registered                     - Score: 1.0000
 2. casual                         - Score: 0.1790
 3. atemp                          - Score: 0.1096
 4. temp                           - Score: 0.1052
 5. hr                             - Score: 0.0947
 6. hum                            - Score: 0.0817
 7. yr                             - Score: 0.0751
 8. mnth                           - Score: 0.0463
 9. season                         - Score: 0.0366
10. weathersit                     - Score: 0.0333
11. windspeed                      - Score: 0.0213
12. workingday                     - Score: 0.0212
13. weekday                        - Score: 0.0182
14. holiday                        - Score: 0.0094
================================================================================

Features Ranked by Differentiation Strength:
================================================================================
 1. registered                     - Score: 1.0000
 2. casual                         - Score: 0.1700
 3. atemp                          - Score: 0.1090
 4. temp                           - Score: 0.1025
 5. hr                             - Score: 0.0907
 6. hum                            - Score: 0.0745
 7. yr                             - Score: 0.0737
 8. mnth                           - Score: 0.0450
 9. season                         - Score: 0.0356
10. weathersit                     - Score: 0.0290
11. workingday                     - Score: 0.0254
12. weekday                        - Score: 0.0220
13. windspeed                      - Score: 0.0180
14. holiday                        - Score: 0.0124
================================================================================

Features Ranked by Differentiation Strength:
================================================================================
 1. registered                     - Score: 1.0000
 2. casual                         - Score: 0.1698
 3. atemp                          - Score: 0.1082
 4. temp                           - Score: 0.1053
 5. hr                             - Score: 0.0913
 6. hum                            - Score: 0.0755
 7. yr                             - Score: 0.0730
 8. mnth                           - Score: 0.0429
 9. season                         - Score: 0.0334
10. weathersit                     - Score: 0.0301
11. workingday                     - Score: 0.0247
12. weekday                        - Score: 0.0200
13. windspeed                      - Score: 0.0182
14. holiday                        - Score: 0.0103
================================================================================

Features Ranked by Differentiation Strength:
================================================================================
 1. registered                     - Score: 1.0000
 2. casual                         - Score: 0.1820
 3. atemp                          - Score: 0.1172
 4. temp                           - Score: 0.1114
 5. hr                             - Score: 0.0959
 6. hum                            - Score: 0.0825
 7. yr                             - Score: 0.0763
 8. mnth                           - Score: 0.0463
 9. season                         - Score: 0.0349
10. weathersit                     - Score: 0.0297
11. workingday                     - Score: 0.0205
12. windspeed                      - Score: 0.0177
13. weekday                        - Score: 0.0176
14. holiday                        - Score: 0.0100
================================================================================

Features Ranked by Differentiation Strength:
================================================================================
 1. registered                     - Score: 1.0000
 2. casual                         - Score: 0.1701
 3. atemp                          - Score: 0.1059
 4. temp                           - Score: 0.1029
 5. hr                             - Score: 0.0912
 6. hum                            - Score: 0.0775
 7. yr                             - Score: 0.0746
 8. mnth                           - Score: 0.0433
 9. season                         - Score: 0.0338
10. weathersit                     - Score: 0.0309
11. workingday                     - Score: 0.0246
12. weekday                        - Score: 0.0205
13. windspeed                      - Score: 0.0183
14. holiday                        - Score: 0.0094
================================================================================

Features Ranked by Differentiation Strength:
================================================================================
 1. registered                     - Score: 1.0000
 2. casual                         - Score: 0.1753
 3. atemp                          - Score: 0.1137
 4. temp                           - Score: 0.1093
 5. hr                             - Score: 0.0940
 6. hum                            - Score: 0.0809
 7. yr                             - Score: 0.0746
 8. mnth                           - Score: 0.0424
 9. season                         - Score: 0.0339
10. weathersit                     - Score: 0.0309
11. workingday                     - Score: 0.0216
12. weekday                        - Score: 0.0194
13. windspeed                      - Score: 0.0180
14. holiday                        - Score: 0.0094
================================================================================

Features Ranked by Differentiation Strength:
================================================================================
 1. registered                     - Score: 1.0000
 2. casual                         - Score: 0.1795
 3. atemp                          - Score: 0.1144
 4. temp                           - Score: 0.1125
 5. hr                             - Score: 0.0941
 6. hum                            - Score: 0.0782
 7. yr                             - Score: 0.0747
 8. mnth                           - Score: 0.0431
 9. season                         - Score: 0.0332
10. weathersit                     - Score: 0.0317
11. workingday                     - Score: 0.0230
12. weekday                        - Score: 0.0195
13. windspeed                      - Score: 0.0180
14. holiday                        - Score: 0.0095
================================================================================

Features Ranked by Differentiation Strength:
================================================================================
 1. registered                     - Score: 1.0000
 2. casual                         - Score: 0.1718
 3. atemp                          - Score: 0.1068
 4. temp                           - Score: 0.1068
 5. hr                             - Score: 0.0922
 6. hum                            - Score: 0.0751
 7. yr                             - Score: 0.0738
 8. mnth                           - Score: 0.0491
 9. season                         - Score: 0.0396
10. weathersit                     - Score: 0.0249
11. workingday                     - Score: 0.0248
12. weekday                        - Score: 0.0202
13. windspeed                      - Score: 0.0182
14. holiday                        - Score: 0.0105
================================================================================

Features Ranked by Differentiation Strength:
================================================================================
 1. registered                     - Score: 1.0000
 2. casual                         - Score: 0.1772
 3. atemp                          - Score: 0.1094
 4. temp                           - Score: 0.1060
 5. hr                             - Score: 0.0939
 6. hum                            - Score: 0.0806
 7. yr                             - Score: 0.0745
 8. mnth                           - Score: 0.0437
 9. season                         - Score: 0.0338
10. weathersit                     - Score: 0.0279
11. workingday                     - Score: 0.0223
12. weekday                        - Score: 0.0194
13. windspeed                      - Score: 0.0188
14. holiday                        - Score: 0.0095
================================================================================

Features Ranked by Differentiation Strength:
================================================================================
 1. registered                     - Score: 1.0000
 2. casual                         - Score: 0.1752
 3. atemp                          - Score: 0.1114
 4. temp                           - Score: 0.1071
 5. hr                             - Score: 0.0958
 6. hum                            - Score: 0.0793
 7. yr                             - Score: 0.0740
 8. mnth                           - Score: 0.0450
 9. season                         - Score: 0.0352
10. weathersit                     - Score: 0.0321
11. workingday                     - Score: 0.0250
12. windspeed                      - Score: 0.0213
13. weekday                        - Score: 0.0212
14. holiday                        - Score: 0.0093
================================================================================
  [phiusiil] repo loader, data from data\PhiUSIIL_Phishing_URL_Dataset.csv

Features Ranked by Differentiation Strength:
================================================================================
 1. URLCharProb                    - Score: 1.0000
 2. SpacialCharRatioInURL          - Score: 0.2475
 3. DegitRatioInURL                - Score: 0.0768
 4. LetterRatioInURL               - Score: 0.0522
 5. HasSocialNet                   - Score: 0.0493
================================================================================

Features Ranked by Differentiation Strength:
================================================================================
 1. URLCharProb                    - Score: 1.0000
 2. SpacialCharRatioInURL          - Score: 0.2475
 3. DegitRatioInURL                - Score: 0.0768
 4. LetterRatioInURL               - Score: 0.0522
 5. HasSocialNet                   - Score: 0.0493
================================================================================

Features Ranked by Differentiation Strength:
================================================================================
 1. URLCharProb                    - Score: 1.0000
 2. SpacialCharRatioInURL          - Score: 0.2575
 3. DegitRatioInURL                - Score: 0.0784
 4. LetterRatioInURL               - Score: 0.0514
 5. HasSocialNet                   - Score: 0.0498
================================================================================

Features Ranked by Differentiation Strength:
================================================================================
 1. URLCharProb                    - Score: 1.0000
 2. SpacialCharRatioInURL          - Score: 0.2508
 3. DegitRatioInURL                - Score: 0.0773
 4. LetterRatioInURL               - Score: 0.0500
 5. HasSocialNet                   - Score: 0.0483
================================================================================

Features Ranked by Differentiation Strength:
================================================================================
 1. URLCharProb                    - Score: 1.0000
 2. SpacialCharRatioInURL          - Score: 0.2492
 3. DegitRatioInURL                - Score: 0.0758
 4. LetterRatioInURL               - Score: 0.0499
 5. HasSocialNet                   - Score: 0.0491
================================================================================

Features Ranked by Differentiation Strength:
================================================================================
 1. URLCharProb                    - Score: 1.0000
 2. SpacialCharRatioInURL          - Score: 0.2521
 3. DegitRatioInURL                - Score: 0.0769
 4. LetterRatioInURL               - Score: 0.0518
 5. HasSocialNet                   - Score: 0.0497
================================================================================

Features Ranked by Differentiation Strength:
================================================================================
 1. URLCharProb                    - Score: 1.0000
 2. SpacialCharRatioInURL          - Score: 0.2509
 3. DegitRatioInURL                - Score: 0.0785
 4. LetterRatioInURL               - Score: 0.0516
 5. HasSocialNet                   - Score: 0.0499
================================================================================

Features Ranked by Differentiation Strength:
================================================================================
 1. URLCharProb                    - Score: 1.0000
 2. SpacialCharRatioInURL          - Score: 0.2529
 3. DegitRatioInURL                - Score: 0.0768
 4. LetterRatioInURL               - Score: 0.0508
 5. HasSocialNet                   - Score: 0.0491
================================================================================

Features Ranked by Differentiation Strength:
================================================================================
 1. URLCharProb                    - Score: 1.0000
 2. SpacialCharRatioInURL          - Score: 0.2540
 3. DegitRatioInURL                - Score: 0.0761
 4. LetterRatioInURL               - Score: 0.0518
 5. HasSocialNet                   - Score: 0.0496
================================================================================

Features Ranked by Differentiation Strength:
================================================================================
 1. URLCharProb                    - Score: 1.0000
 2. SpacialCharRatioInURL          - Score: 0.2527
 3. DegitRatioInURL                - Score: 0.0776
 4. LetterRatioInURL               - Score: 0.0515
 5. HasSocialNet                   - Score: 0.0494
================================================================================

Features Ranked by Differentiation Strength:
================================================================================
 1. URLCharProb                    - Score: 1.0000
 2. SpacialCharRatioInURL          - Score: 0.2479
 3. DegitRatioInURL                - Score: 0.0763
 4. LetterRatioInURL               - Score: 0.0505
 5. HasSocialNet                   - Score: 0.0484
================================================================================
  [rt-iot2022] loaded data\RT_IOT2022.csv: 123117 rows × 82 features

Features Ranked by Differentiation Strength:
================================================================================
 1. flow_duration                  - Score: 1.0000
 2. fwd_URG_flag_count             - Score: 0.0091
 3. down_up_ratio                  - Score: 0.0041
 4. flow_RST_flag_count            - Score: 0.0032
 5. fwd_PSH_flag_count             - Score: 0.0026
================================================================================

Features Ranked by Differentiation Strength:
================================================================================
 1. flow_duration                  - Score: 1.0000
 2. fwd_URG_flag_count             - Score: 0.0091
 3. down_up_ratio                  - Score: 0.0041
 4. flow_RST_flag_count            - Score: 0.0032
 5. fwd_PSH_flag_count             - Score: 0.0026
================================================================================

Features Ranked by Differentiation Strength:
================================================================================
 1. flow_duration                  - Score: 1.0000
 2. fwd_URG_flag_count             - Score: 0.0079
 3. down_up_ratio                  - Score: 0.0057
 4. flow_RST_flag_count            - Score: 0.0043
 5. flow_SYN_flag_count            - Score: 0.0024
================================================================================

Features Ranked by Differentiation Strength:
================================================================================
 1. flow_duration                  - Score: 1.0000
 2. fwd_URG_flag_count             - Score: 0.0012
 3. down_up_ratio                  - Score: 0.0011
 4. flow_RST_flag_count            - Score: 0.0008
 5. flow_SYN_flag_count            - Score: 0.0006
================================================================================

Features Ranked by Differentiation Strength:
================================================================================
 1. flow_duration                  - Score: 1.0000
 2. fwd_URG_flag_count             - Score: 0.0078
 3. down_up_ratio                  - Score: 0.0047
 4. flow_RST_flag_count            - Score: 0.0035
 5. fwd_PSH_flag_count             - Score: 0.0025
================================================================================

Features Ranked by Differentiation Strength:
================================================================================
 1. flow_duration                  - Score: 1.0000
 2. fwd_URG_flag_count             - Score: 0.0070
 3. down_up_ratio                  - Score: 0.0049
 4. flow_RST_flag_count            - Score: 0.0036
 5. flow_SYN_flag_count            - Score: 0.0026
================================================================================

Features Ranked by Differentiation Strength:
================================================================================
 1. flow_duration                  - Score: 1.0000
 2. fwd_URG_flag_count             - Score: 0.0082
 3. down_up_ratio                  - Score: 0.0047
 4. flow_RST_flag_count            - Score: 0.0036
 5. flow_SYN_flag_count            - Score: 0.0028
================================================================================

Features Ranked by Differentiation Strength:
================================================================================
 1. flow_duration                  - Score: 1.0000
 2. fwd_URG_flag_count             - Score: 0.0096
 3. down_up_ratio                  - Score: 0.0046
 4. flow_FIN_flag_count            - Score: 0.0035
 5. flow_RST_flag_count            - Score: 0.0034
================================================================================

Features Ranked by Differentiation Strength:
================================================================================
 1. flow_duration                  - Score: 1.0000
 2. fwd_URG_flag_count             - Score: 0.0095
 3. down_up_ratio                  - Score: 0.0048
 4. flow_FIN_flag_count            - Score: 0.0035
 5. flow_RST_flag_count            - Score: 0.0034
================================================================================

Features Ranked by Differentiation Strength:
================================================================================
 1. flow_duration                  - Score: 1.0000
 2. fwd_URG_flag_count             - Score: 0.0076
 3. flow_RST_flag_count            - Score: 0.0046
 4. down_up_ratio                  - Score: 0.0042
 5. fwd_PSH_flag_count             - Score: 0.0025
================================================================================

Features Ranked by Differentiation Strength:
================================================================================
 1. flow_duration                  - Score: 1.0000
 2. fwd_URG_flag_count             - Score: 0.0066
 3. down_up_ratio                  - Score: 0.0046
 4. flow_RST_flag_count            - Score: 0.0041
 5. flow_SYN_flag_count            - Score: 0.0027
================================================================================
  wrote C:\personal\grad-school\reproduce\outputs\table_4_1.md
  wrote C:\personal\grad-school\reproduce\outputs\table_4_1.csv
