Goal G5b -- does quantile's advantage grow with target skew?
  synthetic: n=800 m=6 buckets=4 order=2nd seeds=[0, 1, 2, 3, 4, 5, 6, 7, 8, 9]

   lambda    skew  uniform R2  quantile R2      Q-U  unif min-n

Features Ranked by Differentiation Strength:
================================================================================
 1. x3                             - Score: 1.0000
 2. x5                             - Score: 0.5402
 3. x4                             - Score: 0.3455
 4. x0                             - Score: 0.1617
 5. x1                             - Score: 0.1074
 6. x2                             - Score: 0.1042
================================================================================

Features Ranked by Differentiation Strength:
================================================================================
 1. x3                             - Score: 1.0000
 2. x5                             - Score: 0.4077
 3. x4                             - Score: 0.2672
 4. x0                             - Score: 0.1238
 5. x1                             - Score: 0.1096
 6. x2                             - Score: 0.0983
================================================================================

Features Ranked by Differentiation Strength:
================================================================================
 1. x4                             - Score: 1.0000
 2. x5                             - Score: 0.6694
 3. x2                             - Score: 0.4605
 4. x1                             - Score: 0.2895
 5. x0                             - Score: 0.1539
 6. x3                             - Score: 0.1252
================================================================================

Features Ranked by Differentiation Strength:
================================================================================
 1. x4                             - Score: 1.0000
 2. x5                             - Score: 0.6814
 3. x2                             - Score: 0.5523
 4. x1                             - Score: 0.2243
 5. x3                             - Score: 0.1681
 6. x0                             - Score: 0.1258
================================================================================

Features Ranked by Differentiation Strength:
================================================================================
 1. x1                             - Score: 1.0000
 2. x3                             - Score: 0.8283
 3. x5                             - Score: 0.6963
 4. x2                             - Score: 0.6415
 5. x4                             - Score: 0.2421
 6. x0                             - Score: 0.1692
================================================================================

Features Ranked by Differentiation Strength:
================================================================================
 1. x1                             - Score: 1.0000
 2. x5                             - Score: 0.8729
 3. x3                             - Score: 0.8151
 4. x2                             - Score: 0.6544
 5. x4                             - Score: 0.3047
 6. x0                             - Score: 0.1597
================================================================================

Features Ranked by Differentiation Strength:
================================================================================
 1. x3                             - Score: 1.0000
 2. x2                             - Score: 0.6923
 3. x0                             - Score: 0.4105
 4. x4                             - Score: 0.2659
 5. x1                             - Score: 0.1700
 6. x5                             - Score: 0.1093
================================================================================

Features Ranked by Differentiation Strength:
================================================================================
 1. x3                             - Score: 1.0000
 2. x2                             - Score: 0.5530
 3. x0                             - Score: 0.4321
 4. x4                             - Score: 0.1911
 5. x1                             - Score: 0.1703
 6. x5                             - Score: 0.0827
================================================================================

Features Ranked by Differentiation Strength:
================================================================================
 1. x5                             - Score: 1.0000
 2. x1                             - Score: 0.9639
 3. x4                             - Score: 0.9045
 4. x0                             - Score: 0.4413
 5. x2                             - Score: 0.4281
 6. x3                             - Score: 0.3259
================================================================================

Features Ranked by Differentiation Strength:
================================================================================
 1. x5                             - Score: 1.0000
 2. x4                             - Score: 0.8999
 3. x1                             - Score: 0.7766
 4. x2                             - Score: 0.3878
 5. x3                             - Score: 0.2981
 6. x0                             - Score: 0.2222
================================================================================

Features Ranked by Differentiation Strength:
================================================================================
 1. x2                             - Score: 1.0000
 2. x1                             - Score: 0.7987
 3. x4                             - Score: 0.7866
 4. x0                             - Score: 0.5100
 5. x5                             - Score: 0.4048
 6. x3                             - Score: 0.3606
================================================================================

Features Ranked by Differentiation Strength:
================================================================================
 1. x2                             - Score: 1.0000
 2. x1                             - Score: 0.8665
 3. x4                             - Score: 0.7355
 4. x0                             - Score: 0.4710
 5. x5                             - Score: 0.4410
 6. x3                             - Score: 0.2674
================================================================================

Features Ranked by Differentiation Strength:
================================================================================
 1. x1                             - Score: 1.0000
 2. x2                             - Score: 0.6544
 3. x4                             - Score: 0.4329
 4. x5                             - Score: 0.2546
 5. x0                             - Score: 0.1516
 6. x3                             - Score: 0.1387
================================================================================

Features Ranked by Differentiation Strength:
================================================================================
 1. x1                             - Score: 1.0000
 2. x2                             - Score: 0.6730
 3. x4                             - Score: 0.3810
 4. x5                             - Score: 0.2368
 5. x3                             - Score: 0.1319
 6. x0                             - Score: 0.0894
================================================================================

Features Ranked by Differentiation Strength:
================================================================================
 1. x1                             - Score: 1.0000
 2. x2                             - Score: 0.9844
 3. x3                             - Score: 0.7573
 4. x5                             - Score: 0.4552
 5. x0                             - Score: 0.4495
 6. x4                             - Score: 0.1216
================================================================================

Features Ranked by Differentiation Strength:
================================================================================
 1. x2                             - Score: 1.0000
 2. x1                             - Score: 0.7709
 3. x3                             - Score: 0.5736
 4. x0                             - Score: 0.5353
 5. x5                             - Score: 0.3902
 6. x4                             - Score: 0.1487
================================================================================

Features Ranked by Differentiation Strength:
================================================================================
 1. x1                             - Score: 1.0000
 2. x0                             - Score: 0.7322
 3. x2                             - Score: 0.5265
 4. x5                             - Score: 0.3904
 5. x3                             - Score: 0.1166
 6. x4                             - Score: 0.0948
================================================================================

Features Ranked by Differentiation Strength:
================================================================================
 1. x1                             - Score: 1.0000
 2. x0                             - Score: 0.7560
 3. x2                             - Score: 0.4775
 4. x5                             - Score: 0.3434
 5. x3                             - Score: 0.1267
 6. x4                             - Score: 0.1137
================================================================================

Features Ranked by Differentiation Strength:
================================================================================
 1. x4                             - Score: 1.0000
 2. x1                             - Score: 0.7709
 3. x3                             - Score: 0.2367
 4. x0                             - Score: 0.1501
 5. x2                             - Score: 0.1089
 6. x5                             - Score: 0.0987
================================================================================

Features Ranked by Differentiation Strength:
================================================================================
 1. x4                             - Score: 1.0000
 2. x1                             - Score: 0.6852
 3. x3                             - Score: 0.1446
 4. x0                             - Score: 0.1043
 5. x5                             - Score: 0.0684
 6. x2                             - Score: 0.0605
================================================================================
     0.01   +0.05       0.913        0.911   -0.001          11

Features Ranked by Differentiation Strength:
================================================================================
 1. x3                             - Score: 1.0000
 2. x5                             - Score: 0.6963
 3. x4                             - Score: 0.4157
 4. x0                             - Score: 0.3910
 5. x2                             - Score: 0.3429
 6. x1                             - Score: 0.3254
================================================================================

Features Ranked by Differentiation Strength:
================================================================================
 1. x3                             - Score: 1.0000
 2. x5                             - Score: 0.4077
 3. x4                             - Score: 0.2672
 4. x0                             - Score: 0.1238
 5. x1                             - Score: 0.1096
 6. x2                             - Score: 0.0983
================================================================================

Features Ranked by Differentiation Strength:
================================================================================
 1. x4                             - Score: 1.0000
 2. x1                             - Score: 0.4373
 3. x5                             - Score: 0.4000
 4. x0                             - Score: 0.3358
 5. x2                             - Score: 0.2419
 6. x3                             - Score: 0.1800
================================================================================

Features Ranked by Differentiation Strength:
================================================================================
 1. x4                             - Score: 1.0000
 2. x5                             - Score: 0.6814
 3. x2                             - Score: 0.5523
 4. x1                             - Score: 0.2243
 5. x3                             - Score: 0.1681
 6. x0                             - Score: 0.1258
================================================================================

Features Ranked by Differentiation Strength:
================================================================================
 1. x4                             - Score: 1.0000
 2. x1                             - Score: 0.8368
 3. x3                             - Score: 0.7436
 4. x2                             - Score: 0.4826
 5. x5                             - Score: 0.4793
 6. x0                             - Score: 0.4068
================================================================================

Features Ranked by Differentiation Strength:
================================================================================
 1. x1                             - Score: 1.0000
 2. x5                             - Score: 0.8729
 3. x3                             - Score: 0.8151
 4. x2                             - Score: 0.6544
 5. x4                             - Score: 0.3047
 6. x0                             - Score: 0.1597
================================================================================

Features Ranked by Differentiation Strength:
================================================================================
 1. x3                             - Score: 1.0000
 2. x2                             - Score: 0.4801
 3. x0                             - Score: 0.3087
 4. x5                             - Score: 0.2065
 5. x4                             - Score: 0.1870
 6. x1                             - Score: 0.1862
================================================================================

Features Ranked by Differentiation Strength:
================================================================================
 1. x3                             - Score: 1.0000
 2. x2                             - Score: 0.5530
 3. x0                             - Score: 0.4321
 4. x4                             - Score: 0.1911
 5. x1                             - Score: 0.1703
 6. x5                             - Score: 0.0827
================================================================================

Features Ranked by Differentiation Strength:
================================================================================
 1. x4                             - Score: 1.0000
 2. x5                             - Score: 0.8250
 3. x1                             - Score: 0.7919
 4. x3                             - Score: 0.7770
 5. x2                             - Score: 0.6803
 6. x0                             - Score: 0.5629
================================================================================

Features Ranked by Differentiation Strength:
================================================================================
 1. x5                             - Score: 1.0000
 2. x4                             - Score: 0.8999
 3. x1                             - Score: 0.7766
 4. x2                             - Score: 0.3878
 5. x3                             - Score: 0.2981
 6. x0                             - Score: 0.2222
================================================================================

Features Ranked by Differentiation Strength:
================================================================================
 1. x1                             - Score: 1.0000
 2. x2                             - Score: 0.9981
 3. x4                             - Score: 0.9276
 4. x0                             - Score: 0.9054
 5. x3                             - Score: 0.6136
 6. x5                             - Score: 0.6131
================================================================================

Features Ranked by Differentiation Strength:
================================================================================
 1. x2                             - Score: 1.0000
 2. x1                             - Score: 0.8665
 3. x4                             - Score: 0.7355
 4. x0                             - Score: 0.4710
 5. x5                             - Score: 0.4410
 6. x3                             - Score: 0.2674
================================================================================

Features Ranked by Differentiation Strength:
================================================================================
 1. x1                             - Score: 1.0000
 2. x2                             - Score: 0.6198
 3. x4                             - Score: 0.5416
 4. x3                             - Score: 0.2554
 5. x5                             - Score: 0.1739
 6. x0                             - Score: 0.1476
================================================================================

Features Ranked by Differentiation Strength:
================================================================================
 1. x1                             - Score: 1.0000
 2. x2                             - Score: 0.6730
 3. x4                             - Score: 0.3810
 4. x5                             - Score: 0.2368
 5. x3                             - Score: 0.1319
 6. x0                             - Score: 0.0894
================================================================================

Features Ranked by Differentiation Strength:
================================================================================
 1. x5                             - Score: 1.0000
 2. x1                             - Score: 0.4389
 3. x2                             - Score: 0.4370
 4. x3                             - Score: 0.3801
 5. x0                             - Score: 0.3767
 6. x4                             - Score: 0.1879
================================================================================

Features Ranked by Differentiation Strength:
================================================================================
 1. x2                             - Score: 1.0000
 2. x1                             - Score: 0.7709
 3. x3                             - Score: 0.5736
 4. x0                             - Score: 0.5353
 5. x5                             - Score: 0.3902
 6. x4                             - Score: 0.1487
================================================================================

Features Ranked by Differentiation Strength:
================================================================================
 1. x1                             - Score: 1.0000
 2. x0                             - Score: 0.9069
 3. x2                             - Score: 0.5967
 4. x5                             - Score: 0.2971
 5. x4                             - Score: 0.2505
 6. x3                             - Score: 0.2403
================================================================================

Features Ranked by Differentiation Strength:
================================================================================
 1. x1                             - Score: 1.0000
 2. x0                             - Score: 0.7560
 3. x2                             - Score: 0.4775
 4. x5                             - Score: 0.3434
 5. x3                             - Score: 0.1267
 6. x4                             - Score: 0.1137
================================================================================

Features Ranked by Differentiation Strength:
================================================================================
 1. x4                             - Score: 1.0000
 2. x1                             - Score: 0.7632
 3. x0                             - Score: 0.4353
 4. x2                             - Score: 0.4352
 5. x5                             - Score: 0.3909
 6. x3                             - Score: 0.3066
================================================================================

Features Ranked by Differentiation Strength:
================================================================================
 1. x4                             - Score: 1.0000
 2. x1                             - Score: 0.6852
 3. x3                             - Score: 0.1446
 4. x0                             - Score: 0.1043
 5. x5                             - Score: 0.0684
 6. x2                             - Score: 0.0605
================================================================================
     0.50   +1.84       0.883        0.876   -0.007           1

Features Ranked by Differentiation Strength:
================================================================================
 1. x3                             - Score: 1.0000
 2. x5                             - Score: 0.8187
 3. x4                             - Score: 0.6174
 4. x2                             - Score: 0.5576
 5. x0                             - Score: 0.5282
 6. x1                             - Score: 0.5138
================================================================================

Features Ranked by Differentiation Strength:
================================================================================
 1. x3                             - Score: 1.0000
 2. x5                             - Score: 0.4077
 3. x4                             - Score: 0.2672
 4. x0                             - Score: 0.1238
 5. x1                             - Score: 0.1096
 6. x2                             - Score: 0.0983
================================================================================

Features Ranked by Differentiation Strength:
================================================================================
 1. x4                             - Score: 1.0000
 2. x5                             - Score: 0.5326
 3. x1                             - Score: 0.5205
 4. x2                             - Score: 0.2810
 5. x3                             - Score: 0.2781
 6. x0                             - Score: 0.1954
================================================================================

Features Ranked by Differentiation Strength:
================================================================================
 1. x4                             - Score: 1.0000
 2. x5                             - Score: 0.6814
 3. x2                             - Score: 0.5523
 4. x1                             - Score: 0.2243
 5. x3                             - Score: 0.1681
 6. x0                             - Score: 0.1258
================================================================================

Features Ranked by Differentiation Strength:
================================================================================
 1. x4                             - Score: 1.0000
 2. x1                             - Score: 0.7615
 3. x3                             - Score: 0.6637
 4. x2                             - Score: 0.3765
 5. x5                             - Score: 0.3578
 6. x0                             - Score: 0.3361
================================================================================

Features Ranked by Differentiation Strength:
================================================================================
 1. x1                             - Score: 1.0000
 2. x5                             - Score: 0.8729
 3. x3                             - Score: 0.8151
 4. x2                             - Score: 0.6544
 5. x4                             - Score: 0.3047
 6. x0                             - Score: 0.1597
================================================================================

Features Ranked by Differentiation Strength:
================================================================================
 1. x3                             - Score: 1.0000
 2. x2                             - Score: 0.4909
 3. x5                             - Score: 0.4598
 4. x4                             - Score: 0.4398
 5. x0                             - Score: 0.3108
 6. x1                             - Score: 0.2150
================================================================================

Features Ranked by Differentiation Strength:
================================================================================
 1. x3                             - Score: 1.0000
 2. x2                             - Score: 0.5530
 3. x0                             - Score: 0.4321
 4. x4                             - Score: 0.1911
 5. x1                             - Score: 0.1703
 6. x5                             - Score: 0.0827
================================================================================

Features Ranked by Differentiation Strength:
================================================================================
 1. x3                             - Score: 1.0000
 2. x4                             - Score: 0.8767
 3. x1                             - Score: 0.7473
 4. x2                             - Score: 0.7324
 5. x5                             - Score: 0.6764
 6. x0                             - Score: 0.6006
================================================================================

Features Ranked by Differentiation Strength:
================================================================================
 1. x5                             - Score: 1.0000
 2. x4                             - Score: 0.8999
 3. x1                             - Score: 0.7766
 4. x2                             - Score: 0.3878
 5. x3                             - Score: 0.2981
 6. x0                             - Score: 0.2222
================================================================================

Features Ranked by Differentiation Strength:
================================================================================
 1. x4                             - Score: 1.0000
 2. x0                             - Score: 0.9762
 3. x2                             - Score: 0.7305
 4. x1                             - Score: 0.6994
 5. x5                             - Score: 0.5009
 6. x3                             - Score: 0.4112
================================================================================

Features Ranked by Differentiation Strength:
================================================================================
 1. x2                             - Score: 1.0000
 2. x1                             - Score: 0.8665
 3. x4                             - Score: 0.7355
 4. x0                             - Score: 0.4710
 5. x5                             - Score: 0.4410
 6. x3                             - Score: 0.2674
================================================================================

Features Ranked by Differentiation Strength:
================================================================================
 1. x1                             - Score: 1.0000
 2. x2                             - Score: 0.7718
 3. x4                             - Score: 0.6534
 4. x3                             - Score: 0.4957
 5. x0                             - Score: 0.2913
 6. x5                             - Score: 0.2363
================================================================================

Features Ranked by Differentiation Strength:
================================================================================
 1. x1                             - Score: 1.0000
 2. x2                             - Score: 0.6730
 3. x4                             - Score: 0.3810
 4. x5                             - Score: 0.2368
 5. x3                             - Score: 0.1319
 6. x0                             - Score: 0.0894
================================================================================

Features Ranked by Differentiation Strength:
================================================================================
 1. x5                             - Score: 1.0000
 2. x1                             - Score: 0.3719
 3. x2                             - Score: 0.3347
 4. x0                             - Score: 0.3085
 5. x3                             - Score: 0.2939
 6. x4                             - Score: 0.1394
================================================================================

Features Ranked by Differentiation Strength:
================================================================================
 1. x2                             - Score: 1.0000
 2. x1                             - Score: 0.7709
 3. x3                             - Score: 0.5736
 4. x0                             - Score: 0.5353
 5. x5                             - Score: 0.3902
 6. x4                             - Score: 0.1487
================================================================================

Features Ranked by Differentiation Strength:
================================================================================
 1. x1                             - Score: 1.0000
 2. x0                             - Score: 0.7950
 3. x5                             - Score: 0.7092
 4. x2                             - Score: 0.6359
 5. x4                             - Score: 0.6043
 6. x3                             - Score: 0.4997
================================================================================

Features Ranked by Differentiation Strength:
================================================================================
 1. x1                             - Score: 1.0000
 2. x0                             - Score: 0.7560
 3. x2                             - Score: 0.4775
 4. x5                             - Score: 0.3434
 5. x3                             - Score: 0.1267
 6. x4                             - Score: 0.1137
================================================================================

Features Ranked by Differentiation Strength:
================================================================================
 1. x3                             - Score: 1.0000
 2. x4                             - Score: 0.9578
 3. x1                             - Score: 0.5081
 4. x2                             - Score: 0.4863
 5. x0                             - Score: 0.3971
 6. x5                             - Score: 0.3596
================================================================================

Features Ranked by Differentiation Strength:
================================================================================
 1. x4                             - Score: 1.0000
 2. x1                             - Score: 0.6852
 3. x3                             - Score: 0.1446
 4. x0                             - Score: 0.1043
 5. x5                             - Score: 0.0684
 6. x2                             - Score: 0.0605
================================================================================
     1.00   +5.32       0.727        0.728   +0.001           0

Features Ranked by Differentiation Strength:
================================================================================
 1. x3                             - Score: 1.0000
 2. x5                             - Score: 0.5745
 3. x2                             - Score: 0.3610
 4. x4                             - Score: 0.3125
 5. x0                             - Score: 0.3121
 6. x1                             - Score: 0.2722
================================================================================

Features Ranked by Differentiation Strength:
================================================================================
 1. x3                             - Score: 1.0000
 2. x5                             - Score: 0.4077
 3. x4                             - Score: 0.2672
 4. x0                             - Score: 0.1238
 5. x1                             - Score: 0.1096
 6. x2                             - Score: 0.0983
================================================================================

Features Ranked by Differentiation Strength:
================================================================================
 1. x4                             - Score: 1.0000
 2. x5                             - Score: 0.8957
 3. x2                             - Score: 0.6780
 4. x1                             - Score: 0.6050
 5. x0                             - Score: 0.4748
 6. x3                             - Score: 0.4619
================================================================================

Features Ranked by Differentiation Strength:
================================================================================
 1. x4                             - Score: 1.0000
 2. x5                             - Score: 0.6814
 3. x2                             - Score: 0.5523
 4. x1                             - Score: 0.2243
 5. x3                             - Score: 0.1681
 6. x0                             - Score: 0.1258
================================================================================

Features Ranked by Differentiation Strength:
================================================================================
 1. x4                             - Score: 1.0000
 2. x5                             - Score: 0.9271
 3. x0                             - Score: 0.8396
 4. x2                             - Score: 0.8273
 5. x1                             - Score: 0.8078
 6. x3                             - Score: 0.7708
================================================================================

Features Ranked by Differentiation Strength:
================================================================================
 1. x1                             - Score: 1.0000
 2. x5                             - Score: 0.8729
 3. x3                             - Score: 0.8151
 4. x2                             - Score: 0.6544
 5. x4                             - Score: 0.3047
 6. x0                             - Score: 0.1597
================================================================================

Features Ranked by Differentiation Strength:
================================================================================
 1. x3                             - Score: 1.0000
 2. x4                             - Score: 0.3980
 3. x2                             - Score: 0.3694
 4. x0                             - Score: 0.2823
 5. x5                             - Score: 0.2503
 6. x1                             - Score: 0.1116
================================================================================

Features Ranked by Differentiation Strength:
================================================================================
 1. x3                             - Score: 1.0000
 2. x2                             - Score: 0.5530
 3. x0                             - Score: 0.4321
 4. x4                             - Score: 0.1911
 5. x1                             - Score: 0.1703
 6. x5                             - Score: 0.0827
================================================================================

Features Ranked by Differentiation Strength:
================================================================================
 1. x4                             - Score: 1.0000
 2. x5                             - Score: 0.8343
 3. x1                             - Score: 0.7971
 4. x3                             - Score: 0.7119
 5. x2                             - Score: 0.6096
 6. x0                             - Score: 0.4269
================================================================================

Features Ranked by Differentiation Strength:
================================================================================
 1. x5                             - Score: 1.0000
 2. x4                             - Score: 0.8999
 3. x1                             - Score: 0.7766
 4. x2                             - Score: 0.3878
 5. x3                             - Score: 0.2981
 6. x0                             - Score: 0.2222
================================================================================

Features Ranked by Differentiation Strength:
================================================================================
 1. x2                             - Score: 1.0000
 2. x1                             - Score: 0.8207
 3. x4                             - Score: 0.7984
 4. x3                             - Score: 0.7393
 5. x0                             - Score: 0.7252
 6. x5                             - Score: 0.6316
================================================================================

Features Ranked by Differentiation Strength:
================================================================================
 1. x2                             - Score: 1.0000
 2. x1                             - Score: 0.8665
 3. x4                             - Score: 0.7355
 4. x0                             - Score: 0.4710
 5. x5                             - Score: 0.4410
 6. x3                             - Score: 0.2674
================================================================================

Features Ranked by Differentiation Strength:
================================================================================
 1. x3                             - Score: 1.0000
 2. x2                             - Score: 0.8338
 3. x1                             - Score: 0.7738
 4. x4                             - Score: 0.6417
 5. x0                             - Score: 0.5907
 6. x5                             - Score: 0.2589
================================================================================

Features Ranked by Differentiation Strength:
================================================================================
 1. x1                             - Score: 1.0000
 2. x2                             - Score: 0.6730
 3. x4                             - Score: 0.3810
 4. x5                             - Score: 0.2368
 5. x3                             - Score: 0.1319
 6. x0                             - Score: 0.0894
================================================================================

Features Ranked by Differentiation Strength:
================================================================================
 1. x3                             - Score: 1.0000
 2. x5                             - Score: 0.0865
 3. x1                             - Score: 0.0463
 4. x0                             - Score: 0.0435
 5. x2                             - Score: 0.0314
 6. x4                             - Score: 0.0125
================================================================================

Features Ranked by Differentiation Strength:
================================================================================
 1. x2                             - Score: 1.0000
 2. x1                             - Score: 0.7709
 3. x3                             - Score: 0.5736
 4. x0                             - Score: 0.5353
 5. x5                             - Score: 0.3902
 6. x4                             - Score: 0.1487
================================================================================

Features Ranked by Differentiation Strength:
================================================================================
 1. x1                             - Score: 1.0000
 2. x0                             - Score: 0.6223
 3. x3                             - Score: 0.5536
 4. x2                             - Score: 0.4058
 5. x4                             - Score: 0.4024
 6. x5                             - Score: 0.3960
================================================================================

Features Ranked by Differentiation Strength:
================================================================================
 1. x1                             - Score: 1.0000
 2. x0                             - Score: 0.7560
 3. x2                             - Score: 0.4775
 4. x5                             - Score: 0.3434
 5. x3                             - Score: 0.1267
 6. x4                             - Score: 0.1137
================================================================================

Features Ranked by Differentiation Strength:
================================================================================
 1. x4                             - Score: 1.0000
 2. x0                             - Score: 0.6016
 3. x1                             - Score: 0.4515
 4. x2                             - Score: 0.4124
 5. x5                             - Score: 0.3371
 6. x3                             - Score: 0.3141
================================================================================

Features Ranked by Differentiation Strength:
================================================================================
 1. x4                             - Score: 1.0000
 2. x1                             - Score: 0.6852
 3. x3                             - Score: 0.1446
 4. x0                             - Score: 0.1043
 5. x5                             - Score: 0.0684
 6. x2                             - Score: 0.0605
================================================================================
     1.50  +10.44       0.371        0.183   -0.188           0

Features Ranked by Differentiation Strength:
================================================================================
 1. x3                             - Score: 1.0000
 2. x5                             - Score: 0.9556
 3. x0                             - Score: 0.6679
 4. x1                             - Score: 0.5406
 5. x4                             - Score: 0.5110
 6. x2                             - Score: 0.4878
================================================================================

Features Ranked by Differentiation Strength:
================================================================================
 1. x3                             - Score: 1.0000
 2. x5                             - Score: 0.4077
 3. x4                             - Score: 0.2672
 4. x0                             - Score: 0.1238
 5. x1                             - Score: 0.1096
 6. x2                             - Score: 0.0983
================================================================================

Features Ranked by Differentiation Strength:
================================================================================
 1. x4                             - Score: 1.0000
 2. x1                             - Score: 0.6072
 3. x5                             - Score: 0.5312
 4. x3                             - Score: 0.3615
 5. x0                             - Score: 0.1590
 6. x2                             - Score: 0.1552
================================================================================

Features Ranked by Differentiation Strength:
================================================================================
 1. x4                             - Score: 1.0000
 2. x5                             - Score: 0.6814
 3. x2                             - Score: 0.5523
 4. x1                             - Score: 0.2243
 5. x3                             - Score: 0.1681
 6. x0                             - Score: 0.1258
================================================================================

Features Ranked by Differentiation Strength:
================================================================================
 1. x4                             - Score: 1.0000
 2. x5                             - Score: 0.9271
 3. x0                             - Score: 0.8396
 4. x2                             - Score: 0.8273
 5. x1                             - Score: 0.8078
 6. x3                             - Score: 0.7708
================================================================================

Features Ranked by Differentiation Strength:
================================================================================
 1. x1                             - Score: 1.0000
 2. x5                             - Score: 0.8729
 3. x3                             - Score: 0.8151
 4. x2                             - Score: 0.6544
 5. x4                             - Score: 0.3047
 6. x0                             - Score: 0.1597
================================================================================

Features Ranked by Differentiation Strength:
================================================================================
 1. x3                             - Score: 1.0000
 2. x2                             - Score: 0.4260
 3. x4                             - Score: 0.4106
 4. x5                             - Score: 0.3547
 5. x0                             - Score: 0.3084
 6. x1                             - Score: 0.2294
================================================================================

Features Ranked by Differentiation Strength:
================================================================================
 1. x3                             - Score: 1.0000
 2. x2                             - Score: 0.5530
 3. x0                             - Score: 0.4321
 4. x4                             - Score: 0.1911
 5. x1                             - Score: 0.1703
 6. x5                             - Score: 0.0827
================================================================================

Features Ranked by Differentiation Strength:
================================================================================
 1. x4                             - Score: 1.0000
 2. x3                             - Score: 0.9555
 3. x1                             - Score: 0.8922
 4. x2                             - Score: 0.7770
 5. x5                             - Score: 0.7397
 6. x0                             - Score: 0.5988
================================================================================

Features Ranked by Differentiation Strength:
================================================================================
 1. x5                             - Score: 1.0000
 2. x4                             - Score: 0.8999
 3. x1                             - Score: 0.7766
 4. x2                             - Score: 0.3878
 5. x3                             - Score: 0.2981
 6. x0                             - Score: 0.2222
================================================================================

Features Ranked by Differentiation Strength:
================================================================================
 1. x4                             - Score: 1.0000
 2. x0                             - Score: 0.9354
 3. x1                             - Score: 0.7518
 4. x2                             - Score: 0.6648
 5. x5                             - Score: 0.5151
 6. x3                             - Score: 0.4185
================================================================================

Features Ranked by Differentiation Strength:
================================================================================
 1. x2                             - Score: 1.0000
 2. x1                             - Score: 0.8665
 3. x4                             - Score: 0.7355
 4. x0                             - Score: 0.4710
 5. x5                             - Score: 0.4410
 6. x3                             - Score: 0.2674
================================================================================

Features Ranked by Differentiation Strength:
================================================================================
 1. x1                             - Score: 1.0000
 2. x3                             - Score: 0.9885
 3. x2                             - Score: 0.8994
 4. x4                             - Score: 0.7588
 5. x0                             - Score: 0.5684
 6. x5                             - Score: 0.3034
================================================================================

Features Ranked by Differentiation Strength:
================================================================================
 1. x1                             - Score: 1.0000
 2. x2                             - Score: 0.6730
 3. x4                             - Score: 0.3810
 4. x5                             - Score: 0.2368
 5. x3                             - Score: 0.1319
 6. x0                             - Score: 0.0894
================================================================================

Features Ranked by Differentiation Strength:
================================================================================
 1. x0                             - Score: 1.0000
 2. x3                             - Score: 0.8768
 3. x2                             - Score: 0.8520
 4. x5                             - Score: 0.8414
 5. x1                             - Score: 0.6523
 6. x4                             - Score: 0.5574
================================================================================

Features Ranked by Differentiation Strength:
================================================================================
 1. x2                             - Score: 1.0000
 2. x1                             - Score: 0.7709
 3. x3                             - Score: 0.5736
 4. x0                             - Score: 0.5353
 5. x5                             - Score: 0.3902
 6. x4                             - Score: 0.1487
================================================================================

Features Ranked by Differentiation Strength:
================================================================================
 1. x1                             - Score: 1.0000
 2. x5                             - Score: 0.7698
 3. x0                             - Score: 0.7481
 4. x4                             - Score: 0.7474
 5. x2                             - Score: 0.7042
 6. x3                             - Score: 0.6079
================================================================================

Features Ranked by Differentiation Strength:
================================================================================
 1. x1                             - Score: 1.0000
 2. x0                             - Score: 0.7560
 3. x2                             - Score: 0.4775
 4. x5                             - Score: 0.3434
 5. x3                             - Score: 0.1267
 6. x4                             - Score: 0.1137
================================================================================

Features Ranked by Differentiation Strength:
================================================================================
 1. x4                             - Score: 1.0000
 2. x1                             - Score: 0.8469
 3. x2                             - Score: 0.8405
 4. x5                             - Score: 0.6430
 5. x0                             - Score: 0.6242
 6. x3                             - Score: 0.6160
================================================================================

Features Ranked by Differentiation Strength:
================================================================================
 1. x4                             - Score: 1.0000
 2. x1                             - Score: 0.6852
 3. x3                             - Score: 0.1446
 4. x0                             - Score: 0.1043
 5. x5                             - Score: 0.0684
 6. x2                             - Score: 0.0605
================================================================================
     2.00  +14.71       0.184       -2.106   -2.290           0

Features Ranked by Differentiation Strength:
================================================================================
 1. x3                             - Score: 1.0000
 2. x5                             - Score: 0.9556
 3. x0                             - Score: 0.6679
 4. x1                             - Score: 0.5406
 5. x4                             - Score: 0.5110
 6. x2                             - Score: 0.4878
================================================================================

Features Ranked by Differentiation Strength:
================================================================================
 1. x3                             - Score: 1.0000
 2. x5                             - Score: 0.4077
 3. x4                             - Score: 0.2672
 4. x0                             - Score: 0.1238
 5. x1                             - Score: 0.1096
 6. x2                             - Score: 0.0983
================================================================================

Features Ranked by Differentiation Strength:
================================================================================
 1. x4                             - Score: 1.0000
 2. x1                             - Score: 0.6320
 3. x0                             - Score: 0.5566
 4. x5                             - Score: 0.3769
 5. x3                             - Score: 0.2645
 6. x2                             - Score: 0.1919
================================================================================

Features Ranked by Differentiation Strength:
================================================================================
 1. x4                             - Score: 1.0000
 2. x5                             - Score: 0.6814
 3. x2                             - Score: 0.5523
 4. x1                             - Score: 0.2243
 5. x3                             - Score: 0.1681
 6. x0                             - Score: 0.1258
================================================================================

Features Ranked by Differentiation Strength:
================================================================================
 1. x4                             - Score: 1.0000
 2. x5                             - Score: 0.9271
 3. x0                             - Score: 0.8396
 4. x2                             - Score: 0.8273
 5. x1                             - Score: 0.8078
 6. x3                             - Score: 0.7708
================================================================================

Features Ranked by Differentiation Strength:
================================================================================
 1. x1                             - Score: 1.0000
 2. x5                             - Score: 0.8729
 3. x3                             - Score: 0.8151
 4. x2                             - Score: 0.6544
 5. x4                             - Score: 0.3047
 6. x0                             - Score: 0.1597
================================================================================

Features Ranked by Differentiation Strength:
================================================================================
 1. x3                             - Score: 1.0000
 2. x5                             - Score: 0.4823
 3. x4                             - Score: 0.4402
 4. x2                             - Score: 0.2827
 5. x0                             - Score: 0.2070
 6. x1                             - Score: 0.0958
================================================================================

Features Ranked by Differentiation Strength:
================================================================================
 1. x3                             - Score: 1.0000
 2. x2                             - Score: 0.5530
 3. x0                             - Score: 0.4321
 4. x4                             - Score: 0.1911
 5. x1                             - Score: 0.1703
 6. x5                             - Score: 0.0827
================================================================================

Features Ranked by Differentiation Strength:
================================================================================
 1. x4                             - Score: 1.0000
 2. x3                             - Score: 0.8007
 3. x1                             - Score: 0.7212
 4. x5                             - Score: 0.7099
 5. x2                             - Score: 0.6916
 6. x0                             - Score: 0.5185
================================================================================

Features Ranked by Differentiation Strength:
================================================================================
 1. x5                             - Score: 1.0000
 2. x4                             - Score: 0.8999
 3. x1                             - Score: 0.7766
 4. x2                             - Score: 0.3878
 5. x3                             - Score: 0.2981
 6. x0                             - Score: 0.2222
================================================================================

Features Ranked by Differentiation Strength:
================================================================================
 1. x0                             - Score: 1.0000
 2. x4                             - Score: 0.9500
 3. x1                             - Score: 0.8604
 4. x3                             - Score: 0.8026
 5. x2                             - Score: 0.6218
 6. x5                             - Score: 0.5280
================================================================================

Features Ranked by Differentiation Strength:
================================================================================
 1. x2                             - Score: 1.0000
 2. x1                             - Score: 0.8665
 3. x4                             - Score: 0.7355
 4. x0                             - Score: 0.4710
 5. x5                             - Score: 0.4410
 6. x3                             - Score: 0.2674
================================================================================

Features Ranked by Differentiation Strength:
================================================================================
 1. x4                             - Score: 1.0000
 2. x2                             - Score: 0.9861
 3. x3                             - Score: 0.4536
 4. x0                             - Score: 0.3594
 5. x1                             - Score: 0.3316
 6. x5                             - Score: 0.0973
================================================================================

Features Ranked by Differentiation Strength:
================================================================================
 1. x1                             - Score: 1.0000
 2. x2                             - Score: 0.6730
 3. x4                             - Score: 0.3810
 4. x5                             - Score: 0.2368
 5. x3                             - Score: 0.1319
 6. x0                             - Score: 0.0894
================================================================================

Features Ranked by Differentiation Strength:
================================================================================
 1. x0                             - Score: 1.0000
 2. x3                             - Score: 0.8768
 3. x2                             - Score: 0.8520
 4. x5                             - Score: 0.8414
 5. x1                             - Score: 0.6523
 6. x4                             - Score: 0.5574
================================================================================

Features Ranked by Differentiation Strength:
================================================================================
 1. x2                             - Score: 1.0000
 2. x1                             - Score: 0.7709
 3. x3                             - Score: 0.5736
 4. x0                             - Score: 0.5353
 5. x5                             - Score: 0.3902
 6. x4                             - Score: 0.1487
================================================================================

Features Ranked by Differentiation Strength:
================================================================================
 1. x1                             - Score: 1.0000
 2. x5                             - Score: 0.8687
 3. x0                             - Score: 0.8220
 4. x2                             - Score: 0.7431
 5. x4                             - Score: 0.6612
 6. x3                             - Score: 0.6387
================================================================================

Features Ranked by Differentiation Strength:
================================================================================
 1. x1                             - Score: 1.0000
 2. x0                             - Score: 0.7560
 3. x2                             - Score: 0.4775
 4. x5                             - Score: 0.3434
 5. x3                             - Score: 0.1267
 6. x4                             - Score: 0.1137
================================================================================

Features Ranked by Differentiation Strength:
================================================================================
 1. x4                             - Score: 1.0000
 2. x1                             - Score: 0.8052
 3. x2                             - Score: 0.7659
 4. x0                             - Score: 0.6144
 5. x3                             - Score: 0.5937
 6. x5                             - Score: 0.5726
================================================================================

Features Ranked by Differentiation Strength:
================================================================================
 1. x4                             - Score: 1.0000
 2. x1                             - Score: 0.6852
 3. x3                             - Score: 0.1446
 4. x0                             - Score: 0.1043
 5. x5                             - Score: 0.0684
 6. x2                             - Score: 0.0605
================================================================================
     2.50  +17.71       0.025      -12.562  -12.587           0
  wrote C:\personal\grad-school\reproduce\outputs\table_g5b_skew_sweep.md
  wrote C:\personal\grad-school\reproduce\outputs\table_g5b_skew_sweep.csv
